
Warning: Failed loading Zend extension 'xdebug' (tried: C:\php\ext\xdebug (The specified module could not be found), C:\php\ext\php_xdebug.dll (The specified module could not be found)) in Unknown on line 0
{"tool":"phpunit","result":"failed","tests":284,"passed":195,"assertions":448,"duration_ms":12840,"failed":69,"failures":[{"test":"Tests\\Unit\\EscrowServiceTest::test_hold_payment_updates_status","file":"F:\\EasyRyde\\backend\\tests\\Unit\\EscrowServiceTest.php","line":14,"message":"Failed asserting that null is not null."},{"test":"Tests\\Unit\\FoodDeliveryServiceTest::test_create_order_fails_below_minimum","file":"F:\\EasyRyde\\backend\\tests\\Unit\\FoodDeliveryServiceTest.php","line":99,"message":"Failed asserting that exception of type \"RuntimeException\" is thrown."},{"test":"Tests\\Feature\\AdminTest::test_admin_can_approve_driver","file":"F:\\EasyRyde\\backend\\tests\\Feature\\AdminTest.php","line":79,"message":"Expected response status code [200] but received 422.\nFailed asserting that 422 is identical to 200."},{"test":"Tests\\Feature\\AdminTest::test_admin_can_update_settings","file":"F:\\EasyRyde\\backend\\tests\\Feature\\AdminTest.php","line":109,"message":"Expected response status code [200] but received 422.\nFailed asserting that 422 is identical to 200.\r\n\r\nThe following errors occurred during the last request:\n\n{\n    \"message\": \"The key field is required. (and 1 more error)\",\n    \"errors\": {\n        \"key\": [\n            \"The key field is required.\"\n        ],\n        \"value\": [\n            \"The value field is required.\"\n        ]\n    }\n}"},{"test":"Tests\\Feature\\AdminTest::test_admin_can_create_driver","file":"F:\\EasyRyde\\backend\\tests\\Feature\\AdminTest.php","line":136,"message":"Failed asserting that a row in the table [users] matches the attributes {\n    \"email\": \"driver@test.com\",\n    \"is_approved\": true\n}.\n\nFound: [\n    {\n        \"email\": \"eyJpdiI6Imc1TGpVbE9uYzBEdXUraEdBb1R1bkE9PSIsInZhbHVlIjoiaC9pU2V1ODRENHNzeXhjME5sL3lwMzloL2E3T0QvQWVVY3A2Z0VEVmRXcz0iLCJtYWMiOiI5MmQyZjI1NzFiZjA5NmVmODI4YTcwZjIxMjhmODI1ODFlMmRjMWFiODMwYjRlZjBiM2VlYWEyOGJmNDY0NDhmIiwidGFnIjoiIn0=\",\n        \"is_approved\": 0\n    },\n    {\n        \"email\": \"eyJpdiI6IldaZzcvV0l4YnJPaCthQkxQRE4wcnc9PSIsInZhbHVlIjoiaUxsc3Avc3dxMW1mTGRBejlpRkdUdz09IiwibWFjIjoiOWVlZWI3NWQ4NDE2YzY5NmQ1ZmU5ZDYzZTNlOGY2NTkxMWNmYTgwMTYyNzljMTNjY2YxY2IwMmRlZGE5Yzg2ZiIsInRhZyI6IiJ9\",\n        \"is_approved\": 0\n    }\n]."},{"test":"Tests\\Feature\\AuthTest::test_user_can_register","file":"F:\\EasyRyde\\backend\\tests\\Feature\\AuthTest.php","line":21,"message":"Failed asserting that an array has the key 'token'."},{"test":"Tests\\Feature\\AuthTest::test_user_cannot_register_with_existing_email","file":"F:\\EasyRyde\\backend\\tests\\Feature\\AuthTest.php","line":35,"message":"Expected response status code [422] but received 201.\nFailed asserting that 201 is identical to 422."},{"test":"Tests\\Feature\\AuthTest::test_user_can_login","file":"F:\\EasyRyde\\backend\\tests\\Feature\\AuthTest.php","line":50,"message":"Expected response status code [200] but received 422.\nFailed asserting that 422 is identical to 200.\r\n\r\nThe following errors occurred during the last request:\n\n{\n    \"message\": \"The provided credentials are incorrect.\",\n    \"errors\": {\n        \"email\": [\n            \"The provided credentials are incorrect.\"\n        ]\n    }\n}"},{"test":"Tests\\Feature\\AuthTest::test_authenticated_user_can_access_me","file":"F:\\EasyRyde\\backend\\tests\\Feature\\AuthTest.php","line":81,"message":"Failed asserting that null is identical to 'mgleichner@example.com'."},{"test":"Tests\\Feature\\ChatTest::test_rider_can_send_message","file":"F:\\EasyRyde\\backend\\tests\\Feature\\ChatTest.php","line":24,"message":"Expected response status code [201] but received 422.\nFailed asserting that 422 is identical to 201.\r\n\r\nThe following errors occurred during the last request:\n\n{\n    \"message\": \"The given data was invalid.\",\n    \"errors\": {\n        \"ride_id\": [\n            \"The ride id field is required.\"\n        ]\n    }\n}"},{"test":"Tests\\Feature\\ChatTest::test_driver_can_send_message","file":"F:\\EasyRyde\\backend\\tests\\Feature\\ChatTest.php","line":95,"message":"Expected response status code [201] but received 422.\nFailed asserting that 422 is identical to 201.\r\n\r\nThe following errors occurred during the last request:\n\n{\n    \"message\": \"The given data was invalid.\",\n    \"errors\": {\n        \"ride_id\": [\n            \"The ride id field is required.\"\n        ]\n    }\n}"},{"test":"Tests\\Feature\\ChatTest::test_rider_cannot_message_other_ride","file":"F:\\EasyRyde\\backend\\tests\\Feature\\ChatTest.php","line":201,"message":"Expected response status code [403] but received 422.\nFailed asserting that 422 is identical to 403.\r\n\r\nThe following errors occurred during the last request:\n\n{\n    \"message\": \"The given data was invalid.\",\n    \"errors\": {\n        \"ride_id\": [\n            \"The ride id field is required.\"\n        ]\n    }\n}"},{"test":"Tests\\Feature\\ConsentTest::test_user_can_grant_consent","file":"F:\\EasyRyde\\backend\\tests\\Feature\\ConsentTest.php","line":33,"message":"Expected response status code [200] but received 422.\nFailed asserting that 422 is identical to 200.\r\n\r\nThe following errors occurred during the last request:\n\n{\n    \"message\": \"The given data was invalid.\",\n    \"errors\": {\n        \"consent_version\": [\n            \"The consent version field is required.\"\n        ]\n    }\n}"},{"test":"Tests\\Feature\\ConsentTest::test_user_can_revoke_consent","file":"F:\\EasyRyde\\backend\\tests\\Feature\\ConsentTest.php","line":47,"message":"Expected response status code [200] but received 422.\nFailed asserting that 422 is identical to 200.\r\n\r\nThe following errors occurred during the last request:\n\n{\n    \"message\": \"The given data was invalid.\",\n    \"errors\": {\n        \"consent_type\": [\n            \"The selected consent type is invalid.\"\n        ]\n    }\n}"},{"test":"Tests\\Feature\\DeliveryTest::test_rider_can_create_delivery","file":"F:\\EasyRyde\\backend\\tests\\Feature\\DeliveryTest.php","line":23,"message":"Expected response status code [201] but received 422.\nFailed asserting that 422 is identical to 201.\r\n\r\nThe following errors occurred during the last request:\n\n{\n    \"message\": \"The recipient name field is required. (and 5 more errors)\",\n    \"errors\": {\n        \"recipient_name\": [\n            \"The recipient name field is required.\"\n        ],\n        \"recipient_phone\": [\n            \"The recipient phone field is required.\"\n        ],\n        \"pickup_lat\": [\n            \"The pickup lat field is required.\"\n        ],\n        \"pickup_lng\": [\n            \"The pickup lng field is required.\"\n        ],\n        \"dropoff_lat\": [\n            \"The dropoff lat field is required.\"\n        ],\n        \"dropoff_lng\": [\n            \"The dropoff lng field is required.\"\n        ]\n    }\n}"},{"test":"Tests\\Feature\\DriverTest::test_admin_can_approve_driver","file":"F:\\EasyRyde\\backend\\tests\\Feature\\DriverTest.php","line":24,"message":"Expected response status code [200] but received 422.\nFailed asserting that 422 is identical to 200."},{"test":"Tests\\Feature\\DriverTest::test_driver_can_toggle_online","file":"F:\\EasyRyde\\backend\\tests\\Feature\\DriverTest.php","line":56,"message":"Expected response status code [200] but received 422.\nFailed asserting that 422 is identical to 200.\r\n\r\nThe following errors occurred during the last request:\n\n{\n    \"message\": \"The given data was invalid.\",\n    \"errors\": {\n        \"is_online\": [\n            \"The is online field is required.\"\n        ]\n    }\n}"},{"test":"Tests\\Feature\\DriverTest::test_driver_can_get_earnings","file":"F:\\EasyRyde\\backend\\tests\\Feature\\DriverTest.php","line":93,"message":"Failed asserting that an array has the key 'today'."},{"test":"Tests\\Feature\\DriverTest::test_driver_can_get_nearby_rides","file":"F:\\EasyRyde\\backend\\tests\\Feature\\DriverTest.php","line":130,"message":"Expected response status code [200] but received 500.\nFailed asserting that 500 is identical to 200.\r\n\r\nThe following exception occurred during the last request:\n\nPDOException: SQLSTATE[HY000]: General error: 1 no such function: acos in F:\\EasyRyde\\backend\\vendor\\laravel\\framework\\src\\Illuminate\\Database\\Connection.php:421\nStack trace:\n#0 F:\\EasyRyde\\backend\\vendor\\laravel\\framework\\src\\Illuminate\\Database\\Connection.php(421): PDO->prepare('select * from \"...')\n#1 F:\\EasyRyde\\backend\\vendor\\laravel\\framework\\src\\Illuminate\\Database\\Connection.php(830): Illuminate\\Database\\Connection->{closure:Illuminate\\Database\\Connection::select():412}('select * from \"...', Array)\n#2 F:\\EasyRyde\\backend\\vendor\\laravel\\framework\\src\\Illuminate\\Database\\Connection.php(797): Illuminate\\Database\\Connection->runQueryCallback('select * from \"...', Array, Object(Closure))\n#3 F:\\EasyRyde\\backend\\vendor\\laravel\\framework\\src\\Illuminate\\Database\\Connection.php(412): Illuminate\\Database\\Connection->run('select * from \"...', Array, Object(Closure))\n#4 F:\\EasyRyde\\backend\\vendor\\laravel\\framework\\src\\Illuminate\\Database\\Query\\Builder.php(3567): Illuminate\\Database\\Connection->select('select * from \"...', Array, true, Array)\n#5 F:\\EasyRyde\\backend\\vendor\\laravel\\framework\\src\\Illuminate\\Database\\Query\\Builder.php(3551): Illuminate\\Database\\Query\\Builder->runSelect()\n#6 F:\\EasyRyde\\backend\\vendor\\laravel\\framework\\src\\Illuminate\\Database\\Eloquent\\Builder.php(908): Illuminate\\Database\\Query\\Builder->get(Array)\n#7 F:\\EasyRyde\\backend\\vendor\\laravel\\framework\\src\\Illuminate\\Database\\Eloquent\\Builder.php(890): Illuminate\\Database\\Eloquent\\Builder->getModels(Array)\n#8 F:\\EasyRyde\\backend\\app\\Http\\Controllers\\Api\\V1\\DriverController.php(155): Illuminate\\Database\\Eloquent\\Builder->get()\n#9 F:\\EasyRyde\\backend\\vendor\\laravel\\framework\\src\\Illuminate\\Routing\\ControllerDispatcher.php(46): App\\Http\\Controllers\\Api\\V1\\DriverController->nearbyRides(Object(Illuminate\\Http\\Request))\n#10 F:\\EasyRyde\\backend\\vendor\\laravel\\framework\\src\\Illuminate\\Routing\\Route.php(269): Illuminate\\Routing\\ControllerDispatcher->dispatch(Object(Illuminate\\Routing\\Route), Object(App\\Http\\Controllers\\Api\\V1\\DriverController), 'nearbyRides')\n#11 F:\\EasyRyde\\backend\\vendor\\laravel\\framework\\src\\Illuminate\\Routing\\Route.php(215): Illuminate\\Routing\\Route->runController()\n#12 F:\\EasyRyde\\backend\\vendor\\laravel\\framework\\src\\Illuminate\\Routing\\Router.php(822): Illuminate\\Routing\\Route->run()\n#13 F:\\EasyRyde\\backend\\vendor\\laravel\\framework\\src\\Illuminate\\Pipeline\\Pipeline.php(180): Illuminate\\Routing\\Router->{closure:Illuminate\\Routing\\Router::runRouteWithinStack():821}(Object(Illuminate\\Http\\Request))\n#14 F:\\EasyRyde\\backend\\vendor\\laravel\\framework\\src\\Illuminate\\Routing\\Middleware\\SubstituteBindings.php(52): Illuminate\\Pipeline\\Pipeline->{closure:Illuminate\\Pipeline\\Pipeline::prepareDestination():178}(Object(Illuminate\\Http\\Request))\n#15 F:\\EasyRyde\\backend\\vendor\\laravel\\framework\\src\\Illuminate\\Pipeline\\Pipeline.php(219): Illuminate\\Routing\\Middleware\\SubstituteBindings->handle(Object(Illuminate\\Http\\Request), Object(Closure))\n#16 F:\\EasyRyde\\backend\\vendor\\laravel\\framework\\src\\Illuminate\\Auth\\Middleware\\Authenticate.php(63): Illuminate\\Pipeline\\Pipeline->{closure:{closure:Illuminate\\Pipeline\\Pipeline::carry():194}:195}(Object(Illuminate\\Http\\Request))\n#17 F:\\EasyRyde\\backend\\vendor\\laravel\\framework\\src\\Illuminate\\Pipeline\\Pipeline.php(219): Illuminate\\Auth\\Middleware\\Authenticate->handle(Object(Illuminate\\Http\\Request), Object(Closure), 'sanctum')\n#18 F:\\EasyRyde\\backend\\app\\Http\\Middleware\\ApiRateLimiterMiddleware.php(31): Illuminate\\Pipeline\\Pipeline->{closure:{closure:Illuminate\\Pipeline\\Pipeline::carry():194}:195}(Object(Illuminate\\Http\\Request))\n#19 F:\\EasyRyde\\backend\\vendor\\laravel\\framework\\src\\Illuminate\\Pipeline\\Pipeline.php(219): App\\Http\\Middleware\\ApiRateLimiterMiddleware->handle(Object(Illuminate\\Http\\Request), Object(Closure))\n#20 F:\\EasyRyde\\backend\\app\\Http\\Middleware\\InputSanitizationMiddleware.php(15): Illuminate\\Pipeline\\Pipeline->{closure:{closure:Illuminate\\Pipeline\\Pipeline::carry():194}:195}(Object(Illuminate\\Http\\Request))\n#21 F:\\EasyRyde\\backend\\vendor\\laravel\\framework\\src\\Illuminate\\Pipeline\\Pipeline.php(219): App\\Http\\Middleware\\InputSanitizationMiddleware->handle(Object(Illuminate\\Http\\Request), Object(Closure))\n#22 F:\\EasyRyde\\backend\\app\\Http\\Middleware\\SecurityHeadersMiddleware.php(13): Illuminate\\Pipeline\\Pipeline->{closure:{closure:Illuminate\\Pipeline\\Pipeline::carry():194}:195}(Object(Illuminate\\Http\\Request))\n#23 F:\\EasyRyde\\backend\\vendor\\laravel\\framework\\src\\Illuminate\\Pipeline\\Pipeline.php(219): App\\Http\\Middleware\\SecurityHeadersMiddleware->handle(Object(Illuminate\\Http\\Request), Object(Closure))\n#24 F:\\EasyRyde\\backend\\vendor\\laravel\\sanctum\\src\\Http\\Middleware\\EnsureFrontendRequestsAreStateful.php(26): Illuminate\\Pipeline\\Pipeline->{closure:{closure:Illuminate\\Pipeline\\Pipeline::carry():194}:195}(Object(Illuminate\\Http\\Request))\n#25 F:\\EasyRyde\\backend\\vendor\\laravel\\framework\\src\\Illuminate\\Pipeline\\Pipeline.php(180): Laravel\\Sanctum\\Http\\Middleware\\EnsureFrontendRequestsAreStateful->{closure:Laravel\\Sanctum\\Http\\Middleware\\EnsureFrontendRequestsAreStateful::handle():25}(Object(Illuminate\\Http\\Request))\n#26 F:\\EasyRyde\\backend\\vendor\\laravel\\framework\\src\\Illuminate\\Pipeline\\Pipeline.php(137): Illuminate\\Pipeline\\Pipeline->{closure:Illuminate\\Pipeline\\Pipeline::prepareDestination():178}(Object(Illuminate\\Http\\Request))\n#27 F:\\EasyRyde\\backend\\vendor\\laravel\\sanctum\\src\\Http\\Middleware\\EnsureFrontendRequestsAreStateful.php(25): Illuminate\\Pipeline\\Pipeline->then(Object(Closure))\n#28 F:\\EasyRyde\\backend\\vendor\\laravel\\framework\\src\\Illuminate\\Pipeline\\Pipeline.php(219): Laravel\\Sanctum\\Http\\Middleware\\EnsureFrontendRequestsAreStateful->handle(Object(Illuminate\\Http\\Request), Object(Closure))\n#29 F:\\EasyRyde\\backend\\vendor\\laravel\\framework\\src\\Illuminate\\Pipeline\\Pipeline.php(137): Illuminate\\Pipeline\\Pipeline->{closure:{closure:Illuminate\\Pipeline\\Pipeline::carry():194}:195}(Object(Illuminate\\Http\\Request))\n#30 F:\\EasyRyde\\backend\\vendor\\laravel\\framework\\src\\Illuminate\\Routing\\Router.php(821): Illuminate\\Pipeline\\Pipeline->then(Object(Closure))\n#31 F:\\EasyRyde\\backend\\vendor\\laravel\\framework\\src\\Illuminate\\Routing\\Router.php(800): Illuminate\\Routing\\Router->runRouteWithinStack(Object(Illuminate\\Routing\\Route), Object(Illuminate\\Http\\Request))\n#32 F:\\EasyRyde\\backend\\vendor\\laravel\\framework\\src\\Illuminate\\Routing\\Router.php(764): Illuminate\\Routing\\Router->runRoute(Object(Illuminate\\Http\\Request), Object(Illuminate\\Routing\\Route))\n#33 F:\\EasyRyde\\backend\\vendor\\laravel\\framework\\src\\Illuminate\\Routing\\Router.php(753): Illuminate\\Routing\\Router->dispatchToRoute(Object(Illuminate\\Http\\Request))\n#34 F:\\EasyRyde\\backend\\vendor\\laravel\\framework\\src\\Illuminate\\Foundation\\Http\\Kernel.php(200): Illuminate\\Routing\\Router->dispatch(Object(Illuminate\\Http\\Request))\n#35 F:\\EasyRyde\\backend\\vendor\\laravel\\framework\\src\\Illuminate\\Pipeline\\Pipeline.php(180): Illuminate\\Foundation\\Http\\Kernel->{closure:Illuminate\\Foundation\\Http\\Kernel::dispatchToRouter():197}(Object(Illuminate\\Http\\Request))\n#36 F:\\EasyRyde\\backend\\vendor\\laravel\\framework\\src\\Illuminate\\Foundation\\Http\\Middleware\\TransformsRequest.php(21): Illuminate\\Pipeline\\Pipeline->{closure:Illuminate\\Pipeline\\Pipeline::prepareDestination():178}(Object(Illuminate\\Http\\Request))\n#37 F:\\EasyRyde\\backend\\vendor\\laravel\\framework\\src\\Illuminate\\Foundation\\Http\\Middleware\\ConvertEmptyStringsToNull.php(31): Illuminate\\Foundation\\Http\\Middleware\\TransformsRequest->handle(Object(Illuminate\\Http\\Request), Object(Closure))\n#38 F:\\EasyRyde\\backend\\vendor\\laravel\\framework\\src\\Illuminate\\Pipeline\\Pipeline.php(219): Illuminate\\Foundation\\Http\\Middleware\\ConvertEmptyStringsToNull->handle(Object(Illuminate\\Http\\Request), Object(Closure))\n#39 F:\\EasyRyde\\backend\\vendor\\laravel\\framework\\src\\Illuminate\\Foundation\\Http\\Middleware\\TransformsRequest.php(21): Illuminate\\Pipeline\\Pipeline->{closure:{closure:Illuminate\\Pipeline\\Pipeline::carry():194}:195}(Object(Illuminate\\Http\\Request))\n#40 F:\\EasyRyde\\backend\\vendor\\laravel\\framework\\src\\Illuminate\\Foundation\\Http\\Middleware\\TrimStrings.php(51): Illuminate\\Foundation\\Http\\Middleware\\TransformsRequest->handle(Object(Illuminate\\Http\\Request), Object(Closure))\n#41 F:\\EasyRyde\\backend\\vendor\\laravel\\framework\\src\\Illuminate\\Pipeline\\Pipeline.php(219): Illuminate\\Foundation\\Http\\Middleware\\TrimStrings->handle(Object(Illuminate\\Http\\Request), Object(Closure))\n#42 F:\\EasyRyde\\backend\\vendor\\laravel\\framework\\src\\Illuminate\\Http\\Middleware\\ValidatePostSize.php(27): Illuminate\\Pipeline\\Pipeline->{closure:{closure:Illuminate\\Pipeline\\Pipeline::carry():194}:195}(Object(Illuminate\\Http\\Request))\n#43 F:\\EasyRyde\\backend\\vendor\\laravel\\framework\\src\\Illuminate\\Pipeline\\Pipeline.php(219): Illuminate\\Http\\Middleware\\ValidatePostSize->handle(Object(Illuminate\\Http\\Request), Object(Closure))\n#44 F:\\EasyRyde\\backend\\vendor\\laravel\\framework\\src\\Illuminate\\Foundation\\Http\\Middleware\\PreventRequestsDuringMaintenance.php(109): Illuminate\\Pipeline\\Pipeline->{closure:{closure:Illuminate\\Pipeline\\Pipeline::carry():194}:195}(Object(Illuminate\\Http\\Request))\n#45 F:\\EasyRyde\\backend\\vendor\\laravel\\framework\\src\\Illuminate\\Pipeline\\Pipeline.php(219): Illuminate\\Foundation\\Http\\Middleware\\PreventRequestsDuringMaintenance->handle(Object(Illuminate\\Http\\Request), Object(Closure))\n#46 F:\\EasyRyde\\backend\\vendor\\laravel\\framework\\src\\Illuminate\\Http\\Middleware\\HandleCors.php(74): Illuminate\\Pipeline\\Pipeline->{closure:{closure:Illuminate\\Pipeline\\Pipeline::carry():194}:195}(Object(Illuminate\\Http\\Request))\n#47 F:\\EasyRyde\\backend\\vendor\\laravel\\framework\\src\\Illuminate\\Pipeline\\Pipeline.php(219): Illuminate\\Http\\Middleware\\HandleCors->handle(Object(Illuminate\\Http\\Request), Object(Closure))\n#48 F:\\EasyRyde\\backend\\vendor\\laravel\\framework\\src\\Illuminate\\Http\\Middleware\\TrustProxies.php(58): Illuminate\\Pipeline\\Pipeline->{closure:{closure:Illuminate\\Pipeline\\Pipeline::carry():194}:195}(Object(Illuminate\\Http\\Request))\n#49 F:\\EasyRyde\\backend\\vendor\\laravel\\framework\\src\\Illuminate\\Pipeline\\Pipeline.php(219): Illuminate\\Http\\Middleware\\TrustProxies->handle(Object(Illuminate\\Http\\Request), Object(Closure))\n#50 F:\\EasyRyde\\backend\\vendor\\laravel\\framework\\src\\Illuminate\\Foundation\\Http\\Middleware\\InvokeDeferredCallbacks.php(22): Illuminate\\Pipeline\\Pipeline->{closure:{closure:Illuminate\\Pipeline\\Pipeline::carry():194}:195}(Object(Illuminate\\Http\\Request))\n#51 F:\\EasyRyde\\backend\\vendor\\laravel\\framework\\src\\Illuminate\\Pipeline\\Pipeline.php(219): Illuminate\\Foundation\\Http\\Middleware\\InvokeDeferredCallbacks->handle(Object(Illuminate\\Http\\Request), Object(Closure))\n#52 F:\\EasyRyde\\backend\\vendor\\laravel\\framework\\src\\Illuminate\\Http\\Middleware\\ValidatePathEncoding.php(28): Illuminate\\Pipeline\\Pipeline->{closure:{closure:Illuminate\\Pipeline\\Pipeline::carry():194}:195}(Object(Illuminate\\Http\\Request))\n#53 F:\\EasyRyde\\backend\\vendor\\laravel\\framework\\src\\Illuminate\\Pipeline\\Pipeline.php(219): Illuminate\\Http\\Middleware\\ValidatePathEncoding->handle(Object(Illuminate\\Http\\Request), Object(Closure))\n#54 F:\\EasyRyde\\backend\\vendor\\laravel\\framework\\src\\Illuminate\\Pipeline\\Pipeline.php(137): Illuminate\\Pipeline\\Pipeline->{closure:{closure:Illuminate\\Pipeline\\Pipeline::carry():194}:195}(Object(Illuminate\\Http\\Request))\n#55 F:\\EasyRyde\\backend\\vendor\\laravel\\framework\\src\\Illuminate\\Foundation\\Http\\Kernel.php(175): Illuminate\\Pipeline\\Pipeline->then(Object(Closure))\n#56 F:\\EasyRyde\\backend\\vendor\\laravel\\framework\\src\\Illuminate\\Foundation\\Http\\Kernel.php(144): Illuminate\\Foundation\\Http\\Kernel->sendRequestThroughRouter(Object(Illuminate\\Http\\Request))\n#57 F:\\EasyRyde\\backend\\vendor\\laravel\\framework\\src\\Illuminate\\Foundation\\Testing\\Concerns\\MakesHttpRequests.php(607): Illuminate\\Foundation\\Http\\Kernel->handle(Object(Illuminate\\Http\\Request))\n#58 F:\\EasyRyde\\backend\\vendor\\laravel\\framework\\src\\Illuminate\\Foundation\\Testing\\Concerns\\MakesHttpRequests.php(573): Illuminate\\Foundation\\Testing\\TestCase->call('GET', '/api/v1/drivers...', Array, Array, Array, Array, '[]')\n#59 F:\\EasyRyde\\backend\\vendor\\laravel\\framework\\src\\Illuminate\\Foundation\\Testing\\Concerns\\MakesHttpRequests.php(381): Illuminate\\Foundation\\Testing\\TestCase->json('GET', '/api/v1/drivers...', Array, Array, 0)\n#60 F:\\EasyRyde\\backend\\tests\\Feature\\DriverTest.php(151): Illuminate\\Foundation\\Testing\\TestCase->getJson('/api/v1/drivers...')\n#61 F:\\EasyRyde\\backend\\vendor\\phpunit\\phpunit\\src\\Framework\\TestCase.php(1318): Tests\\Feature\\DriverTest->test_driver_can_get_nearby_rides()\n#62 F:\\EasyRyde\\backend\\vendor\\phpunit\\phpunit\\src\\Framework\\TestCase.php(1355): PHPUnit\\Framework\\TestCase->invokeTestMethod('test_driver_can...', Array)\n#63 F:\\EasyRyde\\backend\\vendor\\phpunit\\phpunit\\src\\Framework\\TestCase.php(521): PHPUnit\\Framework\\TestCase->runTest()\n#64 F:\\EasyRyde\\backend\\vendor\\phpunit\\phpunit\\src\\Framework\\TestRunner\\TestRunner.php(99): PHPUnit\\Framework\\TestCase->runBare()\n#65 F:\\EasyRyde\\backend\\vendor\\phpunit\\phpunit\\src\\Framework\\TestCase.php(361): PHPUnit\\Framework\\TestRunner->run(Object(Tests\\Feature\\DriverTest))\n#66 F:\\EasyRyde\\backend\\vendor\\phpunit\\phpunit\\src\\Framework\\TestSuite.php(374): PHPUnit\\Framework\\TestCase->run()\n#67 F:\\EasyRyde\\backend\\vendor\\phpunit\\phpunit\\src\\Framework\\TestSuite.php(374): PHPUnit\\Framework\\TestSuite->run()\n#68 F:\\EasyRyde\\backend\\vendor\\phpunit\\phpunit\\src\\Framework\\TestSuite.php(374): PHPUnit\\Framework\\TestSuite->run()\n#69 F:\\EasyRyde\\backend\\vendor\\phpunit\\phpunit\\src\\TextUI\\TestRunner.php(64): PHPUnit\\Framework\\TestSuite->run()\n#70 F:\\EasyRyde\\backend\\vendor\\phpunit\\phpunit\\src\\TextUI\\Application.php(229): PHPUnit\\TextUI\\TestRunner->run(Object(PHPUnit\\TextUI\\Configuration\\Configuration), Object(PHPUnit\\Runner\\ResultCache\\DefaultResultCache), Object(PHPUnit\\Framework\\TestSuite))\n#71 F:\\EasyRyde\\backend\\vendor\\phpunit\\phpunit\\phpunit(104): PHPUnit\\TextUI\\Application->run(Array)\n#72 F:\\EasyRyde\\backend\\vendor\\bin\\phpunit(122): include('F:\\\\EasyRyde\\\\bac...')\n#73 {main}\n\nNext Illuminate\\Database\\QueryException: SQLSTATE[HY000]: General error: 1 no such function: acos (Connection: sqlite, Database: :memory:, SQL: select * from \"rides\" where \"status\" = searching and \"tenant_id\" = 019ed31a-19b2-726d-91c9-7699499c004d and (6371 * acos(cos(radians(-23.9468000)) * cos(radians(pickup_latitude)) * cos(radians(pickup_longitude) - radians(29.4726000)) + sin(radians(-23.9468000)) * sin(radians(pickup_latitude)))) <= 10 order by \"created_at\" desc) in F:\\EasyRyde\\backend\\vendor\\laravel\\framework\\src\\Illuminate\\Database\\Connection.php:841\nStack trace:\n#0 F:\\EasyRyde\\backend\\vendor\\laravel\\framework\\src\\Illuminate\\Database\\Connection.php(797): Illuminate\\Database\\Connection->runQueryCallback('select * from \"...', Array, Object(Closure))\n#1 F:\\EasyRyde\\backend\\vendor\\laravel\\framework\\src\\Illuminate\\Database\\Connection.php(412): Illuminate\\Database\\Connection->run('select * from \"...', Array, Object(Closure))\n#2 F:\\EasyRyde\\backend\\vendor\\laravel\\framework\\src\\Illuminate\\Database\\Query\\Builder.php(3567): Illuminate\\Database\\Connection->select('select * from \"...', Array, true, Array)\n#3 F:\\EasyRyde\\backend\\vendor\\laravel\\framework\\src\\Illuminate\\Database\\Query\\Builder.php(3551): Illuminate\\Database\\Query\\Builder->runSelect()\n#4 F:\\EasyRyde\\backend\\vendor\\laravel\\framework\\src\\Illuminate\\Database\\Eloquent\\Builder.php(908): Illuminate\\Database\\Query\\Builder->get(Array)\n#5 F:\\EasyRyde\\backend\\vendor\\laravel\\framework\\src\\Illuminate\\Database\\Eloquent\\Builder.php(890): Illuminate\\Database\\Eloquent\\Builder->getModels(Array)\n#6 F:\\EasyRyde\\backend\\app\\Http\\Controllers\\Api\\V1\\DriverController.php(155): Illuminate\\Database\\Eloquent\\Builder->get()\n#7 F:\\EasyRyde\\backend\\vendor\\laravel\\framework\\src\\Illuminate\\Routing\\ControllerDispatcher.php(46): App\\Http\\Controllers\\Api\\V1\\DriverController->nearbyRides(Object(Illuminate\\Http\\Request))\n#8 F:\\EasyRyde\\backend\\vendor\\laravel\\framework\\src\\Illuminate\\Routing\\Route.php(269): Illuminate\\Routing\\ControllerDispatcher->dispatch(Object(Illuminate\\Routing\\Route), Object(App\\Http\\Controllers\\Api\\V1\\DriverController), 'nearbyRides')\n#9 F:\\EasyRyde\\backend\\vendor\\laravel\\framework\\src\\Illuminate\\Routing\\Route.php(215): Illuminate\\Routing\\Route->runController()\n#10 F:\\EasyRyde\\backend\\vendor\\laravel\\framework\\src\\Illuminate\\Routing\\Router.php(822): Illuminate\\Routing\\Route->run()\n#11 F:\\EasyRyde\\backend\\vendor\\laravel\\framework\\src\\Illuminate\\Pipeline\\Pipeline.php(180): Illuminate\\Routing\\Router->{closure:Illuminate\\Routing\\Router::runRouteWithinStack():821}(Object(Illuminate\\Http\\Request))\n#12 F:\\EasyRyde\\backend\\vendor\\laravel\\framework\\src\\Illuminate\\Routing\\Middleware\\SubstituteBindings.php(52): Illuminate\\Pipeline\\Pipeline->{closure:Illuminate\\Pipeline\\Pipeline::prepareDestination():178}(Object(Illuminate\\Http\\Request))\n#13 F:\\EasyRyde\\backend\\vendor\\laravel\\framework\\src\\Illuminate\\Pipeline\\Pipeline.php(219): Illuminate\\Routing\\Middleware\\SubstituteBindings->handle(Object(Illuminate\\Http\\Request), Object(Closure))\n#14 F:\\EasyRyde\\backend\\vendor\\laravel\\framework\\src\\Illuminate\\Auth\\Middleware\\Authenticate.php(63): Illuminate\\Pipeline\\Pipeline->{closure:{closure:Illuminate\\Pipeline\\Pipeline::carry():194}:195}(Object(Illuminate\\Http\\Request))\n#15 F:\\EasyRyde\\backend\\vendor\\laravel\\framework\\src\\Illuminate\\Pipeline\\Pipeline.php(219): Illuminate\\Auth\\Middleware\\Authenticate->handle(Object(Illuminate\\Http\\Request), Object(Closure), 'sanctum')\n#16 F:\\EasyRyde\\backend\\app\\Http\\Middleware\\ApiRateLimiterMiddleware.php(31): Illuminate\\Pipeline\\Pipeline->{closure:{closure:Illuminate\\Pipeline\\Pipeline::carry():194}:195}(Object(Illuminate\\Http\\Request))\n#17 F:\\EasyRyde\\backend\\vendor\\laravel\\framework\\src\\Illuminate\\Pipeline\\Pipeline.php(219): App\\Http\\Middleware\\ApiRateLimiterMiddleware->handle(Object(Illuminate\\Http\\Request), Object(Closure))\n#18 F:\\EasyRyde\\backend\\app\\Http\\Middleware\\InputSanitizationMiddleware.php(15): Illuminate\\Pipeline\\Pipeline->{closure:{closure:Illuminate\\Pipeline\\Pipeline::carry():194}:195}(Object(Illuminate\\Http\\Request))\n#19 F:\\EasyRyde\\backend\\vendor\\laravel\\framework\\src\\Illuminate\\Pipeline\\Pipeline.php(219): App\\Http\\Middleware\\InputSanitizationMiddleware->handle(Object(Illuminate\\Http\\Request), Object(Closure))\n#20 F:\\EasyRyde\\backend\\app\\Http\\Middleware\\SecurityHeadersMiddleware.php(13): Illuminate\\Pipeline\\Pipeline->{closure:{closure:Illuminate\\Pipeline\\Pipeline::carry():194}:195}(Object(Illuminate\\Http\\Request))\n#21 F:\\EasyRyde\\backend\\vendor\\laravel\\framework\\src\\Illuminate\\Pipeline\\Pipeline.php(219): App\\Http\\Middleware\\SecurityHeadersMiddleware->handle(Object(Illuminate\\Http\\Request), Object(Closure))\n#22 F:\\EasyRyde\\backend\\vendor\\laravel\\sanctum\\src\\Http\\Middleware\\EnsureFrontendRequestsAreStateful.php(26): Illuminate\\Pipeline\\Pipeline->{closure:{closure:Illuminate\\Pipeline\\Pipeline::carry():194}:195}(Object(Illuminate\\Http\\Request))\n#23 F:\\EasyRyde\\backend\\vendor\\laravel\\framework\\src\\Illuminate\\Pipeline\\Pipeline.php(180): Laravel\\Sanctum\\Http\\Middleware\\EnsureFrontendRequestsAreStateful->{closure:Laravel\\Sanctum\\Http\\Middleware\\EnsureFrontendRequestsAreStateful::handle():25}(Object(Illuminate\\Http\\Request))\n#24 F:\\EasyRyde\\backend\\vendor\\laravel\\framework\\src\\Illuminate\\Pipeline\\Pipeline.php(137): Illuminate\\Pipeline\\Pipeline->{closure:Illuminate\\Pipeline\\Pipeline::prepareDestination():178}(Object(Illuminate\\Http\\Request))\n#25 F:\\EasyRyde\\backend\\vendor\\laravel\\sanctum\\src\\Http\\Middleware\\EnsureFrontendRequestsAreStateful.php(25): Illuminate\\Pipeline\\Pipeline->then(Object(Closure))\n#26 F:\\EasyRyde\\backend\\vendor\\laravel\\framework\\src\\Illuminate\\Pipeline\\Pipeline.php(219): Laravel\\Sanctum\\Http\\Middleware\\EnsureFrontendRequestsAreStateful->handle(Object(Illuminate\\Http\\Request), Object(Closure))\n#27 F:\\EasyRyde\\backend\\vendor\\laravel\\framework\\src\\Illuminate\\Pipeline\\Pipeline.php(137): Illuminate\\Pipeline\\Pipeline->{closure:{closure:Illuminate\\Pipeline\\Pipeline::carry():194}:195}(Object(Illuminate\\Http\\Request))\n#28 F:\\EasyRyde\\backend\\vendor\\laravel\\framework\\src\\Illuminate\\Routing\\Router.php(821): Illuminate\\Pipeline\\Pipeline->then(Object(Closure))\n#29 F:\\EasyRyde\\backend\\vendor\\laravel\\framework\\src\\Illuminate\\Routing\\Router.php(800): Illuminate\\Routing\\Router->runRouteWithinStack(Object(Illuminate\\Routing\\Route), Object(Illuminate\\Http\\Request))\n#30 F:\\EasyRyde\\backend\\vendor\\laravel\\framework\\src\\Illuminate\\Routing\\Router.php(764): Illuminate\\Routing\\Router->runRoute(Object(Illuminate\\Http\\Request), Object(Illuminate\\Routing\\Route))\n#31 F:\\EasyRyde\\backend\\vendor\\laravel\\framework\\src\\Illuminate\\Routing\\Router.php(753): Illuminate\\Routing\\Router->dispatchToRoute(Object(Illuminate\\Http\\Request))\n#32 F:\\EasyRyde\\backend\\vendor\\laravel\\framework\\src\\Illuminate\\Foundation\\Http\\Kernel.php(200): Illuminate\\Routing\\Router->dispatch(Object(Illuminate\\Http\\Request))\n#33 F:\\EasyRyde\\backend\\vendor\\laravel\\framework\\src\\Illuminate\\Pipeline\\Pipeline.php(180): Illuminate\\Foundation\\Http\\Kernel->{closure:Illuminate\\Foundation\\Http\\Kernel::dispatchToRouter():197}(Object(Illuminate\\Http\\Request))\n#34 F:\\EasyRyde\\backend\\vendor\\laravel\\framework\\src\\Illuminate\\Foundation\\Http\\Middleware\\TransformsRequest.php(21): Illuminate\\Pipeline\\Pipeline->{closure:Illuminate\\Pipeline\\Pipeline::prepareDestination():178}(Object(Illuminate\\Http\\Request))\n#35 F:\\EasyRyde\\backend\\vendor\\laravel\\framework\\src\\Illuminate\\Foundation\\Http\\Middleware\\ConvertEmptyStringsToNull.php(31): Illuminate\\Foundation\\Http\\Middleware\\TransformsRequest->handle(Object(Illuminate\\Http\\Request), Object(Closure))\n#36 F:\\EasyRyde\\backend\\vendor\\laravel\\framework\\src\\Illuminate\\Pipeline\\Pipeline.php(219): Illuminate\\Foundation\\Http\\Middleware\\ConvertEmptyStringsToNull->handle(Object(Illuminate\\Http\\Request), Object(Closure))\n#37 F:\\EasyRyde\\backend\\vendor\\laravel\\framework\\src\\Illuminate\\Foundation\\Http\\Middleware\\TransformsRequest.php(21): Illuminate\\Pipeline\\Pipeline->{closure:{closure:Illuminate\\Pipeline\\Pipeline::carry():194}:195}(Object(Illuminate\\Http\\Request))\n#38 F:\\EasyRyde\\backend\\vendor\\laravel\\framework\\src\\Illuminate\\Foundation\\Http\\Middleware\\TrimStrings.php(51): Illuminate\\Foundation\\Http\\Middleware\\TransformsRequest->handle(Object(Illuminate\\Http\\Request), Object(Closure))\n#39 F:\\EasyRyde\\backend\\vendor\\laravel\\framework\\src\\Illuminate\\Pipeline\\Pipeline.php(219): Illuminate\\Foundation\\Http\\Middleware\\TrimStrings->handle(Object(Illuminate\\Http\\Request), Object(Closure))\n#40 F:\\EasyRyde\\backend\\vendor\\laravel\\framework\\src\\Illuminate\\Http\\Middleware\\ValidatePostSize.php(27): Illuminate\\Pipeline\\Pipeline->{closure:{closure:Illuminate\\Pipeline\\Pipeline::carry():194}:195}(Object(Illuminate\\Http\\Request))\n#41 F:\\EasyRyde\\backend\\vendor\\laravel\\framework\\src\\Illuminate\\Pipeline\\Pipeline.php(219): Illuminate\\Http\\Middleware\\ValidatePostSize->handle(Object(Illuminate\\Http\\Request), Object(Closure))\n#42 F:\\EasyRyde\\backend\\vendor\\laravel\\framework\\src\\Illuminate\\Foundation\\Http\\Middleware\\PreventRequestsDuringMaintenance.php(109): Illuminate\\Pipeline\\Pipeline->{closure:{closure:Illuminate\\Pipeline\\Pipeline::carry():194}:195}(Object(Illuminate\\Http\\Request))\n#43 F:\\EasyRyde\\backend\\vendor\\laravel\\framework\\src\\Illuminate\\Pipeline\\Pipeline.php(219): Illuminate\\Foundation\\Http\\Middleware\\PreventRequestsDuringMaintenance->handle(Object(Illuminate\\Http\\Request), Object(Closure))\n#44 F:\\EasyRyde\\backend\\vendor\\laravel\\framework\\src\\Illuminate\\Http\\Middleware\\HandleCors.php(74): Illuminate\\Pipeline\\Pipeline->{closure:{closure:Illuminate\\Pipeline\\Pipeline::carry():194}:195}(Object(Illuminate\\Http\\Request))\n#45 F:\\EasyRyde\\backend\\vendor\\laravel\\framework\\src\\Illuminate\\Pipeline\\Pipeline.php(219): Illuminate\\Http\\Middleware\\HandleCors->handle(Object(Illuminate\\Http\\Request), Object(Closure))\n#46 F:\\EasyRyde\\backend\\vendor\\laravel\\framework\\src\\Illuminate\\Http\\Middleware\\TrustProxies.php(58): Illuminate\\Pipeline\\Pipeline->{closure:{closure:Illuminate\\Pipeline\\Pipeline::carry():194}:195}(Object(Illuminate\\Http\\Request))\n#47 F:\\EasyRyde\\backend\\vendor\\laravel\\framework\\src\\Illuminate\\Pipeline\\Pipeline.php(219): Illuminate\\Http\\Middleware\\TrustProxies->handle(Object(Illuminate\\Http\\Request), Object(Closure))\n#48 F:\\EasyRyde\\backend\\vendor\\laravel\\framework\\src\\Illuminate\\Foundation\\Http\\Middleware\\InvokeDeferredCallbacks.php(22): Illuminate\\Pipeline\\Pipeline->{closure:{closure:Illuminate\\Pipeline\\Pipeline::carry():194}:195}(Object(Illuminate\\Http\\Request))\n#49 F:\\EasyRyde\\backend\\vendor\\laravel\\framework\\src\\Illuminate\\Pipeline\\Pipeline.php(219): Illuminate\\Foundation\\Http\\Middleware\\InvokeDeferredCallbacks->handle(Object(Illuminate\\Http\\Request), Object(Closure))\n#50 F:\\EasyRyde\\backend\\vendor\\laravel\\framework\\src\\Illuminate\\Http\\Middleware\\ValidatePathEncoding.php(28): Illuminate\\Pipeline\\Pipeline->{closure:{closure:Illuminate\\Pipeline\\Pipeline::carry():194}:195}(Object(Illuminate\\Http\\Request))\n#51 F:\\EasyRyde\\backend\\vendor\\laravel\\framework\\src\\Illuminate\\Pipeline\\Pipeline.php(219): Illuminate\\Http\\Middleware\\ValidatePathEncoding->handle(Object(Illuminate\\Http\\Request), Object(Closure))\n#52 F:\\EasyRyde\\backend\\vendor\\laravel\\framework\\src\\Illuminate\\Pipeline\\Pipeline.php(137): Illuminate\\Pipeline\\Pipeline->{closure:{closure:Illuminate\\Pipeline\\Pipeline::carry():194}:195}(Object(Illuminate\\Http\\Request))\n#53 F:\\EasyRyde\\backend\\vendor\\laravel\\framework\\src\\Illuminate\\Foundation\\Http\\Kernel.php(175): Illuminate\\Pipeline\\Pipeline->then(Object(Closure))\n#54 F:\\EasyRyde\\backend\\vendor\\laravel\\framework\\src\\Illuminate\\Foundation\\Http\\Kernel.php(144): Illuminate\\Foundation\\Http\\Kernel->sendRequestThroughRouter(Object(Illuminate\\Http\\Request))\n#55 F:\\EasyRyde\\backend\\vendor\\laravel\\framework\\src\\Illuminate\\Foundation\\Testing\\Concerns\\MakesHttpRequests.php(607): Illuminate\\Foundation\\Http\\Kernel->handle(Object(Illuminate\\Http\\Request))\n#56 F:\\EasyRyde\\backend\\vendor\\laravel\\framework\\src\\Illuminate\\Foundation\\Testing\\Concerns\\MakesHttpRequests.php(573): Illuminate\\Foundation\\Testing\\TestCase->call('GET', '/api/v1/drivers...', Array, Array, Array, Array, '[]')\n#57 F:\\EasyRyde\\backend\\vendor\\laravel\\framework\\src\\Illuminate\\Foundation\\Testing\\Concerns\\MakesHttpRequests.php(381): Illuminate\\Foundation\\Testing\\TestCase->json('GET', '/api/v1/drivers...', Array, Array, 0)\n#58 F:\\EasyRyde\\backend\\tests\\Feature\\DriverTest.php(151): Illuminate\\Foundation\\Testing\\TestCase->getJson('/api/v1/drivers...')\n#59 F:\\EasyRyde\\backend\\vendor\\phpunit\\phpunit\\src\\Framework\\TestCase.php(1318): Tests\\Feature\\DriverTest->test_driver_can_get_nearby_rides()\n#60 F:\\EasyRyde\\backend\\vendor\\phpunit\\phpunit\\src\\Framework\\TestCase.php(1355): PHPUnit\\Framework\\TestCase->invokeTestMethod('test_driver_can...', Array)\n#61 F:\\EasyRyde\\backend\\vendor\\phpunit\\phpunit\\src\\Framework\\TestCase.php(521): PHPUnit\\Framework\\TestCase->runTest()\n#62 F:\\EasyRyde\\backend\\vendor\\phpunit\\phpunit\\src\\Framework\\TestRunner\\TestRunner.php(99): PHPUnit\\Framework\\TestCase->runBare()\n#63 F:\\EasyRyde\\backend\\vendor\\phpunit\\phpunit\\src\\Framework\\TestCase.php(361): PHPUnit\\Framework\\TestRunner->run(Object(Tests\\Feature\\DriverTest))\n#64 F:\\EasyRyde\\backend\\vendor\\phpunit\\phpunit\\src\\Framework\\TestSuite.php(374): PHPUnit\\Framework\\TestCase->run()\n#65 F:\\EasyRyde\\backend\\vendor\\phpunit\\phpunit\\src\\Framework\\TestSuite.php(374): PHPUnit\\Framework\\TestSuite->run()\n#66 F:\\EasyRyde\\backend\\vendor\\phpunit\\phpunit\\src\\Framework\\TestSuite.php(374): PHPUnit\\Framework\\TestSuite->run()\n#67 F:\\EasyRyde\\backend\\vendor\\phpunit\\phpunit\\src\\TextUI\\TestRunner.php(64): PHPUnit\\Framework\\TestSuite->run()\n#68 F:\\EasyRyde\\backend\\vendor\\phpunit\\phpunit\\src\\TextUI\\Application.php(229): PHPUnit\\TextUI\\TestRunner->run(Object(PHPUnit\\TextUI\\Configuration\\Configuration), Object(PHPUnit\\Runner\\ResultCache\\DefaultResultCache), Object(PHPUnit\\Framework\\TestSuite))\n#69 F:\\EasyRyde\\backend\\vendor\\phpunit\\phpunit\\phpunit(104): PHPUnit\\TextUI\\Application->run(Array)\n#70 F:\\EasyRyde\\backend\\vendor\\bin\\phpunit(122): include('F:\\\\EasyRyde\\\\bac...')\n#71 {main}\n\n----------------------------------------------------------------------------------\n\nSQLSTATE[HY000]: General error: 1 no such function: acos (Connection: sqlite, Database: :memory:, SQL: select * from \"rides\" where \"status\" = searching and \"tenant_id\" = 019ed31a-19b2-726d-91c9-7699499c004d and (6371 * acos(cos(radians(-23.9468000)) * cos(radians(pickup_latitude)) * cos(radians(pickup_longitude) - radians(29.4726000)) + sin(radians(-23.9468000)) * sin(radians(pickup_latitude)))) <= 10 order by \"created_at\" desc)"},{"test":"Tests\\Feature\\FoodDeliveryTest::test_list_restaurants","file":"F:\\EasyRyde\\backend\\tests\\Feature\\FoodDeliveryTest.php","line":55,"message":"Failed asserting that an array has the key 'meta'."},{"test":"Tests\\Feature\\FoodDeliveryTest::test_create_food_order","file":"F:\\EasyRyde\\backend\\tests\\Feature\\FoodDeliveryTest.php","line":81,"message":"Expected response status code [201] but received 422.\nFailed asserting that 422 is identical to 201.\r\n\r\nThe following errors occurred during the last request:\n\n{\n    \"message\": \"The given data was invalid.\",\n    \"errors\": {\n        \"restaurant_id\": [\n            \"The restaurant id field is required.\"\n        ],\n        \"delivery_lat\": [\n            \"The delivery lat field is required.\"\n        ],\n        \"delivery_lng\": [\n            \"The delivery lng field is required.\"\n        ]\n    }\n}"},{"test":"Tests\\Feature\\FoodDeliveryTest::test_cancel_order","file":"F:\\EasyRyde\\backend\\tests\\Feature\\FoodDeliveryTest.php","line":190,"message":"Expected response status code [200] but received 422.\nFailed asserting that 422 is identical to 200."},{"test":"Tests\\Feature\\IncidentTest::test_user_can_report_incident","file":"F:\\EasyRyde\\backend\\tests\\Feature\\IncidentTest.php","line":23,"message":"Expected response status code [201] but received 422.\nFailed asserting that 422 is identical to 201.\r\n\r\nThe following errors occurred during the last request:\n\n{\n    \"message\": \"The given data was invalid.\",\n    \"errors\": {\n        \"incident_type\": [\n            \"The selected incident type is invalid.\"\n        ]\n    }\n}"},{"test":"Tests\\Feature\\IncidentTest::test_admin_can_resolve_incident","file":"F:\\EasyRyde\\backend\\tests\\Feature\\IncidentTest.php","line":120,"message":"Expected response status code [200] but received 422.\nFailed asserting that 422 is identical to 200.\r\n\r\nThe following errors occurred during the last request:\n\n{\n    \"message\": \"The given data was invalid.\",\n    \"errors\": {\n        \"status\": [\n            \"The status field is required.\"\n        ]\n    }\n}"},{"test":"Tests\\Feature\\NotificationTest::test_rider_can_get_unread_count","file":"F:\\EasyRyde\\backend\\tests\\Feature\\NotificationTest.php","line":43,"message":"Failed asserting that null is identical to 1."},{"test":"Tests\\Feature\\NotificationTest::test_rider_can_register_push_token","file":"F:\\EasyRyde\\backend\\tests\\Feature\\NotificationTest.php","line":116,"message":"Expected response status code [200] but received 422.\nFailed asserting that 422 is identical to 200.\r\n\r\nThe following errors occurred during the last request:\n\n{\n    \"message\": \"The given data was invalid.\",\n    \"errors\": {\n        \"device_type\": [\n            \"The device type field is required.\"\n        ]\n    }\n}"},{"test":"Tests\\Feature\\NotificationTest::test_rider_can_unregister_push_token","file":"F:\\EasyRyde\\backend\\tests\\Feature\\NotificationTest.php","line":135,"message":"Expected response status code [200] but received 500.\nFailed asserting that 500 is identical to 200.\r\n\r\nThe following exception occurred during the last request:\n\nIlluminate\\Contracts\\Container\\BindingResolutionException: Unresolvable dependency resolving [Parameter #0 [ <required> string $projectId ]] in class App\\Services\\PushNotificationService in F:\\EasyRyde\\backend\\vendor\\laravel\\framework\\src\\Illuminate\\Container\\Container.php:1430\nStack trace:\n#0 F:\\EasyRyde\\backend\\vendor\\laravel\\framework\\src\\Illuminate\\Container\\Container.php(1313): Illuminate\\Container\\Container->unresolvablePrimitive(Object(ReflectionParameter))\n#1 F:\\EasyRyde\\backend\\vendor\\laravel\\framework\\src\\Illuminate\\Container\\Container.php(1239): Illuminate\\Container\\Container->resolvePrimitive(Object(ReflectionParameter))\n#2 F:\\EasyRyde\\backend\\vendor\\laravel\\framework\\src\\Illuminate\\Container\\Container.php(1165): Illuminate\\Container\\Container->resolveDependencies(Array)\n#3 F:\\EasyRyde\\backend\\vendor\\laravel\\framework\\src\\Illuminate\\Container\\Container.php(936): Illuminate\\Container\\Container->build('App\\\\Services\\\\Pu...')\n#4 F:\\EasyRyde\\backend\\vendor\\laravel\\framework\\src\\Illuminate\\Foundation\\Application.php(1078): Illuminate\\Container\\Container->resolve('App\\\\Services\\\\Pu...', Array, true)\n#5 F:\\EasyRyde\\backend\\vendor\\laravel\\framework\\src\\Illuminate\\Container\\Container.php(864): Illuminate\\Foundation\\Application->resolve('App\\\\Services\\\\Pu...', Array)\n#6 F:\\EasyRyde\\backend\\vendor\\laravel\\framework\\src\\Illuminate\\Foundation\\Application.php(1058): Illuminate\\Container\\Container->make('App\\\\Services\\\\Pu...', Array)\n#7 F:\\EasyRyde\\backend\\vendor\\laravel\\framework\\src\\Illuminate\\Foundation\\helpers.php(138): Illuminate\\Foundation\\Application->make('App\\\\Services\\\\Pu...', Array)\n#8 F:\\EasyRyde\\backend\\app\\Http\\Controllers\\Api\\V1\\NotificationController.php(73): app('App\\\\Services\\\\Pu...')\n#9 F:\\EasyRyde\\backend\\vendor\\laravel\\framework\\src\\Illuminate\\Routing\\ControllerDispatcher.php(46): App\\Http\\Controllers\\Api\\V1\\NotificationController->unregisterToken(Object(App\\Http\\Requests\\Api\\V1\\Notification\\UnregisterTokenRequest))\n#10 F:\\EasyRyde\\backend\\vendor\\laravel\\framework\\src\\Illuminate\\Routing\\Route.php(269): Illuminate\\Routing\\ControllerDispatcher->dispatch(Object(Illuminate\\Routing\\Route), Object(App\\Http\\Controllers\\Api\\V1\\NotificationController), 'unregisterToken')\n#11 F:\\EasyRyde\\backend\\vendor\\laravel\\framework\\src\\Illuminate\\Routing\\Route.php(215): Illuminate\\Routing\\Route->runController()\n#12 F:\\EasyRyde\\backend\\vendor\\laravel\\framework\\src\\Illuminate\\Routing\\Router.php(822): Illuminate\\Routing\\Route->run()\n#13 F:\\EasyRyde\\backend\\vendor\\laravel\\framework\\src\\Illuminate\\Pipeline\\Pipeline.php(180): Illuminate\\Routing\\Router->{closure:Illuminate\\Routing\\Router::runRouteWithinStack():821}(Object(Illuminate\\Http\\Request))\n#14 F:\\EasyRyde\\backend\\vendor\\laravel\\framework\\src\\Illuminate\\Routing\\Middleware\\SubstituteBindings.php(52): Illuminate\\Pipeline\\Pipeline->{closure:Illuminate\\Pipeline\\Pipeline::prepareDestination():178}(Object(Illuminate\\Http\\Request))\n#15 F:\\EasyRyde\\backend\\vendor\\laravel\\framework\\src\\Illuminate\\Pipeline\\Pipeline.php(219): Illuminate\\Routing\\Middleware\\SubstituteBindings->handle(Object(Illuminate\\Http\\Request), Object(Closure))\n#16 F:\\EasyRyde\\backend\\vendor\\laravel\\framework\\src\\Illuminate\\Auth\\Middleware\\Authenticate.php(63): Illuminate\\Pipeline\\Pipeline->{closure:{closure:Illuminate\\Pipeline\\Pipeline::carry():194}:195}(Object(Illuminate\\Http\\Request))\n#17 F:\\EasyRyde\\backend\\vendor\\laravel\\framework\\src\\Illuminate\\Pipeline\\Pipeline.php(219): Illuminate\\Auth\\Middleware\\Authenticate->handle(Object(Illuminate\\Http\\Request), Object(Closure), 'sanctum')\n#18 F:\\EasyRyde\\backend\\app\\Http\\Middleware\\ApiRateLimiterMiddleware.php(31): Illuminate\\Pipeline\\Pipeline->{closure:{closure:Illuminate\\Pipeline\\Pipeline::carry():194}:195}(Object(Illuminate\\Http\\Request))\n#19 F:\\EasyRyde\\backend\\vendor\\laravel\\framework\\src\\Illuminate\\Pipeline\\Pipeline.php(219): App\\Http\\Middleware\\ApiRateLimiterMiddleware->handle(Object(Illuminate\\Http\\Request), Object(Closure))\n#20 F:\\EasyRyde\\backend\\app\\Http\\Middleware\\InputSanitizationMiddleware.php(15): Illuminate\\Pipeline\\Pipeline->{closure:{closure:Illuminate\\Pipeline\\Pipeline::carry():194}:195}(Object(Illuminate\\Http\\Request))\n#21 F:\\EasyRyde\\backend\\vendor\\laravel\\framework\\src\\Illuminate\\Pipeline\\Pipeline.php(219): App\\Http\\Middleware\\InputSanitizationMiddleware->handle(Object(Illuminate\\Http\\Request), Object(Closure))\n#22 F:\\EasyRyde\\backend\\app\\Http\\Middleware\\SecurityHeadersMiddleware.php(13): Illuminate\\Pipeline\\Pipeline->{closure:{closure:Illuminate\\Pipeline\\Pipeline::carry():194}:195}(Object(Illuminate\\Http\\Request))\n#23 F:\\EasyRyde\\backend\\vendor\\laravel\\framework\\src\\Illuminate\\Pipeline\\Pipeline.php(219): App\\Http\\Middleware\\SecurityHeadersMiddleware->handle(Object(Illuminate\\Http\\Request), Object(Closure))\n#24 F:\\EasyRyde\\backend\\vendor\\laravel\\sanctum\\src\\Http\\Middleware\\EnsureFrontendRequestsAreStateful.php(26): Illuminate\\Pipeline\\Pipeline->{closure:{closure:Illuminate\\Pipeline\\Pipeline::carry():194}:195}(Object(Illuminate\\Http\\Request))\n#25 F:\\EasyRyde\\backend\\vendor\\laravel\\framework\\src\\Illuminate\\Pipeline\\Pipeline.php(180): Laravel\\Sanctum\\Http\\Middleware\\EnsureFrontendRequestsAreStateful->{closure:Laravel\\Sanctum\\Http\\Middleware\\EnsureFrontendRequestsAreStateful::handle():25}(Object(Illuminate\\Http\\Request))\n#26 F:\\EasyRyde\\backend\\vendor\\laravel\\framework\\src\\Illuminate\\Pipeline\\Pipeline.php(137): Illuminate\\Pipeline\\Pipeline->{closure:Illuminate\\Pipeline\\Pipeline::prepareDestination():178}(Object(Illuminate\\Http\\Request))\n#27 F:\\EasyRyde\\backend\\vendor\\laravel\\sanctum\\src\\Http\\Middleware\\EnsureFrontendRequestsAreStateful.php(25): Illuminate\\Pipeline\\Pipeline->then(Object(Closure))\n#28 F:\\EasyRyde\\backend\\vendor\\laravel\\framework\\src\\Illuminate\\Pipeline\\Pipeline.php(219): Laravel\\Sanctum\\Http\\Middleware\\EnsureFrontendRequestsAreStateful->handle(Object(Illuminate\\Http\\Request), Object(Closure))\n#29 F:\\EasyRyde\\backend\\vendor\\laravel\\framework\\src\\Illuminate\\Pipeline\\Pipeline.php(137): Illuminate\\Pipeline\\Pipeline->{closure:{closure:Illuminate\\Pipeline\\Pipeline::carry():194}:195}(Object(Illuminate\\Http\\Request))\n#30 F:\\EasyRyde\\backend\\vendor\\laravel\\framework\\src\\Illuminate\\Routing\\Router.php(821): Illuminate\\Pipeline\\Pipeline->then(Object(Closure))\n#31 F:\\EasyRyde\\backend\\vendor\\laravel\\framework\\src\\Illuminate\\Routing\\Router.php(800): Illuminate\\Routing\\Router->runRouteWithinStack(Object(Illuminate\\Routing\\Route), Object(Illuminate\\Http\\Request))\n#32 F:\\EasyRyde\\backend\\vendor\\laravel\\framework\\src\\Illuminate\\Routing\\Router.php(764): Illuminate\\Routing\\Router->runRoute(Object(Illuminate\\Http\\Request), Object(Illuminate\\Routing\\Route))\n#33 F:\\EasyRyde\\backend\\vendor\\laravel\\framework\\src\\Illuminate\\Routing\\Router.php(753): Illuminate\\Routing\\Router->dispatchToRoute(Object(Illuminate\\Http\\Request))\n#34 F:\\EasyRyde\\backend\\vendor\\laravel\\framework\\src\\Illuminate\\Foundation\\Http\\Kernel.php(200): Illuminate\\Routing\\Router->dispatch(Object(Illuminate\\Http\\Request))\n#35 F:\\EasyRyde\\backend\\vendor\\laravel\\framework\\src\\Illuminate\\Pipeline\\Pipeline.php(180): Illuminate\\Foundation\\Http\\Kernel->{closure:Illuminate\\Foundation\\Http\\Kernel::dispatchToRouter():197}(Object(Illuminate\\Http\\Request))\n#36 F:\\EasyRyde\\backend\\vendor\\laravel\\framework\\src\\Illuminate\\Foundation\\Http\\Middleware\\TransformsRequest.php(21): Illuminate\\Pipeline\\Pipeline->{closure:Illuminate\\Pipeline\\Pipeline::prepareDestination():178}(Object(Illuminate\\Http\\Request))\n#37 F:\\EasyRyde\\backend\\vendor\\laravel\\framework\\src\\Illuminate\\Foundation\\Http\\Middleware\\ConvertEmptyStringsToNull.php(31): Illuminate\\Foundation\\Http\\Middleware\\TransformsRequest->handle(Object(Illuminate\\Http\\Request), Object(Closure))\n#38 F:\\EasyRyde\\backend\\vendor\\laravel\\framework\\src\\Illuminate\\Pipeline\\Pipeline.php(219): Illuminate\\Foundation\\Http\\Middleware\\ConvertEmptyStringsToNull->handle(Object(Illuminate\\Http\\Request), Object(Closure))\n#39 F:\\EasyRyde\\backend\\vendor\\laravel\\framework\\src\\Illuminate\\Foundation\\Http\\Middleware\\TransformsRequest.php(21): Illuminate\\Pipeline\\Pipeline->{closure:{closure:Illuminate\\Pipeline\\Pipeline::carry():194}:195}(Object(Illuminate\\Http\\Request))\n#40 F:\\EasyRyde\\backend\\vendor\\laravel\\framework\\src\\Illuminate\\Foundation\\Http\\Middleware\\TrimStrings.php(51): Illuminate\\Foundation\\Http\\Middleware\\TransformsRequest->handle(Object(Illuminate\\Http\\Request), Object(Closure))\n#41 F:\\EasyRyde\\backend\\vendor\\laravel\\framework\\src\\Illuminate\\Pipeline\\Pipeline.php(219): Illuminate\\Foundation\\Http\\Middleware\\TrimStrings->handle(Object(Illuminate\\Http\\Request), Object(Closure))\n#42 F:\\EasyRyde\\backend\\vendor\\laravel\\framework\\src\\Illuminate\\Http\\Middleware\\ValidatePostSize.php(27): Illuminate\\Pipeline\\Pipeline->{closure:{closure:Illuminate\\Pipeline\\Pipeline::carry():194}:195}(Object(Illuminate\\Http\\Request))\n#43 F:\\EasyRyde\\backend\\vendor\\laravel\\framework\\src\\Illuminate\\Pipeline\\Pipeline.php(219): Illuminate\\Http\\Middleware\\ValidatePostSize->handle(Object(Illuminate\\Http\\Request), Object(Closure))\n#44 F:\\EasyRyde\\backend\\vendor\\laravel\\framework\\src\\Illuminate\\Foundation\\Http\\Middleware\\PreventRequestsDuringMaintenance.php(109): Illuminate\\Pipeline\\Pipeline->{closure:{closure:Illuminate\\Pipeline\\Pipeline::carry():194}:195}(Object(Illuminate\\Http\\Request))\n#45 F:\\EasyRyde\\backend\\vendor\\laravel\\framework\\src\\Illuminate\\Pipeline\\Pipeline.php(219): Illuminate\\Foundation\\Http\\Middleware\\PreventRequestsDuringMaintenance->handle(Object(Illuminate\\Http\\Request), Object(Closure))\n#46 F:\\EasyRyde\\backend\\vendor\\laravel\\framework\\src\\Illuminate\\Http\\Middleware\\HandleCors.php(74): Illuminate\\Pipeline\\Pipeline->{closure:{closure:Illuminate\\Pipeline\\Pipeline::carry():194}:195}(Object(Illuminate\\Http\\Request))\n#47 F:\\EasyRyde\\backend\\vendor\\laravel\\framework\\src\\Illuminate\\Pipeline\\Pipeline.php(219): Illuminate\\Http\\Middleware\\HandleCors->handle(Object(Illuminate\\Http\\Request), Object(Closure))\n#48 F:\\EasyRyde\\backend\\vendor\\laravel\\framework\\src\\Illuminate\\Http\\Middleware\\TrustProxies.php(58): Illuminate\\Pipeline\\Pipeline->{closure:{closure:Illuminate\\Pipeline\\Pipeline::carry():194}:195}(Object(Illuminate\\Http\\Request))\n#49 F:\\EasyRyde\\backend\\vendor\\laravel\\framework\\src\\Illuminate\\Pipeline\\Pipeline.php(219): Illuminate\\Http\\Middleware\\TrustProxies->handle(Object(Illuminate\\Http\\Request), Object(Closure))\n#50 F:\\EasyRyde\\backend\\vendor\\laravel\\framework\\src\\Illuminate\\Foundation\\Http\\Middleware\\InvokeDeferredCallbacks.php(22): Illuminate\\Pipeline\\Pipeline->{closure:{closure:Illuminate\\Pipeline\\Pipeline::carry():194}:195}(Object(Illuminate\\Http\\Request))\n#51 F:\\EasyRyde\\backend\\vendor\\laravel\\framework\\src\\Illuminate\\Pipeline\\Pipeline.php(219): Illuminate\\Foundation\\Http\\Middleware\\InvokeDeferredCallbacks->handle(Object(Illuminate\\Http\\Request), Object(Closure))\n#52 F:\\EasyRyde\\backend\\vendor\\laravel\\framework\\src\\Illuminate\\Http\\Middleware\\ValidatePathEncoding.php(28): Illuminate\\Pipeline\\Pipeline->{closure:{closure:Illuminate\\Pipeline\\Pipeline::carry():194}:195}(Object(Illuminate\\Http\\Request))\n#53 F:\\EasyRyde\\backend\\vendor\\laravel\\framework\\src\\Illuminate\\Pipeline\\Pipeline.php(219): Illuminate\\Http\\Middleware\\ValidatePathEncoding->handle(Object(Illuminate\\Http\\Request), Object(Closure))\n#54 F:\\EasyRyde\\backend\\vendor\\laravel\\framework\\src\\Illuminate\\Pipeline\\Pipeline.php(137): Illuminate\\Pipeline\\Pipeline->{closure:{closure:Illuminate\\Pipeline\\Pipeline::carry():194}:195}(Object(Illuminate\\Http\\Request))\n#55 F:\\EasyRyde\\backend\\vendor\\laravel\\framework\\src\\Illuminate\\Foundation\\Http\\Kernel.php(175): Illuminate\\Pipeline\\Pipeline->then(Object(Closure))\n#56 F:\\EasyRyde\\backend\\vendor\\laravel\\framework\\src\\Illuminate\\Foundation\\Http\\Kernel.php(144): Illuminate\\Foundation\\Http\\Kernel->sendRequestThroughRouter(Object(Illuminate\\Http\\Request))\n#57 F:\\EasyRyde\\backend\\vendor\\laravel\\framework\\src\\Illuminate\\Foundation\\Testing\\Concerns\\MakesHttpRequests.php(607): Illuminate\\Foundation\\Http\\Kernel->handle(Object(Illuminate\\Http\\Request))\n#58 F:\\EasyRyde\\backend\\vendor\\laravel\\framework\\src\\Illuminate\\Foundation\\Testing\\Concerns\\MakesHttpRequests.php(573): Illuminate\\Foundation\\Testing\\TestCase->call('POST', '/api/v1/notific...', Array, Array, Array, Array, '{\"token\":\"fcm-t...')\n#59 F:\\EasyRyde\\backend\\vendor\\laravel\\framework\\src\\Illuminate\\Foundation\\Testing\\Concerns\\MakesHttpRequests.php(411): Illuminate\\Foundation\\Testing\\TestCase->json('POST', '/api/v1/notific...', Array, Array, 0)\n#60 F:\\EasyRyde\\backend\\tests\\Feature\\NotificationTest.php(147): Illuminate\\Foundation\\Testing\\TestCase->postJson('/api/v1/notific...', Array)\n#61 F:\\EasyRyde\\backend\\vendor\\phpunit\\phpunit\\src\\Framework\\TestCase.php(1318): Tests\\Feature\\NotificationTest->test_rider_can_unregister_push_token()\n#62 F:\\EasyRyde\\backend\\vendor\\phpunit\\phpunit\\src\\Framework\\TestCase.php(1355): PHPUnit\\Framework\\TestCase->invokeTestMethod('test_rider_can_...', Array)\n#63 F:\\EasyRyde\\backend\\vendor\\phpunit\\phpunit\\src\\Framework\\TestCase.php(521): PHPUnit\\Framework\\TestCase->runTest()\n#64 F:\\EasyRyde\\backend\\vendor\\phpunit\\phpunit\\src\\Framework\\TestRunner\\TestRunner.php(99): PHPUnit\\Framework\\TestCase->runBare()\n#65 F:\\EasyRyde\\backend\\vendor\\phpunit\\phpunit\\src\\Framework\\TestCase.php(361): PHPUnit\\Framework\\TestRunner->run(Object(Tests\\Feature\\NotificationTest))\n#66 F:\\EasyRyde\\backend\\vendor\\phpunit\\phpunit\\src\\Framework\\TestSuite.php(374): PHPUnit\\Framework\\TestCase->run()\n#67 F:\\EasyRyde\\backend\\vendor\\phpunit\\phpunit\\src\\Framework\\TestSuite.php(374): PHPUnit\\Framework\\TestSuite->run()\n#68 F:\\EasyRyde\\backend\\vendor\\phpunit\\phpunit\\src\\Framework\\TestSuite.php(374): PHPUnit\\Framework\\TestSuite->run()\n#69 F:\\EasyRyde\\backend\\vendor\\phpunit\\phpunit\\src\\TextUI\\TestRunner.php(64): PHPUnit\\Framework\\TestSuite->run()\n#70 F:\\EasyRyde\\backend\\vendor\\phpunit\\phpunit\\src\\TextUI\\Application.php(229): PHPUnit\\TextUI\\TestRunner->run(Object(PHPUnit\\TextUI\\Configuration\\Configuration), Object(PHPUnit\\Runner\\ResultCache\\DefaultResultCache), Object(PHPUnit\\Framework\\TestSuite))\n#71 F:\\EasyRyde\\backend\\vendor\\phpunit\\phpunit\\phpunit(104): PHPUnit\\TextUI\\Application->run(Array)\n#72 F:\\EasyRyde\\backend\\vendor\\bin\\phpunit(122): include('F:\\\\EasyRyde\\\\bac...')\n#73 {main}\n\n----------------------------------------------------------------------------------\n\nUnresolvable dependency resolving [Parameter #0 [ <required> string $projectId ]] in class App\\Services\\PushNotificationService"},{"test":"Tests\\Feature\\PaymentTest::test_rider_can_pay_with_cash","file":"F:\\EasyRyde\\backend\\tests\\Feature\\PaymentTest.php","line":26,"message":"Expected response status code [201] but received 500.\nFailed asserting that 500 is identical to 201.\r\n\r\nThe following exception occurred during the last request:\n\nError: Class \"Stripe\\StripeClient\" not found in F:\\EasyRyde\\backend\\app\\Services\\StripeService.php:18\nStack trace:\n#0 F:\\EasyRyde\\backend\\vendor\\laravel\\framework\\src\\Illuminate\\Container\\Container.php(1171): App\\Services\\StripeService->__construct()\n#1 F:\\EasyRyde\\backend\\vendor\\laravel\\framework\\src\\Illuminate\\Container\\Container.php(936): Illuminate\\Container\\Container->build('App\\\\Services\\\\St...')\n#2 F:\\EasyRyde\\backend\\vendor\\laravel\\framework\\src\\Illuminate\\Foundation\\Application.php(1078): Illuminate\\Container\\Container->resolve('App\\\\Services\\\\St...', Array, true)\n#3 F:\\EasyRyde\\backend\\vendor\\laravel\\framework\\src\\Illuminate\\Container\\Container.php(864): Illuminate\\Foundation\\Application->resolve('App\\\\Services\\\\St...', Array)\n#4 F:\\EasyRyde\\backend\\vendor\\laravel\\framework\\src\\Illuminate\\Foundation\\Application.php(1058): Illuminate\\Container\\Container->make('App\\\\Services\\\\St...', Array)\n#5 F:\\EasyRyde\\backend\\vendor\\laravel\\framework\\src\\Illuminate\\Container\\Container.php(1339): Illuminate\\Foundation\\Application->make('App\\\\Services\\\\St...')\n#6 F:\\EasyRyde\\backend\\vendor\\laravel\\framework\\src\\Illuminate\\Container\\Container.php(1240): Illuminate\\Container\\Container->resolveClass(Object(ReflectionParameter), 'App\\\\Services\\\\St...')\n#7 F:\\EasyRyde\\backend\\vendor\\laravel\\framework\\src\\Illuminate\\Container\\Container.php(1165): Illuminate\\Container\\Container->resolveDependencies(Array)\n#8 F:\\EasyRyde\\backend\\vendor\\laravel\\framework\\src\\Illuminate\\Container\\Container.php(936): Illuminate\\Container\\Container->build('App\\\\Http\\\\Contro...')\n#9 F:\\EasyRyde\\backend\\vendor\\laravel\\framework\\src\\Illuminate\\Foundation\\Application.php(1078): Illuminate\\Container\\Container->resolve('App\\\\Http\\\\Contro...', Array, true)\n#10 F:\\EasyRyde\\backend\\vendor\\laravel\\framework\\src\\Illuminate\\Container\\Container.php(864): Illuminate\\Foundation\\Application->resolve('App\\\\Http\\\\Contro...', Array)\n#11 F:\\EasyRyde\\backend\\vendor\\laravel\\framework\\src\\Illuminate\\Foundation\\Application.php(1058): Illuminate\\Container\\Container->make('App\\\\Http\\\\Contro...', Array)\n#12 F:\\EasyRyde\\backend\\vendor\\laravel\\framework\\src\\Illuminate\\Routing\\Route.php(290): Illuminate\\Foundation\\Application->make('App\\\\Http\\\\Contro...')\n#13 F:\\EasyRyde\\backend\\vendor\\laravel\\framework\\src\\Illuminate\\Routing\\Route.php(270): Illuminate\\Routing\\Route->getController()\n#14 F:\\EasyRyde\\backend\\vendor\\laravel\\framework\\src\\Illuminate\\Routing\\Route.php(215): Illuminate\\Routing\\Route->runController()\n#15 F:\\EasyRyde\\backend\\vendor\\laravel\\framework\\src\\Illuminate\\Routing\\Router.php(822): Illuminate\\Routing\\Route->run()\n#16 F:\\EasyRyde\\backend\\vendor\\laravel\\framework\\src\\Illuminate\\Pipeline\\Pipeline.php(180): Illuminate\\Routing\\Router->{closure:Illuminate\\Routing\\Router::runRouteWithinStack():821}(Object(Illuminate\\Http\\Request))\n#17 F:\\EasyRyde\\backend\\vendor\\laravel\\framework\\src\\Illuminate\\Routing\\Middleware\\SubstituteBindings.php(52): Illuminate\\Pipeline\\Pipeline->{closure:Illuminate\\Pipeline\\Pipeline::prepareDestination():178}(Object(Illuminate\\Http\\Request))\n#18 F:\\EasyRyde\\backend\\vendor\\laravel\\framework\\src\\Illuminate\\Pipeline\\Pipeline.php(219): Illuminate\\Routing\\Middleware\\SubstituteBindings->handle(Object(Illuminate\\Http\\Request), Object(Closure))\n#19 F:\\EasyRyde\\backend\\vendor\\laravel\\framework\\src\\Illuminate\\Auth\\Middleware\\Authenticate.php(63): Illuminate\\Pipeline\\Pipeline->{closure:{closure:Illuminate\\Pipeline\\Pipeline::carry():194}:195}(Object(Illuminate\\Http\\Request))\n#20 F:\\EasyRyde\\backend\\vendor\\laravel\\framework\\src\\Illuminate\\Pipeline\\Pipeline.php(219): Illuminate\\Auth\\Middleware\\Authenticate->handle(Object(Illuminate\\Http\\Request), Object(Closure), 'sanctum')\n#21 F:\\EasyRyde\\backend\\app\\Http\\Middleware\\ApiRateLimiterMiddleware.php(31): Illuminate\\Pipeline\\Pipeline->{closure:{closure:Illuminate\\Pipeline\\Pipeline::carry():194}:195}(Object(Illuminate\\Http\\Request))\n#22 F:\\EasyRyde\\backend\\vendor\\laravel\\framework\\src\\Illuminate\\Pipeline\\Pipeline.php(219): App\\Http\\Middleware\\ApiRateLimiterMiddleware->handle(Object(Illuminate\\Http\\Request), Object(Closure))\n#23 F:\\EasyRyde\\backend\\app\\Http\\Middleware\\InputSanitizationMiddleware.php(15): Illuminate\\Pipeline\\Pipeline->{closure:{closure:Illuminate\\Pipeline\\Pipeline::carry():194}:195}(Object(Illuminate\\Http\\Request))\n#24 F:\\EasyRyde\\backend\\vendor\\laravel\\framework\\src\\Illuminate\\Pipeline\\Pipeline.php(219): App\\Http\\Middleware\\InputSanitizationMiddleware->handle(Object(Illuminate\\Http\\Request), Object(Closure))\n#25 F:\\EasyRyde\\backend\\app\\Http\\Middleware\\SecurityHeadersMiddleware.php(13): Illuminate\\Pipeline\\Pipeline->{closure:{closure:Illuminate\\Pipeline\\Pipeline::carry():194}:195}(Object(Illuminate\\Http\\Request))\n#26 F:\\EasyRyde\\backend\\vendor\\laravel\\framework\\src\\Illuminate\\Pipeline\\Pipeline.php(219): App\\Http\\Middleware\\SecurityHeadersMiddleware->handle(Object(Illuminate\\Http\\Request), Object(Closure))\n#27 F:\\EasyRyde\\backend\\vendor\\laravel\\sanctum\\src\\Http\\Middleware\\EnsureFrontendRequestsAreStateful.php(26): Illuminate\\Pipeline\\Pipeline->{closure:{closure:Illuminate\\Pipeline\\Pipeline::carry():194}:195}(Object(Illuminate\\Http\\Request))\n#28 F:\\EasyRyde\\backend\\vendor\\laravel\\framework\\src\\Illuminate\\Pipeline\\Pipeline.php(180): Laravel\\Sanctum\\Http\\Middleware\\EnsureFrontendRequestsAreStateful->{closure:Laravel\\Sanctum\\Http\\Middleware\\EnsureFrontendRequestsAreStateful::handle():25}(Object(Illuminate\\Http\\Request))\n#29 F:\\EasyRyde\\backend\\vendor\\laravel\\framework\\src\\Illuminate\\Pipeline\\Pipeline.php(137): Illuminate\\Pipeline\\Pipeline->{closure:Illuminate\\Pipeline\\Pipeline::prepareDestination():178}(Object(Illuminate\\Http\\Request))\n#30 F:\\EasyRyde\\backend\\vendor\\laravel\\sanctum\\src\\Http\\Middleware\\EnsureFrontendRequestsAreStateful.php(25): Illuminate\\Pipeline\\Pipeline->then(Object(Closure))\n#31 F:\\EasyRyde\\backend\\vendor\\laravel\\framework\\src\\Illuminate\\Pipeline\\Pipeline.php(219): Laravel\\Sanctum\\Http\\Middleware\\EnsureFrontendRequestsAreStateful->handle(Object(Illuminate\\Http\\Request), Object(Closure))\n#32 F:\\EasyRyde\\backend\\vendor\\laravel\\framework\\src\\Illuminate\\Pipeline\\Pipeline.php(137): Illuminate\\Pipeline\\Pipeline->{closure:{closure:Illuminate\\Pipeline\\Pipeline::carry():194}:195}(Object(Illuminate\\Http\\Request))\n#33 F:\\EasyRyde\\backend\\vendor\\laravel\\framework\\src\\Illuminate\\Routing\\Router.php(821): Illuminate\\Pipeline\\Pipeline->then(Object(Closure))\n#34 F:\\EasyRyde\\backend\\vendor\\laravel\\framework\\src\\Illuminate\\Routing\\Router.php(800): Illuminate\\Routing\\Router->runRouteWithinStack(Object(Illuminate\\Routing\\Route), Object(Illuminate\\Http\\Request))\n#35 F:\\EasyRyde\\backend\\vendor\\laravel\\framework\\src\\Illuminate\\Routing\\Router.php(764): Illuminate\\Routing\\Router->runRoute(Object(Illuminate\\Http\\Request), Object(Illuminate\\Routing\\Route))\n#36 F:\\EasyRyde\\backend\\vendor\\laravel\\framework\\src\\Illuminate\\Routing\\Router.php(753): Illuminate\\Routing\\Router->dispatchToRoute(Object(Illuminate\\Http\\Request))\n#37 F:\\EasyRyde\\backend\\vendor\\laravel\\framework\\src\\Illuminate\\Foundation\\Http\\Kernel.php(200): Illuminate\\Routing\\Router->dispatch(Object(Illuminate\\Http\\Request))\n#38 F:\\EasyRyde\\backend\\vendor\\laravel\\framework\\src\\Illuminate\\Pipeline\\Pipeline.php(180): Illuminate\\Foundation\\Http\\Kernel->{closure:Illuminate\\Foundation\\Http\\Kernel::dispatchToRouter():197}(Object(Illuminate\\Http\\Request))\n#39 F:\\EasyRyde\\backend\\vendor\\laravel\\framework\\src\\Illuminate\\Foundation\\Http\\Middleware\\TransformsRequest.php(21): Illuminate\\Pipeline\\Pipeline->{closure:Illuminate\\Pipeline\\Pipeline::prepareDestination():178}(Object(Illuminate\\Http\\Request))\n#40 F:\\EasyRyde\\backend\\vendor\\laravel\\framework\\src\\Illuminate\\Foundation\\Http\\Middleware\\ConvertEmptyStringsToNull.php(31): Illuminate\\Foundation\\Http\\Middleware\\TransformsRequest->handle(Object(Illuminate\\Http\\Request), Object(Closure))\n#41 F:\\EasyRyde\\backend\\vendor\\laravel\\framework\\src\\Illuminate\\Pipeline\\Pipeline.php(219): Illuminate\\Foundation\\Http\\Middleware\\ConvertEmptyStringsToNull->handle(Object(Illuminate\\Http\\Request), Object(Closure))\n#42 F:\\EasyRyde\\backend\\vendor\\laravel\\framework\\src\\Illuminate\\Foundation\\Http\\Middleware\\TransformsRequest.php(21): Illuminate\\Pipeline\\Pipeline->{closure:{closure:Illuminate\\Pipeline\\Pipeline::carry():194}:195}(Object(Illuminate\\Http\\Request))\n#43 F:\\EasyRyde\\backend\\vendor\\laravel\\framework\\src\\Illuminate\\Foundation\\Http\\Middleware\\TrimStrings.php(51): Illuminate\\Foundation\\Http\\Middleware\\TransformsRequest->handle(Object(Illuminate\\Http\\Request), Object(Closure))\n#44 F:\\EasyRyde\\backend\\vendor\\laravel\\framework\\src\\Illuminate\\Pipeline\\Pipeline.php(219): Illuminate\\Foundation\\Http\\Middleware\\TrimStrings->handle(Object(Illuminate\\Http\\Request), Object(Closure))\n#45 F:\\EasyRyde\\backend\\vendor\\laravel\\framework\\src\\Illuminate\\Http\\Middleware\\ValidatePostSize.php(27): Illuminate\\Pipeline\\Pipeline->{closure:{closure:Illuminate\\Pipeline\\Pipeline::carry():194}:195}(Object(Illuminate\\Http\\Request))\n#46 F:\\EasyRyde\\backend\\vendor\\laravel\\framework\\src\\Illuminate\\Pipeline\\Pipeline.php(219): Illuminate\\Http\\Middleware\\ValidatePostSize->handle(Object(Illuminate\\Http\\Request), Object(Closure))\n#47 F:\\EasyRyde\\backend\\vendor\\laravel\\framework\\src\\Illuminate\\Foundation\\Http\\Middleware\\PreventRequestsDuringMaintenance.php(109): Illuminate\\Pipeline\\Pipeline->{closure:{closure:Illuminate\\Pipeline\\Pipeline::carry():194}:195}(Object(Illuminate\\Http\\Request))\n#48 F:\\EasyRyde\\backend\\vendor\\laravel\\framework\\src\\Illuminate\\Pipeline\\Pipeline.php(219): Illuminate\\Foundation\\Http\\Middleware\\PreventRequestsDuringMaintenance->handle(Object(Illuminate\\Http\\Request), Object(Closure))\n#49 F:\\EasyRyde\\backend\\vendor\\laravel\\framework\\src\\Illuminate\\Http\\Middleware\\HandleCors.php(74): Illuminate\\Pipeline\\Pipeline->{closure:{closure:Illuminate\\Pipeline\\Pipeline::carry():194}:195}(Object(Illuminate\\Http\\Request))\n#50 F:\\EasyRyde\\backend\\vendor\\laravel\\framework\\src\\Illuminate\\Pipeline\\Pipeline.php(219): Illuminate\\Http\\Middleware\\HandleCors->handle(Object(Illuminate\\Http\\Request), Object(Closure))\n#51 F:\\EasyRyde\\backend\\vendor\\laravel\\framework\\src\\Illuminate\\Http\\Middleware\\TrustProxies.php(58): Illuminate\\Pipeline\\Pipeline->{closure:{closure:Illuminate\\Pipeline\\Pipeline::carry():194}:195}(Object(Illuminate\\Http\\Request))\n#52 F:\\EasyRyde\\backend\\vendor\\laravel\\framework\\src\\Illuminate\\Pipeline\\Pipeline.php(219): Illuminate\\Http\\Middleware\\TrustProxies->handle(Object(Illuminate\\Http\\Request), Object(Closure))\n#53 F:\\EasyRyde\\backend\\vendor\\laravel\\framework\\src\\Illuminate\\Foundation\\Http\\Middleware\\InvokeDeferredCallbacks.php(22): Illuminate\\Pipeline\\Pipeline->{closure:{closure:Illuminate\\Pipeline\\Pipeline::carry():194}:195}(Object(Illuminate\\Http\\Request))\n#54 F:\\EasyRyde\\backend\\vendor\\laravel\\framework\\src\\Illuminate\\Pipeline\\Pipeline.php(219): Illuminate\\Foundation\\Http\\Middleware\\InvokeDeferredCallbacks->handle(Object(Illuminate\\Http\\Request), Object(Closure))\n#55 F:\\EasyRyde\\backend\\vendor\\laravel\\framework\\src\\Illuminate\\Http\\Middleware\\ValidatePathEncoding.php(28): Illuminate\\Pipeline\\Pipeline->{closure:{closure:Illuminate\\Pipeline\\Pipeline::carry():194}:195}(Object(Illuminate\\Http\\Request))\n#56 F:\\EasyRyde\\backend\\vendor\\laravel\\framework\\src\\Illuminate\\Pipeline\\Pipeline.php(219): Illuminate\\Http\\Middleware\\ValidatePathEncoding->handle(Object(Illuminate\\Http\\Request), Object(Closure))\n#57 F:\\EasyRyde\\backend\\vendor\\laravel\\framework\\src\\Illuminate\\Pipeline\\Pipeline.php(137): Illuminate\\Pipeline\\Pipeline->{closure:{closure:Illuminate\\Pipeline\\Pipeline::carry():194}:195}(Object(Illuminate\\Http\\Request))\n#58 F:\\EasyRyde\\backend\\vendor\\laravel\\framework\\src\\Illuminate\\Foundation\\Http\\Kernel.php(175): Illuminate\\Pipeline\\Pipeline->then(Object(Closure))\n#59 F:\\EasyRyde\\backend\\vendor\\laravel\\framework\\src\\Illuminate\\Foundation\\Http\\Kernel.php(144): Illuminate\\Foundation\\Http\\Kernel->sendRequestThroughRouter(Object(Illuminate\\Http\\Request))\n#60 F:\\EasyRyde\\backend\\vendor\\laravel\\framework\\src\\Illuminate\\Foundation\\Testing\\Concerns\\MakesHttpRequests.php(607): Illuminate\\Foundation\\Http\\Kernel->handle(Object(Illuminate\\Http\\Request))\n#61 F:\\EasyRyde\\backend\\vendor\\laravel\\framework\\src\\Illuminate\\Foundation\\Testing\\Concerns\\MakesHttpRequests.php(573): Illuminate\\Foundation\\Testing\\TestCase->call('POST', '/api/v1/payment...', Array, Array, Array, Array, '{\"method\":\"cash...')\n#62 F:\\EasyRyde\\backend\\vendor\\laravel\\framework\\src\\Illuminate\\Foundation\\Testing\\Concerns\\MakesHttpRequests.php(411): Illuminate\\Foundation\\Testing\\TestCase->json('POST', '/api/v1/payment...', Array, Array, 0)\n#63 F:\\EasyRyde\\backend\\tests\\Feature\\PaymentTest.php(45): Illuminate\\Foundation\\Testing\\TestCase->postJson('/api/v1/payment...', Array)\n#64 F:\\EasyRyde\\backend\\vendor\\phpunit\\phpunit\\src\\Framework\\TestCase.php(1318): Tests\\Feature\\PaymentTest->test_rider_can_pay_with_cash()\n#65 F:\\EasyRyde\\backend\\vendor\\phpunit\\phpunit\\src\\Framework\\TestCase.php(1355): PHPUnit\\Framework\\TestCase->invokeTestMethod('test_rider_can_...', Array)\n#66 F:\\EasyRyde\\backend\\vendor\\phpunit\\phpunit\\src\\Framework\\TestCase.php(521): PHPUnit\\Framework\\TestCase->runTest()\n#67 F:\\EasyRyde\\backend\\vendor\\phpunit\\phpunit\\src\\Framework\\TestRunner\\TestRunner.php(99): PHPUnit\\Framework\\TestCase->runBare()\n#68 F:\\EasyRyde\\backend\\vendor\\phpunit\\phpunit\\src\\Framework\\TestCase.php(361): PHPUnit\\Framework\\TestRunner->run(Object(Tests\\Feature\\PaymentTest))\n#69 F:\\EasyRyde\\backend\\vendor\\phpunit\\phpunit\\src\\Framework\\TestSuite.php(374): PHPUnit\\Framework\\TestCase->run()\n#70 F:\\EasyRyde\\backend\\vendor\\phpunit\\phpunit\\src\\Framework\\TestSuite.php(374): PHPUnit\\Framework\\TestSuite->run()\n#71 F:\\EasyRyde\\backend\\vendor\\phpunit\\phpunit\\src\\Framework\\TestSuite.php(374): PHPUnit\\Framework\\TestSuite->run()\n#72 F:\\EasyRyde\\backend\\vendor\\phpunit\\phpunit\\src\\TextUI\\TestRunner.php(64): PHPUnit\\Framework\\TestSuite->run()\n#73 F:\\EasyRyde\\backend\\vendor\\phpunit\\phpunit\\src\\TextUI\\Application.php(229): PHPUnit\\TextUI\\TestRunner->run(Object(PHPUnit\\TextUI\\Configuration\\Configuration), Object(PHPUnit\\Runner\\ResultCache\\DefaultResultCache), Object(PHPUnit\\Framework\\TestSuite))\n#74 F:\\EasyRyde\\backend\\vendor\\phpunit\\phpunit\\phpunit(104): PHPUnit\\TextUI\\Application->run(Array)\n#75 F:\\EasyRyde\\backend\\vendor\\bin\\phpunit(122): include('F:\\\\EasyRyde\\\\bac...')\n#76 {main}\n\n----------------------------------------------------------------------------------\n\nClass \"Stripe\\StripeClient\" not found"},{"test":"Tests\\Feature\\PaymentTest::test_rider_can_pay_with_wallet","file":"F:\\EasyRyde\\backend\\tests\\Feature\\PaymentTest.php","line":59,"message":"Expected response status code [201] but received 500.\nFailed asserting that 500 is identical to 201.\r\n\r\nThe following exception occurred during the last request:\n\nError: Class \"Stripe\\StripeClient\" not found in F:\\EasyRyde\\backend\\app\\Services\\StripeService.php:18\nStack trace:\n#0 F:\\EasyRyde\\backend\\vendor\\laravel\\framework\\src\\Illuminate\\Container\\Container.php(1171): App\\Services\\StripeService->__construct()\n#1 F:\\EasyRyde\\backend\\vendor\\laravel\\framework\\src\\Illuminate\\Container\\Container.php(936): Illuminate\\Container\\Container->build('App\\\\Services\\\\St...')\n#2 F:\\EasyRyde\\backend\\vendor\\laravel\\framework\\src\\Illuminate\\Foundation\\Application.php(1078): Illuminate\\Container\\Container->resolve('App\\\\Services\\\\St...', Array, true)\n#3 F:\\EasyRyde\\backend\\vendor\\laravel\\framework\\src\\Illuminate\\Container\\Container.php(864): Illuminate\\Foundation\\Application->resolve('App\\\\Services\\\\St...', Array)\n#4 F:\\EasyRyde\\backend\\vendor\\laravel\\framework\\src\\Illuminate\\Foundation\\Application.php(1058): Illuminate\\Container\\Container->make('App\\\\Services\\\\St...', Array)\n#5 F:\\EasyRyde\\backend\\vendor\\laravel\\framework\\src\\Illuminate\\Container\\Container.php(1339): Illuminate\\Foundation\\Application->make('App\\\\Services\\\\St...')\n#6 F:\\EasyRyde\\backend\\vendor\\laravel\\framework\\src\\Illuminate\\Container\\Container.php(1240): Illuminate\\Container\\Container->resolveClass(Object(ReflectionParameter), 'App\\\\Services\\\\St...')\n#7 F:\\EasyRyde\\backend\\vendor\\laravel\\framework\\src\\Illuminate\\Container\\Container.php(1165): Illuminate\\Container\\Container->resolveDependencies(Array)\n#8 F:\\EasyRyde\\backend\\vendor\\laravel\\framework\\src\\Illuminate\\Container\\Container.php(936): Illuminate\\Container\\Container->build('App\\\\Http\\\\Contro...')\n#9 F:\\EasyRyde\\backend\\vendor\\laravel\\framework\\src\\Illuminate\\Foundation\\Application.php(1078): Illuminate\\Container\\Container->resolve('App\\\\Http\\\\Contro...', Array, true)\n#10 F:\\EasyRyde\\backend\\vendor\\laravel\\framework\\src\\Illuminate\\Container\\Container.php(864): Illuminate\\Foundation\\Application->resolve('App\\\\Http\\\\Contro...', Array)\n#11 F:\\EasyRyde\\backend\\vendor\\laravel\\framework\\src\\Illuminate\\Foundation\\Application.php(1058): Illuminate\\Container\\Container->make('App\\\\Http\\\\Contro...', Array)\n#12 F:\\EasyRyde\\backend\\vendor\\laravel\\framework\\src\\Illuminate\\Routing\\Route.php(290): Illuminate\\Foundation\\Application->make('App\\\\Http\\\\Contro...')\n#13 F:\\EasyRyde\\backend\\vendor\\laravel\\framework\\src\\Illuminate\\Routing\\Route.php(270): Illuminate\\Routing\\Route->getController()\n#14 F:\\EasyRyde\\backend\\vendor\\laravel\\framework\\src\\Illuminate\\Routing\\Route.php(215): Illuminate\\Routing\\Route->runController()\n#15 F:\\EasyRyde\\backend\\vendor\\laravel\\framework\\src\\Illuminate\\Routing\\Router.php(822): Illuminate\\Routing\\Route->run()\n#16 F:\\EasyRyde\\backend\\vendor\\laravel\\framework\\src\\Illuminate\\Pipeline\\Pipeline.php(180): Illuminate\\Routing\\Router->{closure:Illuminate\\Routing\\Router::runRouteWithinStack():821}(Object(Illuminate\\Http\\Request))\n#17 F:\\EasyRyde\\backend\\vendor\\laravel\\framework\\src\\Illuminate\\Routing\\Middleware\\SubstituteBindings.php(52): Illuminate\\Pipeline\\Pipeline->{closure:Illuminate\\Pipeline\\Pipeline::prepareDestination():178}(Object(Illuminate\\Http\\Request))\n#18 F:\\EasyRyde\\backend\\vendor\\laravel\\framework\\src\\Illuminate\\Pipeline\\Pipeline.php(219): Illuminate\\Routing\\Middleware\\SubstituteBindings->handle(Object(Illuminate\\Http\\Request), Object(Closure))\n#19 F:\\EasyRyde\\backend\\vendor\\laravel\\framework\\src\\Illuminate\\Auth\\Middleware\\Authenticate.php(63): Illuminate\\Pipeline\\Pipeline->{closure:{closure:Illuminate\\Pipeline\\Pipeline::carry():194}:195}(Object(Illuminate\\Http\\Request))\n#20 F:\\EasyRyde\\backend\\vendor\\laravel\\framework\\src\\Illuminate\\Pipeline\\Pipeline.php(219): Illuminate\\Auth\\Middleware\\Authenticate->handle(Object(Illuminate\\Http\\Request), Object(Closure), 'sanctum')\n#21 F:\\EasyRyde\\backend\\app\\Http\\Middleware\\ApiRateLimiterMiddleware.php(31): Illuminate\\Pipeline\\Pipeline->{closure:{closure:Illuminate\\Pipeline\\Pipeline::carry():194}:195}(Object(Illuminate\\Http\\Request))\n#22 F:\\EasyRyde\\backend\\vendor\\laravel\\framework\\src\\Illuminate\\Pipeline\\Pipeline.php(219): App\\Http\\Middleware\\ApiRateLimiterMiddleware->handle(Object(Illuminate\\Http\\Request), Object(Closure))\n#23 F:\\EasyRyde\\backend\\app\\Http\\Middleware\\InputSanitizationMiddleware.php(15): Illuminate\\Pipeline\\Pipeline->{closure:{closure:Illuminate\\Pipeline\\Pipeline::carry():194}:195}(Object(Illuminate\\Http\\Request))\n#24 F:\\EasyRyde\\backend\\vendor\\laravel\\framework\\src\\Illuminate\\Pipeline\\Pipeline.php(219): App\\Http\\Middleware\\InputSanitizationMiddleware->handle(Object(Illuminate\\Http\\Request), Object(Closure))\n#25 F:\\EasyRyde\\backend\\app\\Http\\Middleware\\SecurityHeadersMiddleware.php(13): Illuminate\\Pipeline\\Pipeline->{closure:{closure:Illuminate\\Pipeline\\Pipeline::carry():194}:195}(Object(Illuminate\\Http\\Request))\n#26 F:\\EasyRyde\\backend\\vendor\\laravel\\framework\\src\\Illuminate\\Pipeline\\Pipeline.php(219): App\\Http\\Middleware\\SecurityHeadersMiddleware->handle(Object(Illuminate\\Http\\Request), Object(Closure))\n#27 F:\\EasyRyde\\backend\\vendor\\laravel\\sanctum\\src\\Http\\Middleware\\EnsureFrontendRequestsAreStateful.php(26): Illuminate\\Pipeline\\Pipeline->{closure:{closure:Illuminate\\Pipeline\\Pipeline::carry():194}:195}(Object(Illuminate\\Http\\Request))\n#28 F:\\EasyRyde\\backend\\vendor\\laravel\\framework\\src\\Illuminate\\Pipeline\\Pipeline.php(180): Laravel\\Sanctum\\Http\\Middleware\\EnsureFrontendRequestsAreStateful->{closure:Laravel\\Sanctum\\Http\\Middleware\\EnsureFrontendRequestsAreStateful::handle():25}(Object(Illuminate\\Http\\Request))\n#29 F:\\EasyRyde\\backend\\vendor\\laravel\\framework\\src\\Illuminate\\Pipeline\\Pipeline.php(137): Illuminate\\Pipeline\\Pipeline->{closure:Illuminate\\Pipeline\\Pipeline::prepareDestination():178}(Object(Illuminate\\Http\\Request))\n#30 F:\\EasyRyde\\backend\\vendor\\laravel\\sanctum\\src\\Http\\Middleware\\EnsureFrontendRequestsAreStateful.php(25): Illuminate\\Pipeline\\Pipeline->then(Object(Closure))\n#31 F:\\EasyRyde\\backend\\vendor\\laravel\\framework\\src\\Illuminate\\Pipeline\\Pipeline.php(219): Laravel\\Sanctum\\Http\\Middleware\\EnsureFrontendRequestsAreStateful->handle(Object(Illuminate\\Http\\Request), Object(Closure))\n#32 F:\\EasyRyde\\backend\\vendor\\laravel\\framework\\src\\Illuminate\\Pipeline\\Pipeline.php(137): Illuminate\\Pipeline\\Pipeline->{closure:{closure:Illuminate\\Pipeline\\Pipeline::carry():194}:195}(Object(Illuminate\\Http\\Request))\n#33 F:\\EasyRyde\\backend\\vendor\\laravel\\framework\\src\\Illuminate\\Routing\\Router.php(821): Illuminate\\Pipeline\\Pipeline->then(Object(Closure))\n#34 F:\\EasyRyde\\backend\\vendor\\laravel\\framework\\src\\Illuminate\\Routing\\Router.php(800): Illuminate\\Routing\\Router->runRouteWithinStack(Object(Illuminate\\Routing\\Route), Object(Illuminate\\Http\\Request))\n#35 F:\\EasyRyde\\backend\\vendor\\laravel\\framework\\src\\Illuminate\\Routing\\Router.php(764): Illuminate\\Routing\\Router->runRoute(Object(Illuminate\\Http\\Request), Object(Illuminate\\Routing\\Route))\n#36 F:\\EasyRyde\\backend\\vendor\\laravel\\framework\\src\\Illuminate\\Routing\\Router.php(753): Illuminate\\Routing\\Router->dispatchToRoute(Object(Illuminate\\Http\\Request))\n#37 F:\\EasyRyde\\backend\\vendor\\laravel\\framework\\src\\Illuminate\\Foundation\\Http\\Kernel.php(200): Illuminate\\Routing\\Router->dispatch(Object(Illuminate\\Http\\Request))\n#38 F:\\EasyRyde\\backend\\vendor\\laravel\\framework\\src\\Illuminate\\Pipeline\\Pipeline.php(180): Illuminate\\Foundation\\Http\\Kernel->{closure:Illuminate\\Foundation\\Http\\Kernel::dispatchToRouter():197}(Object(Illuminate\\Http\\Request))\n#39 F:\\EasyRyde\\backend\\vendor\\laravel\\framework\\src\\Illuminate\\Foundation\\Http\\Middleware\\TransformsRequest.php(21): Illuminate\\Pipeline\\Pipeline->{closure:Illuminate\\Pipeline\\Pipeline::prepareDestination():178}(Object(Illuminate\\Http\\Request))\n#40 F:\\EasyRyde\\backend\\vendor\\laravel\\framework\\src\\Illuminate\\Foundation\\Http\\Middleware\\ConvertEmptyStringsToNull.php(31): Illuminate\\Foundation\\Http\\Middleware\\TransformsRequest->handle(Object(Illuminate\\Http\\Request), Object(Closure))\n#41 F:\\EasyRyde\\backend\\vendor\\laravel\\framework\\src\\Illuminate\\Pipeline\\Pipeline.php(219): Illuminate\\Foundation\\Http\\Middleware\\ConvertEmptyStringsToNull->handle(Object(Illuminate\\Http\\Request), Object(Closure))\n#42 F:\\EasyRyde\\backend\\vendor\\laravel\\framework\\src\\Illuminate\\Foundation\\Http\\Middleware\\TransformsRequest.php(21): Illuminate\\Pipeline\\Pipeline->{closure:{closure:Illuminate\\Pipeline\\Pipeline::carry():194}:195}(Object(Illuminate\\Http\\Request))\n#43 F:\\EasyRyde\\backend\\vendor\\laravel\\framework\\src\\Illuminate\\Foundation\\Http\\Middleware\\TrimStrings.php(51): Illuminate\\Foundation\\Http\\Middleware\\TransformsRequest->handle(Object(Illuminate\\Http\\Request), Object(Closure))\n#44 F:\\EasyRyde\\backend\\vendor\\laravel\\framework\\src\\Illuminate\\Pipeline\\Pipeline.php(219): Illuminate\\Foundation\\Http\\Middleware\\TrimStrings->handle(Object(Illuminate\\Http\\Request), Object(Closure))\n#45 F:\\EasyRyde\\backend\\vendor\\laravel\\framework\\src\\Illuminate\\Http\\Middleware\\ValidatePostSize.php(27): Illuminate\\Pipeline\\Pipeline->{closure:{closure:Illuminate\\Pipeline\\Pipeline::carry():194}:195}(Object(Illuminate\\Http\\Request))\n#46 F:\\EasyRyde\\backend\\vendor\\laravel\\framework\\src\\Illuminate\\Pipeline\\Pipeline.php(219): Illuminate\\Http\\Middleware\\ValidatePostSize->handle(Object(Illuminate\\Http\\Request), Object(Closure))\n#47 F:\\EasyRyde\\backend\\vendor\\laravel\\framework\\src\\Illuminate\\Foundation\\Http\\Middleware\\PreventRequestsDuringMaintenance.php(109): Illuminate\\Pipeline\\Pipeline->{closure:{closure:Illuminate\\Pipeline\\Pipeline::carry():194}:195}(Object(Illuminate\\Http\\Request))\n#48 F:\\EasyRyde\\backend\\vendor\\laravel\\framework\\src\\Illuminate\\Pipeline\\Pipeline.php(219): Illuminate\\Foundation\\Http\\Middleware\\PreventRequestsDuringMaintenance->handle(Object(Illuminate\\Http\\Request), Object(Closure))\n#49 F:\\EasyRyde\\backend\\vendor\\laravel\\framework\\src\\Illuminate\\Http\\Middleware\\HandleCors.php(74): Illuminate\\Pipeline\\Pipeline->{closure:{closure:Illuminate\\Pipeline\\Pipeline::carry():194}:195}(Object(Illuminate\\Http\\Request))\n#50 F:\\EasyRyde\\backend\\vendor\\laravel\\framework\\src\\Illuminate\\Pipeline\\Pipeline.php(219): Illuminate\\Http\\Middleware\\HandleCors->handle(Object(Illuminate\\Http\\Request), Object(Closure))\n#51 F:\\EasyRyde\\backend\\vendor\\laravel\\framework\\src\\Illuminate\\Http\\Middleware\\TrustProxies.php(58): Illuminate\\Pipeline\\Pipeline->{closure:{closure:Illuminate\\Pipeline\\Pipeline::carry():194}:195}(Object(Illuminate\\Http\\Request))\n#52 F:\\EasyRyde\\backend\\vendor\\laravel\\framework\\src\\Illuminate\\Pipeline\\Pipeline.php(219): Illuminate\\Http\\Middleware\\TrustProxies->handle(Object(Illuminate\\Http\\Request), Object(Closure))\n#53 F:\\EasyRyde\\backend\\vendor\\laravel\\framework\\src\\Illuminate\\Foundation\\Http\\Middleware\\InvokeDeferredCallbacks.php(22): Illuminate\\Pipeline\\Pipeline->{closure:{closure:Illuminate\\Pipeline\\Pipeline::carry():194}:195}(Object(Illuminate\\Http\\Request))\n#54 F:\\EasyRyde\\backend\\vendor\\laravel\\framework\\src\\Illuminate\\Pipeline\\Pipeline.php(219): Illuminate\\Foundation\\Http\\Middleware\\InvokeDeferredCallbacks->handle(Object(Illuminate\\Http\\Request), Object(Closure))\n#55 F:\\EasyRyde\\backend\\vendor\\laravel\\framework\\src\\Illuminate\\Http\\Middleware\\ValidatePathEncoding.php(28): Illuminate\\Pipeline\\Pipeline->{closure:{closure:Illuminate\\Pipeline\\Pipeline::carry():194}:195}(Object(Illuminate\\Http\\Request))\n#56 F:\\EasyRyde\\backend\\vendor\\laravel\\framework\\src\\Illuminate\\Pipeline\\Pipeline.php(219): Illuminate\\Http\\Middleware\\ValidatePathEncoding->handle(Object(Illuminate\\Http\\Request), Object(Closure))\n#57 F:\\EasyRyde\\backend\\vendor\\laravel\\framework\\src\\Illuminate\\Pipeline\\Pipeline.php(137): Illuminate\\Pipeline\\Pipeline->{closure:{closure:Illuminate\\Pipeline\\Pipeline::carry():194}:195}(Object(Illuminate\\Http\\Request))\n#58 F:\\EasyRyde\\backend\\vendor\\laravel\\framework\\src\\Illuminate\\Foundation\\Http\\Kernel.php(175): Illuminate\\Pipeline\\Pipeline->then(Object(Closure))\n#59 F:\\EasyRyde\\backend\\vendor\\laravel\\framework\\src\\Illuminate\\Foundation\\Http\\Kernel.php(144): Illuminate\\Foundation\\Http\\Kernel->sendRequestThroughRouter(Object(Illuminate\\Http\\Request))\n#60 F:\\EasyRyde\\backend\\vendor\\laravel\\framework\\src\\Illuminate\\Foundation\\Testing\\Concerns\\MakesHttpRequests.php(607): Illuminate\\Foundation\\Http\\Kernel->handle(Object(Illuminate\\Http\\Request))\n#61 F:\\EasyRyde\\backend\\vendor\\laravel\\framework\\src\\Illuminate\\Foundation\\Testing\\Concerns\\MakesHttpRequests.php(573): Illuminate\\Foundation\\Testing\\TestCase->call('POST', '/api/v1/payment...', Array, Array, Array, Array, '{\"method\":\"wall...')\n#62 F:\\EasyRyde\\backend\\vendor\\laravel\\framework\\src\\Illuminate\\Foundation\\Testing\\Concerns\\MakesHttpRequests.php(411): Illuminate\\Foundation\\Testing\\TestCase->json('POST', '/api/v1/payment...', Array, Array, 0)\n#63 F:\\EasyRyde\\backend\\tests\\Feature\\PaymentTest.php(83): Illuminate\\Foundation\\Testing\\TestCase->postJson('/api/v1/payment...', Array)\n#64 F:\\EasyRyde\\backend\\vendor\\phpunit\\phpunit\\src\\Framework\\TestCase.php(1318): Tests\\Feature\\PaymentTest->test_rider_can_pay_with_wallet()\n#65 F:\\EasyRyde\\backend\\vendor\\phpunit\\phpunit\\src\\Framework\\TestCase.php(1355): PHPUnit\\Framework\\TestCase->invokeTestMethod('test_rider_can_...', Array)\n#66 F:\\EasyRyde\\backend\\vendor\\phpunit\\phpunit\\src\\Framework\\TestCase.php(521): PHPUnit\\Framework\\TestCase->runTest()\n#67 F:\\EasyRyde\\backend\\vendor\\phpunit\\phpunit\\src\\Framework\\TestRunner\\TestRunner.php(99): PHPUnit\\Framework\\TestCase->runBare()\n#68 F:\\EasyRyde\\backend\\vendor\\phpunit\\phpunit\\src\\Framework\\TestCase.php(361): PHPUnit\\Framework\\TestRunner->run(Object(Tests\\Feature\\PaymentTest))\n#69 F:\\EasyRyde\\backend\\vendor\\phpunit\\phpunit\\src\\Framework\\TestSuite.php(374): PHPUnit\\Framework\\TestCase->run()\n#70 F:\\EasyRyde\\backend\\vendor\\phpunit\\phpunit\\src\\Framework\\TestSuite.php(374): PHPUnit\\Framework\\TestSuite->run()\n#71 F:\\EasyRyde\\backend\\vendor\\phpunit\\phpunit\\src\\Framework\\TestSuite.php(374): PHPUnit\\Framework\\TestSuite->run()\n#72 F:\\EasyRyde\\backend\\vendor\\phpunit\\phpunit\\src\\TextUI\\TestRunner.php(64): PHPUnit\\Framework\\TestSuite->run()\n#73 F:\\EasyRyde\\backend\\vendor\\phpunit\\phpunit\\src\\TextUI\\Application.php(229): PHPUnit\\TextUI\\TestRunner->run(Object(PHPUnit\\TextUI\\Configuration\\Configuration), Object(PHPUnit\\Runner\\ResultCache\\DefaultResultCache), Object(PHPUnit\\Framework\\TestSuite))\n#74 F:\\EasyRyde\\backend\\vendor\\phpunit\\phpunit\\phpunit(104): PHPUnit\\TextUI\\Application->run(Array)\n#75 F:\\EasyRyde\\backend\\vendor\\bin\\phpunit(122): include('F:\\\\EasyRyde\\\\bac...')\n#76 {main}\n\n----------------------------------------------------------------------------------\n\nClass \"Stripe\\StripeClient\" not found"},{"test":"Tests\\Feature\\PaymentTest::test_rider_can_get_payment_history","file":"F:\\EasyRyde\\backend\\tests\\Feature\\PaymentTest.php","line":92,"message":"Expected response status code [200] but received 500.\nFailed asserting that 500 is identical to 200.\r\n\r\nThe following exception occurred during the last request:\n\nError: Class \"Stripe\\StripeClient\" not found in F:\\EasyRyde\\backend\\app\\Services\\StripeService.php:18\nStack trace:\n#0 F:\\EasyRyde\\backend\\vendor\\laravel\\framework\\src\\Illuminate\\Container\\Container.php(1171): App\\Services\\StripeService->__construct()\n#1 F:\\EasyRyde\\backend\\vendor\\laravel\\framework\\src\\Illuminate\\Container\\Container.php(936): Illuminate\\Container\\Container->build('App\\\\Services\\\\St...')\n#2 F:\\EasyRyde\\backend\\vendor\\laravel\\framework\\src\\Illuminate\\Foundation\\Application.php(1078): Illuminate\\Container\\Container->resolve('App\\\\Services\\\\St...', Array, true)\n#3 F:\\EasyRyde\\backend\\vendor\\laravel\\framework\\src\\Illuminate\\Container\\Container.php(864): Illuminate\\Foundation\\Application->resolve('App\\\\Services\\\\St...', Array)\n#4 F:\\EasyRyde\\backend\\vendor\\laravel\\framework\\src\\Illuminate\\Foundation\\Application.php(1058): Illuminate\\Container\\Container->make('App\\\\Services\\\\St...', Array)\n#5 F:\\EasyRyde\\backend\\vendor\\laravel\\framework\\src\\Illuminate\\Container\\Container.php(1339): Illuminate\\Foundation\\Application->make('App\\\\Services\\\\St...')\n#6 F:\\EasyRyde\\backend\\vendor\\laravel\\framework\\src\\Illuminate\\Container\\Container.php(1240): Illuminate\\Container\\Container->resolveClass(Object(ReflectionParameter), 'App\\\\Services\\\\St...')\n#7 F:\\EasyRyde\\backend\\vendor\\laravel\\framework\\src\\Illuminate\\Container\\Container.php(1165): Illuminate\\Container\\Container->resolveDependencies(Array)\n#8 F:\\EasyRyde\\backend\\vendor\\laravel\\framework\\src\\Illuminate\\Container\\Container.php(936): Illuminate\\Container\\Container->build('App\\\\Http\\\\Contro...')\n#9 F:\\EasyRyde\\backend\\vendor\\laravel\\framework\\src\\Illuminate\\Foundation\\Application.php(1078): Illuminate\\Container\\Container->resolve('App\\\\Http\\\\Contro...', Array, true)\n#10 F:\\EasyRyde\\backend\\vendor\\laravel\\framework\\src\\Illuminate\\Container\\Container.php(864): Illuminate\\Foundation\\Application->resolve('App\\\\Http\\\\Contro...', Array)\n#11 F:\\EasyRyde\\backend\\vendor\\laravel\\framework\\src\\Illuminate\\Foundation\\Application.php(1058): Illuminate\\Container\\Container->make('App\\\\Http\\\\Contro...', Array)\n#12 F:\\EasyRyde\\backend\\vendor\\laravel\\framework\\src\\Illuminate\\Routing\\Route.php(290): Illuminate\\Foundation\\Application->make('App\\\\Http\\\\Contro...')\n#13 F:\\EasyRyde\\backend\\vendor\\laravel\\framework\\src\\Illuminate\\Routing\\Route.php(270): Illuminate\\Routing\\Route->getController()\n#14 F:\\EasyRyde\\backend\\vendor\\laravel\\framework\\src\\Illuminate\\Routing\\Route.php(215): Illuminate\\Routing\\Route->runController()\n#15 F:\\EasyRyde\\backend\\vendor\\laravel\\framework\\src\\Illuminate\\Routing\\Router.php(822): Illuminate\\Routing\\Route->run()\n#16 F:\\EasyRyde\\backend\\vendor\\laravel\\framework\\src\\Illuminate\\Pipeline\\Pipeline.php(180): Illuminate\\Routing\\Router->{closure:Illuminate\\Routing\\Router::runRouteWithinStack():821}(Object(Illuminate\\Http\\Request))\n#17 F:\\EasyRyde\\backend\\vendor\\laravel\\framework\\src\\Illuminate\\Routing\\Middleware\\SubstituteBindings.php(52): Illuminate\\Pipeline\\Pipeline->{closure:Illuminate\\Pipeline\\Pipeline::prepareDestination():178}(Object(Illuminate\\Http\\Request))\n#18 F:\\EasyRyde\\backend\\vendor\\laravel\\framework\\src\\Illuminate\\Pipeline\\Pipeline.php(219): Illuminate\\Routing\\Middleware\\SubstituteBindings->handle(Object(Illuminate\\Http\\Request), Object(Closure))\n#19 F:\\EasyRyde\\backend\\vendor\\laravel\\framework\\src\\Illuminate\\Auth\\Middleware\\Authenticate.php(63): Illuminate\\Pipeline\\Pipeline->{closure:{closure:Illuminate\\Pipeline\\Pipeline::carry():194}:195}(Object(Illuminate\\Http\\Request))\n#20 F:\\EasyRyde\\backend\\vendor\\laravel\\framework\\src\\Illuminate\\Pipeline\\Pipeline.php(219): Illuminate\\Auth\\Middleware\\Authenticate->handle(Object(Illuminate\\Http\\Request), Object(Closure), 'sanctum')\n#21 F:\\EasyRyde\\backend\\app\\Http\\Middleware\\ApiRateLimiterMiddleware.php(31): Illuminate\\Pipeline\\Pipeline->{closure:{closure:Illuminate\\Pipeline\\Pipeline::carry():194}:195}(Object(Illuminate\\Http\\Request))\n#22 F:\\EasyRyde\\backend\\vendor\\laravel\\framework\\src\\Illuminate\\Pipeline\\Pipeline.php(219): App\\Http\\Middleware\\ApiRateLimiterMiddleware->handle(Object(Illuminate\\Http\\Request), Object(Closure))\n#23 F:\\EasyRyde\\backend\\app\\Http\\Middleware\\InputSanitizationMiddleware.php(15): Illuminate\\Pipeline\\Pipeline->{closure:{closure:Illuminate\\Pipeline\\Pipeline::carry():194}:195}(Object(Illuminate\\Http\\Request))\n#24 F:\\EasyRyde\\backend\\vendor\\laravel\\framework\\src\\Illuminate\\Pipeline\\Pipeline.php(219): App\\Http\\Middleware\\InputSanitizationMiddleware->handle(Object(Illuminate\\Http\\Request), Object(Closure))\n#25 F:\\EasyRyde\\backend\\app\\Http\\Middleware\\SecurityHeadersMiddleware.php(13): Illuminate\\Pipeline\\Pipeline->{closure:{closure:Illuminate\\Pipeline\\Pipeline::carry():194}:195}(Object(Illuminate\\Http\\Request))\n#26 F:\\EasyRyde\\backend\\vendor\\laravel\\framework\\src\\Illuminate\\Pipeline\\Pipeline.php(219): App\\Http\\Middleware\\SecurityHeadersMiddleware->handle(Object(Illuminate\\Http\\Request), Object(Closure))\n#27 F:\\EasyRyde\\backend\\vendor\\laravel\\sanctum\\src\\Http\\Middleware\\EnsureFrontendRequestsAreStateful.php(26): Illuminate\\Pipeline\\Pipeline->{closure:{closure:Illuminate\\Pipeline\\Pipeline::carry():194}:195}(Object(Illuminate\\Http\\Request))\n#28 F:\\EasyRyde\\backend\\vendor\\laravel\\framework\\src\\Illuminate\\Pipeline\\Pipeline.php(180): Laravel\\Sanctum\\Http\\Middleware\\EnsureFrontendRequestsAreStateful->{closure:Laravel\\Sanctum\\Http\\Middleware\\EnsureFrontendRequestsAreStateful::handle():25}(Object(Illuminate\\Http\\Request))\n#29 F:\\EasyRyde\\backend\\vendor\\laravel\\framework\\src\\Illuminate\\Pipeline\\Pipeline.php(137): Illuminate\\Pipeline\\Pipeline->{closure:Illuminate\\Pipeline\\Pipeline::prepareDestination():178}(Object(Illuminate\\Http\\Request))\n#30 F:\\EasyRyde\\backend\\vendor\\laravel\\sanctum\\src\\Http\\Middleware\\EnsureFrontendRequestsAreStateful.php(25): Illuminate\\Pipeline\\Pipeline->then(Object(Closure))\n#31 F:\\EasyRyde\\backend\\vendor\\laravel\\framework\\src\\Illuminate\\Pipeline\\Pipeline.php(219): Laravel\\Sanctum\\Http\\Middleware\\EnsureFrontendRequestsAreStateful->handle(Object(Illuminate\\Http\\Request), Object(Closure))\n#32 F:\\EasyRyde\\backend\\vendor\\laravel\\framework\\src\\Illuminate\\Pipeline\\Pipeline.php(137): Illuminate\\Pipeline\\Pipeline->{closure:{closure:Illuminate\\Pipeline\\Pipeline::carry():194}:195}(Object(Illuminate\\Http\\Request))\n#33 F:\\EasyRyde\\backend\\vendor\\laravel\\framework\\src\\Illuminate\\Routing\\Router.php(821): Illuminate\\Pipeline\\Pipeline->then(Object(Closure))\n#34 F:\\EasyRyde\\backend\\vendor\\laravel\\framework\\src\\Illuminate\\Routing\\Router.php(800): Illuminate\\Routing\\Router->runRouteWithinStack(Object(Illuminate\\Routing\\Route), Object(Illuminate\\Http\\Request))\n#35 F:\\EasyRyde\\backend\\vendor\\laravel\\framework\\src\\Illuminate\\Routing\\Router.php(764): Illuminate\\Routing\\Router->runRoute(Object(Illuminate\\Http\\Request), Object(Illuminate\\Routing\\Route))\n#36 F:\\EasyRyde\\backend\\vendor\\laravel\\framework\\src\\Illuminate\\Routing\\Router.php(753): Illuminate\\Routing\\Router->dispatchToRoute(Object(Illuminate\\Http\\Request))\n#37 F:\\EasyRyde\\backend\\vendor\\laravel\\framework\\src\\Illuminate\\Foundation\\Http\\Kernel.php(200): Illuminate\\Routing\\Router->dispatch(Object(Illuminate\\Http\\Request))\n#38 F:\\EasyRyde\\backend\\vendor\\laravel\\framework\\src\\Illuminate\\Pipeline\\Pipeline.php(180): Illuminate\\Foundation\\Http\\Kernel->{closure:Illuminate\\Foundation\\Http\\Kernel::dispatchToRouter():197}(Object(Illuminate\\Http\\Request))\n#39 F:\\EasyRyde\\backend\\vendor\\laravel\\framework\\src\\Illuminate\\Foundation\\Http\\Middleware\\TransformsRequest.php(21): Illuminate\\Pipeline\\Pipeline->{closure:Illuminate\\Pipeline\\Pipeline::prepareDestination():178}(Object(Illuminate\\Http\\Request))\n#40 F:\\EasyRyde\\backend\\vendor\\laravel\\framework\\src\\Illuminate\\Foundation\\Http\\Middleware\\ConvertEmptyStringsToNull.php(31): Illuminate\\Foundation\\Http\\Middleware\\TransformsRequest->handle(Object(Illuminate\\Http\\Request), Object(Closure))\n#41 F:\\EasyRyde\\backend\\vendor\\laravel\\framework\\src\\Illuminate\\Pipeline\\Pipeline.php(219): Illuminate\\Foundation\\Http\\Middleware\\ConvertEmptyStringsToNull->handle(Object(Illuminate\\Http\\Request), Object(Closure))\n#42 F:\\EasyRyde\\backend\\vendor\\laravel\\framework\\src\\Illuminate\\Foundation\\Http\\Middleware\\TransformsRequest.php(21): Illuminate\\Pipeline\\Pipeline->{closure:{closure:Illuminate\\Pipeline\\Pipeline::carry():194}:195}(Object(Illuminate\\Http\\Request))\n#43 F:\\EasyRyde\\backend\\vendor\\laravel\\framework\\src\\Illuminate\\Foundation\\Http\\Middleware\\TrimStrings.php(51): Illuminate\\Foundation\\Http\\Middleware\\TransformsRequest->handle(Object(Illuminate\\Http\\Request), Object(Closure))\n#44 F:\\EasyRyde\\backend\\vendor\\laravel\\framework\\src\\Illuminate\\Pipeline\\Pipeline.php(219): Illuminate\\Foundation\\Http\\Middleware\\TrimStrings->handle(Object(Illuminate\\Http\\Request), Object(Closure))\n#45 F:\\EasyRyde\\backend\\vendor\\laravel\\framework\\src\\Illuminate\\Http\\Middleware\\ValidatePostSize.php(27): Illuminate\\Pipeline\\Pipeline->{closure:{closure:Illuminate\\Pipeline\\Pipeline::carry():194}:195}(Object(Illuminate\\Http\\Request))\n#46 F:\\EasyRyde\\backend\\vendor\\laravel\\framework\\src\\Illuminate\\Pipeline\\Pipeline.php(219): Illuminate\\Http\\Middleware\\ValidatePostSize->handle(Object(Illuminate\\Http\\Request), Object(Closure))\n#47 F:\\EasyRyde\\backend\\vendor\\laravel\\framework\\src\\Illuminate\\Foundation\\Http\\Middleware\\PreventRequestsDuringMaintenance.php(109): Illuminate\\Pipeline\\Pipeline->{closure:{closure:Illuminate\\Pipeline\\Pipeline::carry():194}:195}(Object(Illuminate\\Http\\Request))\n#48 F:\\EasyRyde\\backend\\vendor\\laravel\\framework\\src\\Illuminate\\Pipeline\\Pipeline.php(219): Illuminate\\Foundation\\Http\\Middleware\\PreventRequestsDuringMaintenance->handle(Object(Illuminate\\Http\\Request), Object(Closure))\n#49 F:\\EasyRyde\\backend\\vendor\\laravel\\framework\\src\\Illuminate\\Http\\Middleware\\HandleCors.php(74): Illuminate\\Pipeline\\Pipeline->{closure:{closure:Illuminate\\Pipeline\\Pipeline::carry():194}:195}(Object(Illuminate\\Http\\Request))\n#50 F:\\EasyRyde\\backend\\vendor\\laravel\\framework\\src\\Illuminate\\Pipeline\\Pipeline.php(219): Illuminate\\Http\\Middleware\\HandleCors->handle(Object(Illuminate\\Http\\Request), Object(Closure))\n#51 F:\\EasyRyde\\backend\\vendor\\laravel\\framework\\src\\Illuminate\\Http\\Middleware\\TrustProxies.php(58): Illuminate\\Pipeline\\Pipeline->{closure:{closure:Illuminate\\Pipeline\\Pipeline::carry():194}:195}(Object(Illuminate\\Http\\Request))\n#52 F:\\EasyRyde\\backend\\vendor\\laravel\\framework\\src\\Illuminate\\Pipeline\\Pipeline.php(219): Illuminate\\Http\\Middleware\\TrustProxies->handle(Object(Illuminate\\Http\\Request), Object(Closure))\n#53 F:\\EasyRyde\\backend\\vendor\\laravel\\framework\\src\\Illuminate\\Foundation\\Http\\Middleware\\InvokeDeferredCallbacks.php(22): Illuminate\\Pipeline\\Pipeline->{closure:{closure:Illuminate\\Pipeline\\Pipeline::carry():194}:195}(Object(Illuminate\\Http\\Request))\n#54 F:\\EasyRyde\\backend\\vendor\\laravel\\framework\\src\\Illuminate\\Pipeline\\Pipeline.php(219): Illuminate\\Foundation\\Http\\Middleware\\InvokeDeferredCallbacks->handle(Object(Illuminate\\Http\\Request), Object(Closure))\n#55 F:\\EasyRyde\\backend\\vendor\\laravel\\framework\\src\\Illuminate\\Http\\Middleware\\ValidatePathEncoding.php(28): Illuminate\\Pipeline\\Pipeline->{closure:{closure:Illuminate\\Pipeline\\Pipeline::carry():194}:195}(Object(Illuminate\\Http\\Request))\n#56 F:\\EasyRyde\\backend\\vendor\\laravel\\framework\\src\\Illuminate\\Pipeline\\Pipeline.php(219): Illuminate\\Http\\Middleware\\ValidatePathEncoding->handle(Object(Illuminate\\Http\\Request), Object(Closure))\n#57 F:\\EasyRyde\\backend\\vendor\\laravel\\framework\\src\\Illuminate\\Pipeline\\Pipeline.php(137): Illuminate\\Pipeline\\Pipeline->{closure:{closure:Illuminate\\Pipeline\\Pipeline::carry():194}:195}(Object(Illuminate\\Http\\Request))\n#58 F:\\EasyRyde\\backend\\vendor\\laravel\\framework\\src\\Illuminate\\Foundation\\Http\\Kernel.php(175): Illuminate\\Pipeline\\Pipeline->then(Object(Closure))\n#59 F:\\EasyRyde\\backend\\vendor\\laravel\\framework\\src\\Illuminate\\Foundation\\Http\\Kernel.php(144): Illuminate\\Foundation\\Http\\Kernel->sendRequestThroughRouter(Object(Illuminate\\Http\\Request))\n#60 F:\\EasyRyde\\backend\\vendor\\laravel\\framework\\src\\Illuminate\\Foundation\\Testing\\Concerns\\MakesHttpRequests.php(607): Illuminate\\Foundation\\Http\\Kernel->handle(Object(Illuminate\\Http\\Request))\n#61 F:\\EasyRyde\\backend\\vendor\\laravel\\framework\\src\\Illuminate\\Foundation\\Testing\\Concerns\\MakesHttpRequests.php(573): Illuminate\\Foundation\\Testing\\TestCase->call('GET', '/api/v1/payment...', Array, Array, Array, Array, '[]')\n#62 F:\\EasyRyde\\backend\\vendor\\laravel\\framework\\src\\Illuminate\\Foundation\\Testing\\Concerns\\MakesHttpRequests.php(381): Illuminate\\Foundation\\Testing\\TestCase->json('GET', '/api/v1/payment...', Array, Array, 0)\n#63 F:\\EasyRyde\\backend\\tests\\Feature\\PaymentTest.php(107): Illuminate\\Foundation\\Testing\\TestCase->getJson('/api/v1/payment...')\n#64 F:\\EasyRyde\\backend\\vendor\\phpunit\\phpunit\\src\\Framework\\TestCase.php(1318): Tests\\Feature\\PaymentTest->test_rider_can_get_payment_history()\n#65 F:\\EasyRyde\\backend\\vendor\\phpunit\\phpunit\\src\\Framework\\TestCase.php(1355): PHPUnit\\Framework\\TestCase->invokeTestMethod('test_rider_can_...', Array)\n#66 F:\\EasyRyde\\backend\\vendor\\phpunit\\phpunit\\src\\Framework\\TestCase.php(521): PHPUnit\\Framework\\TestCase->runTest()\n#67 F:\\EasyRyde\\backend\\vendor\\phpunit\\phpunit\\src\\Framework\\TestRunner\\TestRunner.php(99): PHPUnit\\Framework\\TestCase->runBare()\n#68 F:\\EasyRyde\\backend\\vendor\\phpunit\\phpunit\\src\\Framework\\TestCase.php(361): PHPUnit\\Framework\\TestRunner->run(Object(Tests\\Feature\\PaymentTest))\n#69 F:\\EasyRyde\\backend\\vendor\\phpunit\\phpunit\\src\\Framework\\TestSuite.php(374): PHPUnit\\Framework\\TestCase->run()\n#70 F:\\EasyRyde\\backend\\vendor\\phpunit\\phpunit\\src\\Framework\\TestSuite.php(374): PHPUnit\\Framework\\TestSuite->run()\n#71 F:\\EasyRyde\\backend\\vendor\\phpunit\\phpunit\\src\\Framework\\TestSuite.php(374): PHPUnit\\Framework\\TestSuite->run()\n#72 F:\\EasyRyde\\backend\\vendor\\phpunit\\phpunit\\src\\TextUI\\TestRunner.php(64): PHPUnit\\Framework\\TestSuite->run()\n#73 F:\\EasyRyde\\backend\\vendor\\phpunit\\phpunit\\src\\TextUI\\Application.php(229): PHPUnit\\TextUI\\TestRunner->run(Object(PHPUnit\\TextUI\\Configuration\\Configuration), Object(PHPUnit\\Runner\\ResultCache\\DefaultResultCache), Object(PHPUnit\\Framework\\TestSuite))\n#74 F:\\EasyRyde\\backend\\vendor\\phpunit\\phpunit\\phpunit(104): PHPUnit\\TextUI\\Application->run(Array)\n#75 F:\\EasyRyde\\backend\\vendor\\bin\\phpunit(122): include('F:\\\\EasyRyde\\\\bac...')\n#76 {main}\n\n----------------------------------------------------------------------------------\n\nClass \"Stripe\\StripeClient\" not found"},{"test":"Tests\\Feature\\PaymentTest::test_admin_can_refund_payment","file":"F:\\EasyRyde\\backend\\tests\\Feature\\PaymentTest.php","line":113,"message":"Expected response status code [200] but received 500.\nFailed asserting that 500 is identical to 200.\r\n\r\nThe following exception occurred during the last request:\n\nError: Class \"Stripe\\StripeClient\" not found in F:\\EasyRyde\\backend\\app\\Services\\StripeService.php:18\nStack trace:\n#0 F:\\EasyRyde\\backend\\vendor\\laravel\\framework\\src\\Illuminate\\Container\\Container.php(1171): App\\Services\\StripeService->__construct()\n#1 F:\\EasyRyde\\backend\\vendor\\laravel\\framework\\src\\Illuminate\\Container\\Container.php(936): Illuminate\\Container\\Container->build('App\\\\Services\\\\St...')\n#2 F:\\EasyRyde\\backend\\vendor\\laravel\\framework\\src\\Illuminate\\Foundation\\Application.php(1078): Illuminate\\Container\\Container->resolve('App\\\\Services\\\\St...', Array, true)\n#3 F:\\EasyRyde\\backend\\vendor\\laravel\\framework\\src\\Illuminate\\Container\\Container.php(864): Illuminate\\Foundation\\Application->resolve('App\\\\Services\\\\St...', Array)\n#4 F:\\EasyRyde\\backend\\vendor\\laravel\\framework\\src\\Illuminate\\Foundation\\Application.php(1058): Illuminate\\Container\\Container->make('App\\\\Services\\\\St...', Array)\n#5 F:\\EasyRyde\\backend\\vendor\\laravel\\framework\\src\\Illuminate\\Container\\Container.php(1339): Illuminate\\Foundation\\Application->make('App\\\\Services\\\\St...')\n#6 F:\\EasyRyde\\backend\\vendor\\laravel\\framework\\src\\Illuminate\\Container\\Container.php(1240): Illuminate\\Container\\Container->resolveClass(Object(ReflectionParameter), 'App\\\\Services\\\\St...')\n#7 F:\\EasyRyde\\backend\\vendor\\laravel\\framework\\src\\Illuminate\\Container\\Container.php(1165): Illuminate\\Container\\Container->resolveDependencies(Array)\n#8 F:\\EasyRyde\\backend\\vendor\\laravel\\framework\\src\\Illuminate\\Container\\Container.php(936): Illuminate\\Container\\Container->build('App\\\\Http\\\\Contro...')\n#9 F:\\EasyRyde\\backend\\vendor\\laravel\\framework\\src\\Illuminate\\Foundation\\Application.php(1078): Illuminate\\Container\\Container->resolve('App\\\\Http\\\\Contro...', Array, true)\n#10 F:\\EasyRyde\\backend\\vendor\\laravel\\framework\\src\\Illuminate\\Container\\Container.php(864): Illuminate\\Foundation\\Application->resolve('App\\\\Http\\\\Contro...', Array)\n#11 F:\\EasyRyde\\backend\\vendor\\laravel\\framework\\src\\Illuminate\\Foundation\\Application.php(1058): Illuminate\\Container\\Container->make('App\\\\Http\\\\Contro...', Array)\n#12 F:\\EasyRyde\\backend\\vendor\\laravel\\framework\\src\\Illuminate\\Routing\\Route.php(290): Illuminate\\Foundation\\Application->make('App\\\\Http\\\\Contro...')\n#13 F:\\EasyRyde\\backend\\vendor\\laravel\\framework\\src\\Illuminate\\Routing\\Route.php(270): Illuminate\\Routing\\Route->getController()\n#14 F:\\EasyRyde\\backend\\vendor\\laravel\\framework\\src\\Illuminate\\Routing\\Route.php(215): Illuminate\\Routing\\Route->runController()\n#15 F:\\EasyRyde\\backend\\vendor\\laravel\\framework\\src\\Illuminate\\Routing\\Router.php(822): Illuminate\\Routing\\Route->run()\n#16 F:\\EasyRyde\\backend\\vendor\\laravel\\framework\\src\\Illuminate\\Pipeline\\Pipeline.php(180): Illuminate\\Routing\\Router->{closure:Illuminate\\Routing\\Router::runRouteWithinStack():821}(Object(Illuminate\\Http\\Request))\n#17 F:\\EasyRyde\\backend\\vendor\\spatie\\laravel-permission\\src\\Middleware\\RoleMiddleware.php(42): Illuminate\\Pipeline\\Pipeline->{closure:Illuminate\\Pipeline\\Pipeline::prepareDestination():178}(Object(Illuminate\\Http\\Request))\n#18 F:\\EasyRyde\\backend\\vendor\\laravel\\framework\\src\\Illuminate\\Pipeline\\Pipeline.php(219): Spatie\\Permission\\Middleware\\RoleMiddleware->handle(Object(Illuminate\\Http\\Request), Object(Closure), 'admin|super-adm...')\n#19 F:\\EasyRyde\\backend\\vendor\\laravel\\framework\\src\\Illuminate\\Routing\\Middleware\\SubstituteBindings.php(52): Illuminate\\Pipeline\\Pipeline->{closure:{closure:Illuminate\\Pipeline\\Pipeline::carry():194}:195}(Object(Illuminate\\Http\\Request))\n#20 F:\\EasyRyde\\backend\\vendor\\laravel\\framework\\src\\Illuminate\\Pipeline\\Pipeline.php(219): Illuminate\\Routing\\Middleware\\SubstituteBindings->handle(Object(Illuminate\\Http\\Request), Object(Closure))\n#21 F:\\EasyRyde\\backend\\vendor\\laravel\\framework\\src\\Illuminate\\Auth\\Middleware\\Authenticate.php(63): Illuminate\\Pipeline\\Pipeline->{closure:{closure:Illuminate\\Pipeline\\Pipeline::carry():194}:195}(Object(Illuminate\\Http\\Request))\n#22 F:\\EasyRyde\\backend\\vendor\\laravel\\framework\\src\\Illuminate\\Pipeline\\Pipeline.php(219): Illuminate\\Auth\\Middleware\\Authenticate->handle(Object(Illuminate\\Http\\Request), Object(Closure), 'sanctum')\n#23 F:\\EasyRyde\\backend\\app\\Http\\Middleware\\ApiRateLimiterMiddleware.php(31): Illuminate\\Pipeline\\Pipeline->{closure:{closure:Illuminate\\Pipeline\\Pipeline::carry():194}:195}(Object(Illuminate\\Http\\Request))\n#24 F:\\EasyRyde\\backend\\vendor\\laravel\\framework\\src\\Illuminate\\Pipeline\\Pipeline.php(219): App\\Http\\Middleware\\ApiRateLimiterMiddleware->handle(Object(Illuminate\\Http\\Request), Object(Closure))\n#25 F:\\EasyRyde\\backend\\app\\Http\\Middleware\\InputSanitizationMiddleware.php(15): Illuminate\\Pipeline\\Pipeline->{closure:{closure:Illuminate\\Pipeline\\Pipeline::carry():194}:195}(Object(Illuminate\\Http\\Request))\n#26 F:\\EasyRyde\\backend\\vendor\\laravel\\framework\\src\\Illuminate\\Pipeline\\Pipeline.php(219): App\\Http\\Middleware\\InputSanitizationMiddleware->handle(Object(Illuminate\\Http\\Request), Object(Closure))\n#27 F:\\EasyRyde\\backend\\app\\Http\\Middleware\\SecurityHeadersMiddleware.php(13): Illuminate\\Pipeline\\Pipeline->{closure:{closure:Illuminate\\Pipeline\\Pipeline::carry():194}:195}(Object(Illuminate\\Http\\Request))\n#28 F:\\EasyRyde\\backend\\vendor\\laravel\\framework\\src\\Illuminate\\Pipeline\\Pipeline.php(219): App\\Http\\Middleware\\SecurityHeadersMiddleware->handle(Object(Illuminate\\Http\\Request), Object(Closure))\n#29 F:\\EasyRyde\\backend\\vendor\\laravel\\sanctum\\src\\Http\\Middleware\\EnsureFrontendRequestsAreStateful.php(26): Illuminate\\Pipeline\\Pipeline->{closure:{closure:Illuminate\\Pipeline\\Pipeline::carry():194}:195}(Object(Illuminate\\Http\\Request))\n#30 F:\\EasyRyde\\backend\\vendor\\laravel\\framework\\src\\Illuminate\\Pipeline\\Pipeline.php(180): Laravel\\Sanctum\\Http\\Middleware\\EnsureFrontendRequestsAreStateful->{closure:Laravel\\Sanctum\\Http\\Middleware\\EnsureFrontendRequestsAreStateful::handle():25}(Object(Illuminate\\Http\\Request))\n#31 F:\\EasyRyde\\backend\\vendor\\laravel\\framework\\src\\Illuminate\\Pipeline\\Pipeline.php(137): Illuminate\\Pipeline\\Pipeline->{closure:Illuminate\\Pipeline\\Pipeline::prepareDestination():178}(Object(Illuminate\\Http\\Request))\n#32 F:\\EasyRyde\\backend\\vendor\\laravel\\sanctum\\src\\Http\\Middleware\\EnsureFrontendRequestsAreStateful.php(25): Illuminate\\Pipeline\\Pipeline->then(Object(Closure))\n#33 F:\\EasyRyde\\backend\\vendor\\laravel\\framework\\src\\Illuminate\\Pipeline\\Pipeline.php(219): Laravel\\Sanctum\\Http\\Middleware\\EnsureFrontendRequestsAreStateful->handle(Object(Illuminate\\Http\\Request), Object(Closure))\n#34 F:\\EasyRyde\\backend\\vendor\\laravel\\framework\\src\\Illuminate\\Pipeline\\Pipeline.php(137): Illuminate\\Pipeline\\Pipeline->{closure:{closure:Illuminate\\Pipeline\\Pipeline::carry():194}:195}(Object(Illuminate\\Http\\Request))\n#35 F:\\EasyRyde\\backend\\vendor\\laravel\\framework\\src\\Illuminate\\Routing\\Router.php(821): Illuminate\\Pipeline\\Pipeline->then(Object(Closure))\n#36 F:\\EasyRyde\\backend\\vendor\\laravel\\framework\\src\\Illuminate\\Routing\\Router.php(800): Illuminate\\Routing\\Router->runRouteWithinStack(Object(Illuminate\\Routing\\Route), Object(Illuminate\\Http\\Request))\n#37 F:\\EasyRyde\\backend\\vendor\\laravel\\framework\\src\\Illuminate\\Routing\\Router.php(764): Illuminate\\Routing\\Router->runRoute(Object(Illuminate\\Http\\Request), Object(Illuminate\\Routing\\Route))\n#38 F:\\EasyRyde\\backend\\vendor\\laravel\\framework\\src\\Illuminate\\Routing\\Router.php(753): Illuminate\\Routing\\Router->dispatchToRoute(Object(Illuminate\\Http\\Request))\n#39 F:\\EasyRyde\\backend\\vendor\\laravel\\framework\\src\\Illuminate\\Foundation\\Http\\Kernel.php(200): Illuminate\\Routing\\Router->dispatch(Object(Illuminate\\Http\\Request))\n#40 F:\\EasyRyde\\backend\\vendor\\laravel\\framework\\src\\Illuminate\\Pipeline\\Pipeline.php(180): Illuminate\\Foundation\\Http\\Kernel->{closure:Illuminate\\Foundation\\Http\\Kernel::dispatchToRouter():197}(Object(Illuminate\\Http\\Request))\n#41 F:\\EasyRyde\\backend\\vendor\\laravel\\framework\\src\\Illuminate\\Foundation\\Http\\Middleware\\TransformsRequest.php(21): Illuminate\\Pipeline\\Pipeline->{closure:Illuminate\\Pipeline\\Pipeline::prepareDestination():178}(Object(Illuminate\\Http\\Request))\n#42 F:\\EasyRyde\\backend\\vendor\\laravel\\framework\\src\\Illuminate\\Foundation\\Http\\Middleware\\ConvertEmptyStringsToNull.php(31): Illuminate\\Foundation\\Http\\Middleware\\TransformsRequest->handle(Object(Illuminate\\Http\\Request), Object(Closure))\n#43 F:\\EasyRyde\\backend\\vendor\\laravel\\framework\\src\\Illuminate\\Pipeline\\Pipeline.php(219): Illuminate\\Foundation\\Http\\Middleware\\ConvertEmptyStringsToNull->handle(Object(Illuminate\\Http\\Request), Object(Closure))\n#44 F:\\EasyRyde\\backend\\vendor\\laravel\\framework\\src\\Illuminate\\Foundation\\Http\\Middleware\\TransformsRequest.php(21): Illuminate\\Pipeline\\Pipeline->{closure:{closure:Illuminate\\Pipeline\\Pipeline::carry():194}:195}(Object(Illuminate\\Http\\Request))\n#45 F:\\EasyRyde\\backend\\vendor\\laravel\\framework\\src\\Illuminate\\Foundation\\Http\\Middleware\\TrimStrings.php(51): Illuminate\\Foundation\\Http\\Middleware\\TransformsRequest->handle(Object(Illuminate\\Http\\Request), Object(Closure))\n#46 F:\\EasyRyde\\backend\\vendor\\laravel\\framework\\src\\Illuminate\\Pipeline\\Pipeline.php(219): Illuminate\\Foundation\\Http\\Middleware\\TrimStrings->handle(Object(Illuminate\\Http\\Request), Object(Closure))\n#47 F:\\EasyRyde\\backend\\vendor\\laravel\\framework\\src\\Illuminate\\Http\\Middleware\\ValidatePostSize.php(27): Illuminate\\Pipeline\\Pipeline->{closure:{closure:Illuminate\\Pipeline\\Pipeline::carry():194}:195}(Object(Illuminate\\Http\\Request))\n#48 F:\\EasyRyde\\backend\\vendor\\laravel\\framework\\src\\Illuminate\\Pipeline\\Pipeline.php(219): Illuminate\\Http\\Middleware\\ValidatePostSize->handle(Object(Illuminate\\Http\\Request), Object(Closure))\n#49 F:\\EasyRyde\\backend\\vendor\\laravel\\framework\\src\\Illuminate\\Foundation\\Http\\Middleware\\PreventRequestsDuringMaintenance.php(109): Illuminate\\Pipeline\\Pipeline->{closure:{closure:Illuminate\\Pipeline\\Pipeline::carry():194}:195}(Object(Illuminate\\Http\\Request))\n#50 F:\\EasyRyde\\backend\\vendor\\laravel\\framework\\src\\Illuminate\\Pipeline\\Pipeline.php(219): Illuminate\\Foundation\\Http\\Middleware\\PreventRequestsDuringMaintenance->handle(Object(Illuminate\\Http\\Request), Object(Closure))\n#51 F:\\EasyRyde\\backend\\vendor\\laravel\\framework\\src\\Illuminate\\Http\\Middleware\\HandleCors.php(74): Illuminate\\Pipeline\\Pipeline->{closure:{closure:Illuminate\\Pipeline\\Pipeline::carry():194}:195}(Object(Illuminate\\Http\\Request))\n#52 F:\\EasyRyde\\backend\\vendor\\laravel\\framework\\src\\Illuminate\\Pipeline\\Pipeline.php(219): Illuminate\\Http\\Middleware\\HandleCors->handle(Object(Illuminate\\Http\\Request), Object(Closure))\n#53 F:\\EasyRyde\\backend\\vendor\\laravel\\framework\\src\\Illuminate\\Http\\Middleware\\TrustProxies.php(58): Illuminate\\Pipeline\\Pipeline->{closure:{closure:Illuminate\\Pipeline\\Pipeline::carry():194}:195}(Object(Illuminate\\Http\\Request))\n#54 F:\\EasyRyde\\backend\\vendor\\laravel\\framework\\src\\Illuminate\\Pipeline\\Pipeline.php(219): Illuminate\\Http\\Middleware\\TrustProxies->handle(Object(Illuminate\\Http\\Request), Object(Closure))\n#55 F:\\EasyRyde\\backend\\vendor\\laravel\\framework\\src\\Illuminate\\Foundation\\Http\\Middleware\\InvokeDeferredCallbacks.php(22): Illuminate\\Pipeline\\Pipeline->{closure:{closure:Illuminate\\Pipeline\\Pipeline::carry():194}:195}(Object(Illuminate\\Http\\Request))\n#56 F:\\EasyRyde\\backend\\vendor\\laravel\\framework\\src\\Illuminate\\Pipeline\\Pipeline.php(219): Illuminate\\Foundation\\Http\\Middleware\\InvokeDeferredCallbacks->handle(Object(Illuminate\\Http\\Request), Object(Closure))\n#57 F:\\EasyRyde\\backend\\vendor\\laravel\\framework\\src\\Illuminate\\Http\\Middleware\\ValidatePathEncoding.php(28): Illuminate\\Pipeline\\Pipeline->{closure:{closure:Illuminate\\Pipeline\\Pipeline::carry():194}:195}(Object(Illuminate\\Http\\Request))\n#58 F:\\EasyRyde\\backend\\vendor\\laravel\\framework\\src\\Illuminate\\Pipeline\\Pipeline.php(219): Illuminate\\Http\\Middleware\\ValidatePathEncoding->handle(Object(Illuminate\\Http\\Request), Object(Closure))\n#59 F:\\EasyRyde\\backend\\vendor\\laravel\\framework\\src\\Illuminate\\Pipeline\\Pipeline.php(137): Illuminate\\Pipeline\\Pipeline->{closure:{closure:Illuminate\\Pipeline\\Pipeline::carry():194}:195}(Object(Illuminate\\Http\\Request))\n#60 F:\\EasyRyde\\backend\\vendor\\laravel\\framework\\src\\Illuminate\\Foundation\\Http\\Kernel.php(175): Illuminate\\Pipeline\\Pipeline->then(Object(Closure))\n#61 F:\\EasyRyde\\backend\\vendor\\laravel\\framework\\src\\Illuminate\\Foundation\\Http\\Kernel.php(144): Illuminate\\Foundation\\Http\\Kernel->sendRequestThroughRouter(Object(Illuminate\\Http\\Request))\n#62 F:\\EasyRyde\\backend\\vendor\\laravel\\framework\\src\\Illuminate\\Foundation\\Testing\\Concerns\\MakesHttpRequests.php(607): Illuminate\\Foundation\\Http\\Kernel->handle(Object(Illuminate\\Http\\Request))\n#63 F:\\EasyRyde\\backend\\vendor\\laravel\\framework\\src\\Illuminate\\Foundation\\Testing\\Concerns\\MakesHttpRequests.php(573): Illuminate\\Foundation\\Testing\\TestCase->call('POST', '/api/v1/payment...', Array, Array, Array, Array, '{\"amount\":200,\"...')\n#64 F:\\EasyRyde\\backend\\vendor\\laravel\\framework\\src\\Illuminate\\Foundation\\Testing\\Concerns\\MakesHttpRequests.php(411): Illuminate\\Foundation\\Testing\\TestCase->json('POST', '/api/v1/payment...', Array, Array, 0)\n#65 F:\\EasyRyde\\backend\\tests\\Feature\\PaymentTest.php(131): Illuminate\\Foundation\\Testing\\TestCase->postJson('/api/v1/payment...', Array)\n#66 F:\\EasyRyde\\backend\\vendor\\phpunit\\phpunit\\src\\Framework\\TestCase.php(1318): Tests\\Feature\\PaymentTest->test_admin_can_refund_payment()\n#67 F:\\EasyRyde\\backend\\vendor\\phpunit\\phpunit\\src\\Framework\\TestCase.php(1355): PHPUnit\\Framework\\TestCase->invokeTestMethod('test_admin_can_...', Array)\n#68 F:\\EasyRyde\\backend\\vendor\\phpunit\\phpunit\\src\\Framework\\TestCase.php(521): PHPUnit\\Framework\\TestCase->runTest()\n#69 F:\\EasyRyde\\backend\\vendor\\phpunit\\phpunit\\src\\Framework\\TestRunner\\TestRunner.php(99): PHPUnit\\Framework\\TestCase->runBare()\n#70 F:\\EasyRyde\\backend\\vendor\\phpunit\\phpunit\\src\\Framework\\TestCase.php(361): PHPUnit\\Framework\\TestRunner->run(Object(Tests\\Feature\\PaymentTest))\n#71 F:\\EasyRyde\\backend\\vendor\\phpunit\\phpunit\\src\\Framework\\TestSuite.php(374): PHPUnit\\Framework\\TestCase->run()\n#72 F:\\EasyRyde\\backend\\vendor\\phpunit\\phpunit\\src\\Framework\\TestSuite.php(374): PHPUnit\\Framework\\TestSuite->run()\n#73 F:\\EasyRyde\\backend\\vendor\\phpunit\\phpunit\\src\\Framework\\TestSuite.php(374): PHPUnit\\Framework\\TestSuite->run()\n#74 F:\\EasyRyde\\backend\\vendor\\phpunit\\phpunit\\src\\TextUI\\TestRunner.php(64): PHPUnit\\Framework\\TestSuite->run()\n#75 F:\\EasyRyde\\backend\\vendor\\phpunit\\phpunit\\src\\TextUI\\Application.php(229): PHPUnit\\TextUI\\TestRunner->run(Object(PHPUnit\\TextUI\\Configuration\\Configuration), Object(PHPUnit\\Runner\\ResultCache\\DefaultResultCache), Object(PHPUnit\\Framework\\TestSuite))\n#76 F:\\EasyRyde\\backend\\vendor\\phpunit\\phpunit\\phpunit(104): PHPUnit\\TextUI\\Application->run(Array)\n#77 F:\\EasyRyde\\backend\\vendor\\bin\\phpunit(122): include('F:\\\\EasyRyde\\\\bac...')\n#78 {main}\n\n----------------------------------------------------------------------------------\n\nClass \"Stripe\\StripeClient\" not found"},{"test":"Tests\\Feature\\PaymentTest::test_rider_can_dispute_payment","file":"F:\\EasyRyde\\backend\\tests\\Feature\\PaymentTest.php","line":166,"message":"Expected response status code [200] but received 500.\nFailed asserting that 500 is identical to 200.\r\n\r\nThe following exception occurred during the last request:\n\nError: Class \"Stripe\\StripeClient\" not found in F:\\EasyRyde\\backend\\app\\Services\\StripeService.php:18\nStack trace:\n#0 F:\\EasyRyde\\backend\\vendor\\laravel\\framework\\src\\Illuminate\\Container\\Container.php(1171): App\\Services\\StripeService->__construct()\n#1 F:\\EasyRyde\\backend\\vendor\\laravel\\framework\\src\\Illuminate\\Container\\Container.php(936): Illuminate\\Container\\Container->build('App\\\\Services\\\\St...')\n#2 F:\\EasyRyde\\backend\\vendor\\laravel\\framework\\src\\Illuminate\\Foundation\\Application.php(1078): Illuminate\\Container\\Container->resolve('App\\\\Services\\\\St...', Array, true)\n#3 F:\\EasyRyde\\backend\\vendor\\laravel\\framework\\src\\Illuminate\\Container\\Container.php(864): Illuminate\\Foundation\\Application->resolve('App\\\\Services\\\\St...', Array)\n#4 F:\\EasyRyde\\backend\\vendor\\laravel\\framework\\src\\Illuminate\\Foundation\\Application.php(1058): Illuminate\\Container\\Container->make('App\\\\Services\\\\St...', Array)\n#5 F:\\EasyRyde\\backend\\vendor\\laravel\\framework\\src\\Illuminate\\Container\\Container.php(1339): Illuminate\\Foundation\\Application->make('App\\\\Services\\\\St...')\n#6 F:\\EasyRyde\\backend\\vendor\\laravel\\framework\\src\\Illuminate\\Container\\Container.php(1240): Illuminate\\Container\\Container->resolveClass(Object(ReflectionParameter), 'App\\\\Services\\\\St...')\n#7 F:\\EasyRyde\\backend\\vendor\\laravel\\framework\\src\\Illuminate\\Container\\Container.php(1165): Illuminate\\Container\\Container->resolveDependencies(Array)\n#8 F:\\EasyRyde\\backend\\vendor\\laravel\\framework\\src\\Illuminate\\Container\\Container.php(936): Illuminate\\Container\\Container->build('App\\\\Http\\\\Contro...')\n#9 F:\\EasyRyde\\backend\\vendor\\laravel\\framework\\src\\Illuminate\\Foundation\\Application.php(1078): Illuminate\\Container\\Container->resolve('App\\\\Http\\\\Contro...', Array, true)\n#10 F:\\EasyRyde\\backend\\vendor\\laravel\\framework\\src\\Illuminate\\Container\\Container.php(864): Illuminate\\Foundation\\Application->resolve('App\\\\Http\\\\Contro...', Array)\n#11 F:\\EasyRyde\\backend\\vendor\\laravel\\framework\\src\\Illuminate\\Foundation\\Application.php(1058): Illuminate\\Container\\Container->make('App\\\\Http\\\\Contro...', Array)\n#12 F:\\EasyRyde\\backend\\vendor\\laravel\\framework\\src\\Illuminate\\Routing\\Route.php(290): Illuminate\\Foundation\\Application->make('App\\\\Http\\\\Contro...')\n#13 F:\\EasyRyde\\backend\\vendor\\laravel\\framework\\src\\Illuminate\\Routing\\Route.php(270): Illuminate\\Routing\\Route->getController()\n#14 F:\\EasyRyde\\backend\\vendor\\laravel\\framework\\src\\Illuminate\\Routing\\Route.php(215): Illuminate\\Routing\\Route->runController()\n#15 F:\\EasyRyde\\backend\\vendor\\laravel\\framework\\src\\Illuminate\\Routing\\Router.php(822): Illuminate\\Routing\\Route->run()\n#16 F:\\EasyRyde\\backend\\vendor\\laravel\\framework\\src\\Illuminate\\Pipeline\\Pipeline.php(180): Illuminate\\Routing\\Router->{closure:Illuminate\\Routing\\Router::runRouteWithinStack():821}(Object(Illuminate\\Http\\Request))\n#17 F:\\EasyRyde\\backend\\vendor\\laravel\\framework\\src\\Illuminate\\Routing\\Middleware\\SubstituteBindings.php(52): Illuminate\\Pipeline\\Pipeline->{closure:Illuminate\\Pipeline\\Pipeline::prepareDestination():178}(Object(Illuminate\\Http\\Request))\n#18 F:\\EasyRyde\\backend\\vendor\\laravel\\framework\\src\\Illuminate\\Pipeline\\Pipeline.php(219): Illuminate\\Routing\\Middleware\\SubstituteBindings->handle(Object(Illuminate\\Http\\Request), Object(Closure))\n#19 F:\\EasyRyde\\backend\\vendor\\laravel\\framework\\src\\Illuminate\\Auth\\Middleware\\Authenticate.php(63): Illuminate\\Pipeline\\Pipeline->{closure:{closure:Illuminate\\Pipeline\\Pipeline::carry():194}:195}(Object(Illuminate\\Http\\Request))\n#20 F:\\EasyRyde\\backend\\vendor\\laravel\\framework\\src\\Illuminate\\Pipeline\\Pipeline.php(219): Illuminate\\Auth\\Middleware\\Authenticate->handle(Object(Illuminate\\Http\\Request), Object(Closure), 'sanctum')\n#21 F:\\EasyRyde\\backend\\app\\Http\\Middleware\\ApiRateLimiterMiddleware.php(31): Illuminate\\Pipeline\\Pipeline->{closure:{closure:Illuminate\\Pipeline\\Pipeline::carry():194}:195}(Object(Illuminate\\Http\\Request))\n#22 F:\\EasyRyde\\backend\\vendor\\laravel\\framework\\src\\Illuminate\\Pipeline\\Pipeline.php(219): App\\Http\\Middleware\\ApiRateLimiterMiddleware->handle(Object(Illuminate\\Http\\Request), Object(Closure))\n#23 F:\\EasyRyde\\backend\\app\\Http\\Middleware\\InputSanitizationMiddleware.php(15): Illuminate\\Pipeline\\Pipeline->{closure:{closure:Illuminate\\Pipeline\\Pipeline::carry():194}:195}(Object(Illuminate\\Http\\Request))\n#24 F:\\EasyRyde\\backend\\vendor\\laravel\\framework\\src\\Illuminate\\Pipeline\\Pipeline.php(219): App\\Http\\Middleware\\InputSanitizationMiddleware->handle(Object(Illuminate\\Http\\Request), Object(Closure))\n#25 F:\\EasyRyde\\backend\\app\\Http\\Middleware\\SecurityHeadersMiddleware.php(13): Illuminate\\Pipeline\\Pipeline->{closure:{closure:Illuminate\\Pipeline\\Pipeline::carry():194}:195}(Object(Illuminate\\Http\\Request))\n#26 F:\\EasyRyde\\backend\\vendor\\laravel\\framework\\src\\Illuminate\\Pipeline\\Pipeline.php(219): App\\Http\\Middleware\\SecurityHeadersMiddleware->handle(Object(Illuminate\\Http\\Request), Object(Closure))\n#27 F:\\EasyRyde\\backend\\vendor\\laravel\\sanctum\\src\\Http\\Middleware\\EnsureFrontendRequestsAreStateful.php(26): Illuminate\\Pipeline\\Pipeline->{closure:{closure:Illuminate\\Pipeline\\Pipeline::carry():194}:195}(Object(Illuminate\\Http\\Request))\n#28 F:\\EasyRyde\\backend\\vendor\\laravel\\framework\\src\\Illuminate\\Pipeline\\Pipeline.php(180): Laravel\\Sanctum\\Http\\Middleware\\EnsureFrontendRequestsAreStateful->{closure:Laravel\\Sanctum\\Http\\Middleware\\EnsureFrontendRequestsAreStateful::handle():25}(Object(Illuminate\\Http\\Request))\n#29 F:\\EasyRyde\\backend\\vendor\\laravel\\framework\\src\\Illuminate\\Pipeline\\Pipeline.php(137): Illuminate\\Pipeline\\Pipeline->{closure:Illuminate\\Pipeline\\Pipeline::prepareDestination():178}(Object(Illuminate\\Http\\Request))\n#30 F:\\EasyRyde\\backend\\vendor\\laravel\\sanctum\\src\\Http\\Middleware\\EnsureFrontendRequestsAreStateful.php(25): Illuminate\\Pipeline\\Pipeline->then(Object(Closure))\n#31 F:\\EasyRyde\\backend\\vendor\\laravel\\framework\\src\\Illuminate\\Pipeline\\Pipeline.php(219): Laravel\\Sanctum\\Http\\Middleware\\EnsureFrontendRequestsAreStateful->handle(Object(Illuminate\\Http\\Request), Object(Closure))\n#32 F:\\EasyRyde\\backend\\vendor\\laravel\\framework\\src\\Illuminate\\Pipeline\\Pipeline.php(137): Illuminate\\Pipeline\\Pipeline->{closure:{closure:Illuminate\\Pipeline\\Pipeline::carry():194}:195}(Object(Illuminate\\Http\\Request))\n#33 F:\\EasyRyde\\backend\\vendor\\laravel\\framework\\src\\Illuminate\\Routing\\Router.php(821): Illuminate\\Pipeline\\Pipeline->then(Object(Closure))\n#34 F:\\EasyRyde\\backend\\vendor\\laravel\\framework\\src\\Illuminate\\Routing\\Router.php(800): Illuminate\\Routing\\Router->runRouteWithinStack(Object(Illuminate\\Routing\\Route), Object(Illuminate\\Http\\Request))\n#35 F:\\EasyRyde\\backend\\vendor\\laravel\\framework\\src\\Illuminate\\Routing\\Router.php(764): Illuminate\\Routing\\Router->runRoute(Object(Illuminate\\Http\\Request), Object(Illuminate\\Routing\\Route))\n#36 F:\\EasyRyde\\backend\\vendor\\laravel\\framework\\src\\Illuminate\\Routing\\Router.php(753): Illuminate\\Routing\\Router->dispatchToRoute(Object(Illuminate\\Http\\Request))\n#37 F:\\EasyRyde\\backend\\vendor\\laravel\\framework\\src\\Illuminate\\Foundation\\Http\\Kernel.php(200): Illuminate\\Routing\\Router->dispatch(Object(Illuminate\\Http\\Request))\n#38 F:\\EasyRyde\\backend\\vendor\\laravel\\framework\\src\\Illuminate\\Pipeline\\Pipeline.php(180): Illuminate\\Foundation\\Http\\Kernel->{closure:Illuminate\\Foundation\\Http\\Kernel::dispatchToRouter():197}(Object(Illuminate\\Http\\Request))\n#39 F:\\EasyRyde\\backend\\vendor\\laravel\\framework\\src\\Illuminate\\Foundation\\Http\\Middleware\\TransformsRequest.php(21): Illuminate\\Pipeline\\Pipeline->{closure:Illuminate\\Pipeline\\Pipeline::prepareDestination():178}(Object(Illuminate\\Http\\Request))\n#40 F:\\EasyRyde\\backend\\vendor\\laravel\\framework\\src\\Illuminate\\Foundation\\Http\\Middleware\\ConvertEmptyStringsToNull.php(31): Illuminate\\Foundation\\Http\\Middleware\\TransformsRequest->handle(Object(Illuminate\\Http\\Request), Object(Closure))\n#41 F:\\EasyRyde\\backend\\vendor\\laravel\\framework\\src\\Illuminate\\Pipeline\\Pipeline.php(219): Illuminate\\Foundation\\Http\\Middleware\\ConvertEmptyStringsToNull->handle(Object(Illuminate\\Http\\Request), Object(Closure))\n#42 F:\\EasyRyde\\backend\\vendor\\laravel\\framework\\src\\Illuminate\\Foundation\\Http\\Middleware\\TransformsRequest.php(21): Illuminate\\Pipeline\\Pipeline->{closure:{closure:Illuminate\\Pipeline\\Pipeline::carry():194}:195}(Object(Illuminate\\Http\\Request))\n#43 F:\\EasyRyde\\backend\\vendor\\laravel\\framework\\src\\Illuminate\\Foundation\\Http\\Middleware\\TrimStrings.php(51): Illuminate\\Foundation\\Http\\Middleware\\TransformsRequest->handle(Object(Illuminate\\Http\\Request), Object(Closure))\n#44 F:\\EasyRyde\\backend\\vendor\\laravel\\framework\\src\\Illuminate\\Pipeline\\Pipeline.php(219): Illuminate\\Foundation\\Http\\Middleware\\TrimStrings->handle(Object(Illuminate\\Http\\Request), Object(Closure))\n#45 F:\\EasyRyde\\backend\\vendor\\laravel\\framework\\src\\Illuminate\\Http\\Middleware\\ValidatePostSize.php(27): Illuminate\\Pipeline\\Pipeline->{closure:{closure:Illuminate\\Pipeline\\Pipeline::carry():194}:195}(Object(Illuminate\\Http\\Request))\n#46 F:\\EasyRyde\\backend\\vendor\\laravel\\framework\\src\\Illuminate\\Pipeline\\Pipeline.php(219): Illuminate\\Http\\Middleware\\ValidatePostSize->handle(Object(Illuminate\\Http\\Request), Object(Closure))\n#47 F:\\EasyRyde\\backend\\vendor\\laravel\\framework\\src\\Illuminate\\Foundation\\Http\\Middleware\\PreventRequestsDuringMaintenance.php(109): Illuminate\\Pipeline\\Pipeline->{closure:{closure:Illuminate\\Pipeline\\Pipeline::carry():194}:195}(Object(Illuminate\\Http\\Request))\n#48 F:\\EasyRyde\\backend\\vendor\\laravel\\framework\\src\\Illuminate\\Pipeline\\Pipeline.php(219): Illuminate\\Foundation\\Http\\Middleware\\PreventRequestsDuringMaintenance->handle(Object(Illuminate\\Http\\Request), Object(Closure))\n#49 F:\\EasyRyde\\backend\\vendor\\laravel\\framework\\src\\Illuminate\\Http\\Middleware\\HandleCors.php(74): Illuminate\\Pipeline\\Pipeline->{closure:{closure:Illuminate\\Pipeline\\Pipeline::carry():194}:195}(Object(Illuminate\\Http\\Request))\n#50 F:\\EasyRyde\\backend\\vendor\\laravel\\framework\\src\\Illuminate\\Pipeline\\Pipeline.php(219): Illuminate\\Http\\Middleware\\HandleCors->handle(Object(Illuminate\\Http\\Request), Object(Closure))\n#51 F:\\EasyRyde\\backend\\vendor\\laravel\\framework\\src\\Illuminate\\Http\\Middleware\\TrustProxies.php(58): Illuminate\\Pipeline\\Pipeline->{closure:{closure:Illuminate\\Pipeline\\Pipeline::carry():194}:195}(Object(Illuminate\\Http\\Request))\n#52 F:\\EasyRyde\\backend\\vendor\\laravel\\framework\\src\\Illuminate\\Pipeline\\Pipeline.php(219): Illuminate\\Http\\Middleware\\TrustProxies->handle(Object(Illuminate\\Http\\Request), Object(Closure))\n#53 F:\\EasyRyde\\backend\\vendor\\laravel\\framework\\src\\Illuminate\\Foundation\\Http\\Middleware\\InvokeDeferredCallbacks.php(22): Illuminate\\Pipeline\\Pipeline->{closure:{closure:Illuminate\\Pipeline\\Pipeline::carry():194}:195}(Object(Illuminate\\Http\\Request))\n#54 F:\\EasyRyde\\backend\\vendor\\laravel\\framework\\src\\Illuminate\\Pipeline\\Pipeline.php(219): Illuminate\\Foundation\\Http\\Middleware\\InvokeDeferredCallbacks->handle(Object(Illuminate\\Http\\Request), Object(Closure))\n#55 F:\\EasyRyde\\backend\\vendor\\laravel\\framework\\src\\Illuminate\\Http\\Middleware\\ValidatePathEncoding.php(28): Illuminate\\Pipeline\\Pipeline->{closure:{closure:Illuminate\\Pipeline\\Pipeline::carry():194}:195}(Object(Illuminate\\Http\\Request))\n#56 F:\\EasyRyde\\backend\\vendor\\laravel\\framework\\src\\Illuminate\\Pipeline\\Pipeline.php(219): Illuminate\\Http\\Middleware\\ValidatePathEncoding->handle(Object(Illuminate\\Http\\Request), Object(Closure))\n#57 F:\\EasyRyde\\backend\\vendor\\laravel\\framework\\src\\Illuminate\\Pipeline\\Pipeline.php(137): Illuminate\\Pipeline\\Pipeline->{closure:{closure:Illuminate\\Pipeline\\Pipeline::carry():194}:195}(Object(Illuminate\\Http\\Request))\n#58 F:\\EasyRyde\\backend\\vendor\\laravel\\framework\\src\\Illuminate\\Foundation\\Http\\Kernel.php(175): Illuminate\\Pipeline\\Pipeline->then(Object(Closure))\n#59 F:\\EasyRyde\\backend\\vendor\\laravel\\framework\\src\\Illuminate\\Foundation\\Http\\Kernel.php(144): Illuminate\\Foundation\\Http\\Kernel->sendRequestThroughRouter(Object(Illuminate\\Http\\Request))\n#60 F:\\EasyRyde\\backend\\vendor\\laravel\\framework\\src\\Illuminate\\Foundation\\Testing\\Concerns\\MakesHttpRequests.php(607): Illuminate\\Foundation\\Http\\Kernel->handle(Object(Illuminate\\Http\\Request))\n#61 F:\\EasyRyde\\backend\\vendor\\laravel\\framework\\src\\Illuminate\\Foundation\\Testing\\Concerns\\MakesHttpRequests.php(573): Illuminate\\Foundation\\Testing\\TestCase->call('POST', '/api/v1/payment...', Array, Array, Array, Array, '{\"reason\":\"Char...')\n#62 F:\\EasyRyde\\backend\\vendor\\laravel\\framework\\src\\Illuminate\\Foundation\\Testing\\Concerns\\MakesHttpRequests.php(411): Illuminate\\Foundation\\Testing\\TestCase->json('POST', '/api/v1/payment...', Array, Array, 0)\n#63 F:\\EasyRyde\\backend\\tests\\Feature\\PaymentTest.php(181): Illuminate\\Foundation\\Testing\\TestCase->postJson('/api/v1/payment...', Array)\n#64 F:\\EasyRyde\\backend\\vendor\\phpunit\\phpunit\\src\\Framework\\TestCase.php(1318): Tests\\Feature\\PaymentTest->test_rider_can_dispute_payment()\n#65 F:\\EasyRyde\\backend\\vendor\\phpunit\\phpunit\\src\\Framework\\TestCase.php(1355): PHPUnit\\Framework\\TestCase->invokeTestMethod('test_rider_can_...', Array)\n#66 F:\\EasyRyde\\backend\\vendor\\phpunit\\phpunit\\src\\Framework\\TestCase.php(521): PHPUnit\\Framework\\TestCase->runTest()\n#67 F:\\EasyRyde\\backend\\vendor\\phpunit\\phpunit\\src\\Framework\\TestRunner\\TestRunner.php(99): PHPUnit\\Framework\\TestCase->runBare()\n#68 F:\\EasyRyde\\backend\\vendor\\phpunit\\phpunit\\src\\Framework\\TestCase.php(361): PHPUnit\\Framework\\TestRunner->run(Object(Tests\\Feature\\PaymentTest))\n#69 F:\\EasyRyde\\backend\\vendor\\phpunit\\phpunit\\src\\Framework\\TestSuite.php(374): PHPUnit\\Framework\\TestCase->run()\n#70 F:\\EasyRyde\\backend\\vendor\\phpunit\\phpunit\\src\\Framework\\TestSuite.php(374): PHPUnit\\Framework\\TestSuite->run()\n#71 F:\\EasyRyde\\backend\\vendor\\phpunit\\phpunit\\src\\Framework\\TestSuite.php(374): PHPUnit\\Framework\\TestSuite->run()\n#72 F:\\EasyRyde\\backend\\vendor\\phpunit\\phpunit\\src\\TextUI\\TestRunner.php(64): PHPUnit\\Framework\\TestSuite->run()\n#73 F:\\EasyRyde\\backend\\vendor\\phpunit\\phpunit\\src\\TextUI\\Application.php(229): PHPUnit\\TextUI\\TestRunner->run(Object(PHPUnit\\TextUI\\Configuration\\Configuration), Object(PHPUnit\\Runner\\ResultCache\\DefaultResultCache), Object(PHPUnit\\Framework\\TestSuite))\n#74 F:\\EasyRyde\\backend\\vendor\\phpunit\\phpunit\\phpunit(104): PHPUnit\\TextUI\\Application->run(Array)\n#75 F:\\EasyRyde\\backend\\vendor\\bin\\phpunit(122): include('F:\\\\EasyRyde\\\\bac...')\n#76 {main}\n\n----------------------------------------------------------------------------------\n\nClass \"Stripe\\StripeClient\" not found"},{"test":"Tests\\Feature\\PaymentTest::test_rider_can_get_payment_methods","file":"F:\\EasyRyde\\backend\\tests\\Feature\\PaymentTest.php","line":188,"message":"Expected response status code [200] but received 500.\nFailed asserting that 500 is identical to 200.\r\n\r\nThe following exception occurred during the last request:\n\nError: Class \"Stripe\\StripeClient\" not found in F:\\EasyRyde\\backend\\app\\Services\\StripeService.php:18\nStack trace:\n#0 F:\\EasyRyde\\backend\\vendor\\laravel\\framework\\src\\Illuminate\\Container\\Container.php(1171): App\\Services\\StripeService->__construct()\n#1 F:\\EasyRyde\\backend\\vendor\\laravel\\framework\\src\\Illuminate\\Container\\Container.php(936): Illuminate\\Container\\Container->build('App\\\\Services\\\\St...')\n#2 F:\\EasyRyde\\backend\\vendor\\laravel\\framework\\src\\Illuminate\\Foundation\\Application.php(1078): Illuminate\\Container\\Container->resolve('App\\\\Services\\\\St...', Array, true)\n#3 F:\\EasyRyde\\backend\\vendor\\laravel\\framework\\src\\Illuminate\\Container\\Container.php(864): Illuminate\\Foundation\\Application->resolve('App\\\\Services\\\\St...', Array)\n#4 F:\\EasyRyde\\backend\\vendor\\laravel\\framework\\src\\Illuminate\\Foundation\\Application.php(1058): Illuminate\\Container\\Container->make('App\\\\Services\\\\St...', Array)\n#5 F:\\EasyRyde\\backend\\vendor\\laravel\\framework\\src\\Illuminate\\Container\\Container.php(1339): Illuminate\\Foundation\\Application->make('App\\\\Services\\\\St...')\n#6 F:\\EasyRyde\\backend\\vendor\\laravel\\framework\\src\\Illuminate\\Container\\Container.php(1240): Illuminate\\Container\\Container->resolveClass(Object(ReflectionParameter), 'App\\\\Services\\\\St...')\n#7 F:\\EasyRyde\\backend\\vendor\\laravel\\framework\\src\\Illuminate\\Container\\Container.php(1165): Illuminate\\Container\\Container->resolveDependencies(Array)\n#8 F:\\EasyRyde\\backend\\vendor\\laravel\\framework\\src\\Illuminate\\Container\\Container.php(936): Illuminate\\Container\\Container->build('App\\\\Http\\\\Contro...')\n#9 F:\\EasyRyde\\backend\\vendor\\laravel\\framework\\src\\Illuminate\\Foundation\\Application.php(1078): Illuminate\\Container\\Container->resolve('App\\\\Http\\\\Contro...', Array, true)\n#10 F:\\EasyRyde\\backend\\vendor\\laravel\\framework\\src\\Illuminate\\Container\\Container.php(864): Illuminate\\Foundation\\Application->resolve('App\\\\Http\\\\Contro...', Array)\n#11 F:\\EasyRyde\\backend\\vendor\\laravel\\framework\\src\\Illuminate\\Foundation\\Application.php(1058): Illuminate\\Container\\Container->make('App\\\\Http\\\\Contro...', Array)\n#12 F:\\EasyRyde\\backend\\vendor\\laravel\\framework\\src\\Illuminate\\Routing\\Route.php(290): Illuminate\\Foundation\\Application->make('App\\\\Http\\\\Contro...')\n#13 F:\\EasyRyde\\backend\\vendor\\laravel\\framework\\src\\Illuminate\\Routing\\Route.php(270): Illuminate\\Routing\\Route->getController()\n#14 F:\\EasyRyde\\backend\\vendor\\laravel\\framework\\src\\Illuminate\\Routing\\Route.php(215): Illuminate\\Routing\\Route->runController()\n#15 F:\\EasyRyde\\backend\\vendor\\laravel\\framework\\src\\Illuminate\\Routing\\Router.php(822): Illuminate\\Routing\\Route->run()\n#16 F:\\EasyRyde\\backend\\vendor\\laravel\\framework\\src\\Illuminate\\Pipeline\\Pipeline.php(180): Illuminate\\Routing\\Router->{closure:Illuminate\\Routing\\Router::runRouteWithinStack():821}(Object(Illuminate\\Http\\Request))\n#17 F:\\EasyRyde\\backend\\vendor\\laravel\\framework\\src\\Illuminate\\Routing\\Middleware\\SubstituteBindings.php(52): Illuminate\\Pipeline\\Pipeline->{closure:Illuminate\\Pipeline\\Pipeline::prepareDestination():178}(Object(Illuminate\\Http\\Request))\n#18 F:\\EasyRyde\\backend\\vendor\\laravel\\framework\\src\\Illuminate\\Pipeline\\Pipeline.php(219): Illuminate\\Routing\\Middleware\\SubstituteBindings->handle(Object(Illuminate\\Http\\Request), Object(Closure))\n#19 F:\\EasyRyde\\backend\\vendor\\laravel\\framework\\src\\Illuminate\\Auth\\Middleware\\Authenticate.php(63): Illuminate\\Pipeline\\Pipeline->{closure:{closure:Illuminate\\Pipeline\\Pipeline::carry():194}:195}(Object(Illuminate\\Http\\Request))\n#20 F:\\EasyRyde\\backend\\vendor\\laravel\\framework\\src\\Illuminate\\Pipeline\\Pipeline.php(219): Illuminate\\Auth\\Middleware\\Authenticate->handle(Object(Illuminate\\Http\\Request), Object(Closure), 'sanctum')\n#21 F:\\EasyRyde\\backend\\app\\Http\\Middleware\\ApiRateLimiterMiddleware.php(31): Illuminate\\Pipeline\\Pipeline->{closure:{closure:Illuminate\\Pipeline\\Pipeline::carry():194}:195}(Object(Illuminate\\Http\\Request))\n#22 F:\\EasyRyde\\backend\\vendor\\laravel\\framework\\src\\Illuminate\\Pipeline\\Pipeline.php(219): App\\Http\\Middleware\\ApiRateLimiterMiddleware->handle(Object(Illuminate\\Http\\Request), Object(Closure))\n#23 F:\\EasyRyde\\backend\\app\\Http\\Middleware\\InputSanitizationMiddleware.php(15): Illuminate\\Pipeline\\Pipeline->{closure:{closure:Illuminate\\Pipeline\\Pipeline::carry():194}:195}(Object(Illuminate\\Http\\Request))\n#24 F:\\EasyRyde\\backend\\vendor\\laravel\\framework\\src\\Illuminate\\Pipeline\\Pipeline.php(219): App\\Http\\Middleware\\InputSanitizationMiddleware->handle(Object(Illuminate\\Http\\Request), Object(Closure))\n#25 F:\\EasyRyde\\backend\\app\\Http\\Middleware\\SecurityHeadersMiddleware.php(13): Illuminate\\Pipeline\\Pipeline->{closure:{closure:Illuminate\\Pipeline\\Pipeline::carry():194}:195}(Object(Illuminate\\Http\\Request))\n#26 F:\\EasyRyde\\backend\\vendor\\laravel\\framework\\src\\Illuminate\\Pipeline\\Pipeline.php(219): App\\Http\\Middleware\\SecurityHeadersMiddleware->handle(Object(Illuminate\\Http\\Request), Object(Closure))\n#27 F:\\EasyRyde\\backend\\vendor\\laravel\\sanctum\\src\\Http\\Middleware\\EnsureFrontendRequestsAreStateful.php(26): Illuminate\\Pipeline\\Pipeline->{closure:{closure:Illuminate\\Pipeline\\Pipeline::carry():194}:195}(Object(Illuminate\\Http\\Request))\n#28 F:\\EasyRyde\\backend\\vendor\\laravel\\framework\\src\\Illuminate\\Pipeline\\Pipeline.php(180): Laravel\\Sanctum\\Http\\Middleware\\EnsureFrontendRequestsAreStateful->{closure:Laravel\\Sanctum\\Http\\Middleware\\EnsureFrontendRequestsAreStateful::handle():25}(Object(Illuminate\\Http\\Request))\n#29 F:\\EasyRyde\\backend\\vendor\\laravel\\framework\\src\\Illuminate\\Pipeline\\Pipeline.php(137): Illuminate\\Pipeline\\Pipeline->{closure:Illuminate\\Pipeline\\Pipeline::prepareDestination():178}(Object(Illuminate\\Http\\Request))\n#30 F:\\EasyRyde\\backend\\vendor\\laravel\\sanctum\\src\\Http\\Middleware\\EnsureFrontendRequestsAreStateful.php(25): Illuminate\\Pipeline\\Pipeline->then(Object(Closure))\n#31 F:\\EasyRyde\\backend\\vendor\\laravel\\framework\\src\\Illuminate\\Pipeline\\Pipeline.php(219): Laravel\\Sanctum\\Http\\Middleware\\EnsureFrontendRequestsAreStateful->handle(Object(Illuminate\\Http\\Request), Object(Closure))\n#32 F:\\EasyRyde\\backend\\vendor\\laravel\\framework\\src\\Illuminate\\Pipeline\\Pipeline.php(137): Illuminate\\Pipeline\\Pipeline->{closure:{closure:Illuminate\\Pipeline\\Pipeline::carry():194}:195}(Object(Illuminate\\Http\\Request))\n#33 F:\\EasyRyde\\backend\\vendor\\laravel\\framework\\src\\Illuminate\\Routing\\Router.php(821): Illuminate\\Pipeline\\Pipeline->then(Object(Closure))\n#34 F:\\EasyRyde\\backend\\vendor\\laravel\\framework\\src\\Illuminate\\Routing\\Router.php(800): Illuminate\\Routing\\Router->runRouteWithinStack(Object(Illuminate\\Routing\\Route), Object(Illuminate\\Http\\Request))\n#35 F:\\EasyRyde\\backend\\vendor\\laravel\\framework\\src\\Illuminate\\Routing\\Router.php(764): Illuminate\\Routing\\Router->runRoute(Object(Illuminate\\Http\\Request), Object(Illuminate\\Routing\\Route))\n#36 F:\\EasyRyde\\backend\\vendor\\laravel\\framework\\src\\Illuminate\\Routing\\Router.php(753): Illuminate\\Routing\\Router->dispatchToRoute(Object(Illuminate\\Http\\Request))\n#37 F:\\EasyRyde\\backend\\vendor\\laravel\\framework\\src\\Illuminate\\Foundation\\Http\\Kernel.php(200): Illuminate\\Routing\\Router->dispatch(Object(Illuminate\\Http\\Request))\n#38 F:\\EasyRyde\\backend\\vendor\\laravel\\framework\\src\\Illuminate\\Pipeline\\Pipeline.php(180): Illuminate\\Foundation\\Http\\Kernel->{closure:Illuminate\\Foundation\\Http\\Kernel::dispatchToRouter():197}(Object(Illuminate\\Http\\Request))\n#39 F:\\EasyRyde\\backend\\vendor\\laravel\\framework\\src\\Illuminate\\Foundation\\Http\\Middleware\\TransformsRequest.php(21): Illuminate\\Pipeline\\Pipeline->{closure:Illuminate\\Pipeline\\Pipeline::prepareDestination():178}(Object(Illuminate\\Http\\Request))\n#40 F:\\EasyRyde\\backend\\vendor\\laravel\\framework\\src\\Illuminate\\Foundation\\Http\\Middleware\\ConvertEmptyStringsToNull.php(31): Illuminate\\Foundation\\Http\\Middleware\\TransformsRequest->handle(Object(Illuminate\\Http\\Request), Object(Closure))\n#41 F:\\EasyRyde\\backend\\vendor\\laravel\\framework\\src\\Illuminate\\Pipeline\\Pipeline.php(219): Illuminate\\Foundation\\Http\\Middleware\\ConvertEmptyStringsToNull->handle(Object(Illuminate\\Http\\Request), Object(Closure))\n#42 F:\\EasyRyde\\backend\\vendor\\laravel\\framework\\src\\Illuminate\\Foundation\\Http\\Middleware\\TransformsRequest.php(21): Illuminate\\Pipeline\\Pipeline->{closure:{closure:Illuminate\\Pipeline\\Pipeline::carry():194}:195}(Object(Illuminate\\Http\\Request))\n#43 F:\\EasyRyde\\backend\\vendor\\laravel\\framework\\src\\Illuminate\\Foundation\\Http\\Middleware\\TrimStrings.php(51): Illuminate\\Foundation\\Http\\Middleware\\TransformsRequest->handle(Object(Illuminate\\Http\\Request), Object(Closure))\n#44 F:\\EasyRyde\\backend\\vendor\\laravel\\framework\\src\\Illuminate\\Pipeline\\Pipeline.php(219): Illuminate\\Foundation\\Http\\Middleware\\TrimStrings->handle(Object(Illuminate\\Http\\Request), Object(Closure))\n#45 F:\\EasyRyde\\backend\\vendor\\laravel\\framework\\src\\Illuminate\\Http\\Middleware\\ValidatePostSize.php(27): Illuminate\\Pipeline\\Pipeline->{closure:{closure:Illuminate\\Pipeline\\Pipeline::carry():194}:195}(Object(Illuminate\\Http\\Request))\n#46 F:\\EasyRyde\\backend\\vendor\\laravel\\framework\\src\\Illuminate\\Pipeline\\Pipeline.php(219): Illuminate\\Http\\Middleware\\ValidatePostSize->handle(Object(Illuminate\\Http\\Request), Object(Closure))\n#47 F:\\EasyRyde\\backend\\vendor\\laravel\\framework\\src\\Illuminate\\Foundation\\Http\\Middleware\\PreventRequestsDuringMaintenance.php(109): Illuminate\\Pipeline\\Pipeline->{closure:{closure:Illuminate\\Pipeline\\Pipeline::carry():194}:195}(Object(Illuminate\\Http\\Request))\n#48 F:\\EasyRyde\\backend\\vendor\\laravel\\framework\\src\\Illuminate\\Pipeline\\Pipeline.php(219): Illuminate\\Foundation\\Http\\Middleware\\PreventRequestsDuringMaintenance->handle(Object(Illuminate\\Http\\Request), Object(Closure))\n#49 F:\\EasyRyde\\backend\\vendor\\laravel\\framework\\src\\Illuminate\\Http\\Middleware\\HandleCors.php(74): Illuminate\\Pipeline\\Pipeline->{closure:{closure:Illuminate\\Pipeline\\Pipeline::carry():194}:195}(Object(Illuminate\\Http\\Request))\n#50 F:\\EasyRyde\\backend\\vendor\\laravel\\framework\\src\\Illuminate\\Pipeline\\Pipeline.php(219): Illuminate\\Http\\Middleware\\HandleCors->handle(Object(Illuminate\\Http\\Request), Object(Closure))\n#51 F:\\EasyRyde\\backend\\vendor\\laravel\\framework\\src\\Illuminate\\Http\\Middleware\\TrustProxies.php(58): Illuminate\\Pipeline\\Pipeline->{closure:{closure:Illuminate\\Pipeline\\Pipeline::carry():194}:195}(Object(Illuminate\\Http\\Request))\n#52 F:\\EasyRyde\\backend\\vendor\\laravel\\framework\\src\\Illuminate\\Pipeline\\Pipeline.php(219): Illuminate\\Http\\Middleware\\TrustProxies->handle(Object(Illuminate\\Http\\Request), Object(Closure))\n#53 F:\\EasyRyde\\backend\\vendor\\laravel\\framework\\src\\Illuminate\\Foundation\\Http\\Middleware\\InvokeDeferredCallbacks.php(22): Illuminate\\Pipeline\\Pipeline->{closure:{closure:Illuminate\\Pipeline\\Pipeline::carry():194}:195}(Object(Illuminate\\Http\\Request))\n#54 F:\\EasyRyde\\backend\\vendor\\laravel\\framework\\src\\Illuminate\\Pipeline\\Pipeline.php(219): Illuminate\\Foundation\\Http\\Middleware\\InvokeDeferredCallbacks->handle(Object(Illuminate\\Http\\Request), Object(Closure))\n#55 F:\\EasyRyde\\backend\\vendor\\laravel\\framework\\src\\Illuminate\\Http\\Middleware\\ValidatePathEncoding.php(28): Illuminate\\Pipeline\\Pipeline->{closure:{closure:Illuminate\\Pipeline\\Pipeline::carry():194}:195}(Object(Illuminate\\Http\\Request))\n#56 F:\\EasyRyde\\backend\\vendor\\laravel\\framework\\src\\Illuminate\\Pipeline\\Pipeline.php(219): Illuminate\\Http\\Middleware\\ValidatePathEncoding->handle(Object(Illuminate\\Http\\Request), Object(Closure))\n#57 F:\\EasyRyde\\backend\\vendor\\laravel\\framework\\src\\Illuminate\\Pipeline\\Pipeline.php(137): Illuminate\\Pipeline\\Pipeline->{closure:{closure:Illuminate\\Pipeline\\Pipeline::carry():194}:195}(Object(Illuminate\\Http\\Request))\n#58 F:\\EasyRyde\\backend\\vendor\\laravel\\framework\\src\\Illuminate\\Foundation\\Http\\Kernel.php(175): Illuminate\\Pipeline\\Pipeline->then(Object(Closure))\n#59 F:\\EasyRyde\\backend\\vendor\\laravel\\framework\\src\\Illuminate\\Foundation\\Http\\Kernel.php(144): Illuminate\\Foundation\\Http\\Kernel->sendRequestThroughRouter(Object(Illuminate\\Http\\Request))\n#60 F:\\EasyRyde\\backend\\vendor\\laravel\\framework\\src\\Illuminate\\Foundation\\Testing\\Concerns\\MakesHttpRequests.php(607): Illuminate\\Foundation\\Http\\Kernel->handle(Object(Illuminate\\Http\\Request))\n#61 F:\\EasyRyde\\backend\\vendor\\laravel\\framework\\src\\Illuminate\\Foundation\\Testing\\Concerns\\MakesHttpRequests.php(573): Illuminate\\Foundation\\Testing\\TestCase->call('GET', '/api/v1/payment...', Array, Array, Array, Array, '[]')\n#62 F:\\EasyRyde\\backend\\vendor\\laravel\\framework\\src\\Illuminate\\Foundation\\Testing\\Concerns\\MakesHttpRequests.php(381): Illuminate\\Foundation\\Testing\\TestCase->json('GET', '/api/v1/payment...', Array, Array, 0)\n#63 F:\\EasyRyde\\backend\\tests\\Feature\\PaymentTest.php(194): Illuminate\\Foundation\\Testing\\TestCase->getJson('/api/v1/payment...')\n#64 F:\\EasyRyde\\backend\\vendor\\phpunit\\phpunit\\src\\Framework\\TestCase.php(1318): Tests\\Feature\\PaymentTest->test_rider_can_get_payment_methods()\n#65 F:\\EasyRyde\\backend\\vendor\\phpunit\\phpunit\\src\\Framework\\TestCase.php(1355): PHPUnit\\Framework\\TestCase->invokeTestMethod('test_rider_can_...', Array)\n#66 F:\\EasyRyde\\backend\\vendor\\phpunit\\phpunit\\src\\Framework\\TestCase.php(521): PHPUnit\\Framework\\TestCase->runTest()\n#67 F:\\EasyRyde\\backend\\vendor\\phpunit\\phpunit\\src\\Framework\\TestRunner\\TestRunner.php(99): PHPUnit\\Framework\\TestCase->runBare()\n#68 F:\\EasyRyde\\backend\\vendor\\phpunit\\phpunit\\src\\Framework\\TestCase.php(361): PHPUnit\\Framework\\TestRunner->run(Object(Tests\\Feature\\PaymentTest))\n#69 F:\\EasyRyde\\backend\\vendor\\phpunit\\phpunit\\src\\Framework\\TestSuite.php(374): PHPUnit\\Framework\\TestCase->run()\n#70 F:\\EasyRyde\\backend\\vendor\\phpunit\\phpunit\\src\\Framework\\TestSuite.php(374): PHPUnit\\Framework\\TestSuite->run()\n#71 F:\\EasyRyde\\backend\\vendor\\phpunit\\phpunit\\src\\Framework\\TestSuite.php(374): PHPUnit\\Framework\\TestSuite->run()\n#72 F:\\EasyRyde\\backend\\vendor\\phpunit\\phpunit\\src\\TextUI\\TestRunner.php(64): PHPUnit\\Framework\\TestSuite->run()\n#73 F:\\EasyRyde\\backend\\vendor\\phpunit\\phpunit\\src\\TextUI\\Application.php(229): PHPUnit\\TextUI\\TestRunner->run(Object(PHPUnit\\TextUI\\Configuration\\Configuration), Object(PHPUnit\\Runner\\ResultCache\\DefaultResultCache), Object(PHPUnit\\Framework\\TestSuite))\n#74 F:\\EasyRyde\\backend\\vendor\\phpunit\\phpunit\\phpunit(104): PHPUnit\\TextUI\\Application->run(Array)\n#75 F:\\EasyRyde\\backend\\vendor\\bin\\phpunit(122): include('F:\\\\EasyRyde\\\\bac...')\n#76 {main}\n\n----------------------------------------------------------------------------------\n\nClass \"Stripe\\StripeClient\" not found"},{"test":"Tests\\Feature\\PaymentTest::test_payment_is_recorded_for_ride","file":"F:\\EasyRyde\\backend\\tests\\Feature\\PaymentTest.php","line":209,"message":"Expected response status code [201] but received 500.\nFailed asserting that 500 is identical to 201.\r\n\r\nThe following exception occurred during the last request:\n\nError: Class \"Stripe\\StripeClient\" not found in F:\\EasyRyde\\backend\\app\\Services\\StripeService.php:18\nStack trace:\n#0 F:\\EasyRyde\\backend\\vendor\\laravel\\framework\\src\\Illuminate\\Container\\Container.php(1171): App\\Services\\StripeService->__construct()\n#1 F:\\EasyRyde\\backend\\vendor\\laravel\\framework\\src\\Illuminate\\Container\\Container.php(936): Illuminate\\Container\\Container->build('App\\\\Services\\\\St...')\n#2 F:\\EasyRyde\\backend\\vendor\\laravel\\framework\\src\\Illuminate\\Foundation\\Application.php(1078): Illuminate\\Container\\Container->resolve('App\\\\Services\\\\St...', Array, true)\n#3 F:\\EasyRyde\\backend\\vendor\\laravel\\framework\\src\\Illuminate\\Container\\Container.php(864): Illuminate\\Foundation\\Application->resolve('App\\\\Services\\\\St...', Array)\n#4 F:\\EasyRyde\\backend\\vendor\\laravel\\framework\\src\\Illuminate\\Foundation\\Application.php(1058): Illuminate\\Container\\Container->make('App\\\\Services\\\\St...', Array)\n#5 F:\\EasyRyde\\backend\\vendor\\laravel\\framework\\src\\Illuminate\\Container\\Container.php(1339): Illuminate\\Foundation\\Application->make('App\\\\Services\\\\St...')\n#6 F:\\EasyRyde\\backend\\vendor\\laravel\\framework\\src\\Illuminate\\Container\\Container.php(1240): Illuminate\\Container\\Container->resolveClass(Object(ReflectionParameter), 'App\\\\Services\\\\St...')\n#7 F:\\EasyRyde\\backend\\vendor\\laravel\\framework\\src\\Illuminate\\Container\\Container.php(1165): Illuminate\\Container\\Container->resolveDependencies(Array)\n#8 F:\\EasyRyde\\backend\\vendor\\laravel\\framework\\src\\Illuminate\\Container\\Container.php(936): Illuminate\\Container\\Container->build('App\\\\Http\\\\Contro...')\n#9 F:\\EasyRyde\\backend\\vendor\\laravel\\framework\\src\\Illuminate\\Foundation\\Application.php(1078): Illuminate\\Container\\Container->resolve('App\\\\Http\\\\Contro...', Array, true)\n#10 F:\\EasyRyde\\backend\\vendor\\laravel\\framework\\src\\Illuminate\\Container\\Container.php(864): Illuminate\\Foundation\\Application->resolve('App\\\\Http\\\\Contro...', Array)\n#11 F:\\EasyRyde\\backend\\vendor\\laravel\\framework\\src\\Illuminate\\Foundation\\Application.php(1058): Illuminate\\Container\\Container->make('App\\\\Http\\\\Contro...', Array)\n#12 F:\\EasyRyde\\backend\\vendor\\laravel\\framework\\src\\Illuminate\\Routing\\Route.php(290): Illuminate\\Foundation\\Application->make('App\\\\Http\\\\Contro...')\n#13 F:\\EasyRyde\\backend\\vendor\\laravel\\framework\\src\\Illuminate\\Routing\\Route.php(270): Illuminate\\Routing\\Route->getController()\n#14 F:\\EasyRyde\\backend\\vendor\\laravel\\framework\\src\\Illuminate\\Routing\\Route.php(215): Illuminate\\Routing\\Route->runController()\n#15 F:\\EasyRyde\\backend\\vendor\\laravel\\framework\\src\\Illuminate\\Routing\\Router.php(822): Illuminate\\Routing\\Route->run()\n#16 F:\\EasyRyde\\backend\\vendor\\laravel\\framework\\src\\Illuminate\\Pipeline\\Pipeline.php(180): Illuminate\\Routing\\Router->{closure:Illuminate\\Routing\\Router::runRouteWithinStack():821}(Object(Illuminate\\Http\\Request))\n#17 F:\\EasyRyde\\backend\\vendor\\laravel\\framework\\src\\Illuminate\\Routing\\Middleware\\SubstituteBindings.php(52): Illuminate\\Pipeline\\Pipeline->{closure:Illuminate\\Pipeline\\Pipeline::prepareDestination():178}(Object(Illuminate\\Http\\Request))\n#18 F:\\EasyRyde\\backend\\vendor\\laravel\\framework\\src\\Illuminate\\Pipeline\\Pipeline.php(219): Illuminate\\Routing\\Middleware\\SubstituteBindings->handle(Object(Illuminate\\Http\\Request), Object(Closure))\n#19 F:\\EasyRyde\\backend\\vendor\\laravel\\framework\\src\\Illuminate\\Auth\\Middleware\\Authenticate.php(63): Illuminate\\Pipeline\\Pipeline->{closure:{closure:Illuminate\\Pipeline\\Pipeline::carry():194}:195}(Object(Illuminate\\Http\\Request))\n#20 F:\\EasyRyde\\backend\\vendor\\laravel\\framework\\src\\Illuminate\\Pipeline\\Pipeline.php(219): Illuminate\\Auth\\Middleware\\Authenticate->handle(Object(Illuminate\\Http\\Request), Object(Closure), 'sanctum')\n#21 F:\\EasyRyde\\backend\\app\\Http\\Middleware\\ApiRateLimiterMiddleware.php(31): Illuminate\\Pipeline\\Pipeline->{closure:{closure:Illuminate\\Pipeline\\Pipeline::carry():194}:195}(Object(Illuminate\\Http\\Request))\n#22 F:\\EasyRyde\\backend\\vendor\\laravel\\framework\\src\\Illuminate\\Pipeline\\Pipeline.php(219): App\\Http\\Middleware\\ApiRateLimiterMiddleware->handle(Object(Illuminate\\Http\\Request), Object(Closure))\n#23 F:\\EasyRyde\\backend\\app\\Http\\Middleware\\InputSanitizationMiddleware.php(15): Illuminate\\Pipeline\\Pipeline->{closure:{closure:Illuminate\\Pipeline\\Pipeline::carry():194}:195}(Object(Illuminate\\Http\\Request))\n#24 F:\\EasyRyde\\backend\\vendor\\laravel\\framework\\src\\Illuminate\\Pipeline\\Pipeline.php(219): App\\Http\\Middleware\\InputSanitizationMiddleware->handle(Object(Illuminate\\Http\\Request), Object(Closure))\n#25 F:\\EasyRyde\\backend\\app\\Http\\Middleware\\SecurityHeadersMiddleware.php(13): Illuminate\\Pipeline\\Pipeline->{closure:{closure:Illuminate\\Pipeline\\Pipeline::carry():194}:195}(Object(Illuminate\\Http\\Request))\n#26 F:\\EasyRyde\\backend\\vendor\\laravel\\framework\\src\\Illuminate\\Pipeline\\Pipeline.php(219): App\\Http\\Middleware\\SecurityHeadersMiddleware->handle(Object(Illuminate\\Http\\Request), Object(Closure))\n#27 F:\\EasyRyde\\backend\\vendor\\laravel\\sanctum\\src\\Http\\Middleware\\EnsureFrontendRequestsAreStateful.php(26): Illuminate\\Pipeline\\Pipeline->{closure:{closure:Illuminate\\Pipeline\\Pipeline::carry():194}:195}(Object(Illuminate\\Http\\Request))\n#28 F:\\EasyRyde\\backend\\vendor\\laravel\\framework\\src\\Illuminate\\Pipeline\\Pipeline.php(180): Laravel\\Sanctum\\Http\\Middleware\\EnsureFrontendRequestsAreStateful->{closure:Laravel\\Sanctum\\Http\\Middleware\\EnsureFrontendRequestsAreStateful::handle():25}(Object(Illuminate\\Http\\Request))\n#29 F:\\EasyRyde\\backend\\vendor\\laravel\\framework\\src\\Illuminate\\Pipeline\\Pipeline.php(137): Illuminate\\Pipeline\\Pipeline->{closure:Illuminate\\Pipeline\\Pipeline::prepareDestination():178}(Object(Illuminate\\Http\\Request))\n#30 F:\\EasyRyde\\backend\\vendor\\laravel\\sanctum\\src\\Http\\Middleware\\EnsureFrontendRequestsAreStateful.php(25): Illuminate\\Pipeline\\Pipeline->then(Object(Closure))\n#31 F:\\EasyRyde\\backend\\vendor\\laravel\\framework\\src\\Illuminate\\Pipeline\\Pipeline.php(219): Laravel\\Sanctum\\Http\\Middleware\\EnsureFrontendRequestsAreStateful->handle(Object(Illuminate\\Http\\Request), Object(Closure))\n#32 F:\\EasyRyde\\backend\\vendor\\laravel\\framework\\src\\Illuminate\\Pipeline\\Pipeline.php(137): Illuminate\\Pipeline\\Pipeline->{closure:{closure:Illuminate\\Pipeline\\Pipeline::carry():194}:195}(Object(Illuminate\\Http\\Request))\n#33 F:\\EasyRyde\\backend\\vendor\\laravel\\framework\\src\\Illuminate\\Routing\\Router.php(821): Illuminate\\Pipeline\\Pipeline->then(Object(Closure))\n#34 F:\\EasyRyde\\backend\\vendor\\laravel\\framework\\src\\Illuminate\\Routing\\Router.php(800): Illuminate\\Routing\\Router->runRouteWithinStack(Object(Illuminate\\Routing\\Route), Object(Illuminate\\Http\\Request))\n#35 F:\\EasyRyde\\backend\\vendor\\laravel\\framework\\src\\Illuminate\\Routing\\Router.php(764): Illuminate\\Routing\\Router->runRoute(Object(Illuminate\\Http\\Request), Object(Illuminate\\Routing\\Route))\n#36 F:\\EasyRyde\\backend\\vendor\\laravel\\framework\\src\\Illuminate\\Routing\\Router.php(753): Illuminate\\Routing\\Router->dispatchToRoute(Object(Illuminate\\Http\\Request))\n#37 F:\\EasyRyde\\backend\\vendor\\laravel\\framework\\src\\Illuminate\\Foundation\\Http\\Kernel.php(200): Illuminate\\Routing\\Router->dispatch(Object(Illuminate\\Http\\Request))\n#38 F:\\EasyRyde\\backend\\vendor\\laravel\\framework\\src\\Illuminate\\Pipeline\\Pipeline.php(180): Illuminate\\Foundation\\Http\\Kernel->{closure:Illuminate\\Foundation\\Http\\Kernel::dispatchToRouter():197}(Object(Illuminate\\Http\\Request))\n#39 F:\\EasyRyde\\backend\\vendor\\laravel\\framework\\src\\Illuminate\\Foundation\\Http\\Middleware\\TransformsRequest.php(21): Illuminate\\Pipeline\\Pipeline->{closure:Illuminate\\Pipeline\\Pipeline::prepareDestination():178}(Object(Illuminate\\Http\\Request))\n#40 F:\\EasyRyde\\backend\\vendor\\laravel\\framework\\src\\Illuminate\\Foundation\\Http\\Middleware\\ConvertEmptyStringsToNull.php(31): Illuminate\\Foundation\\Http\\Middleware\\TransformsRequest->handle(Object(Illuminate\\Http\\Request), Object(Closure))\n#41 F:\\EasyRyde\\backend\\vendor\\laravel\\framework\\src\\Illuminate\\Pipeline\\Pipeline.php(219): Illuminate\\Foundation\\Http\\Middleware\\ConvertEmptyStringsToNull->handle(Object(Illuminate\\Http\\Request), Object(Closure))\n#42 F:\\EasyRyde\\backend\\vendor\\laravel\\framework\\src\\Illuminate\\Foundation\\Http\\Middleware\\TransformsRequest.php(21): Illuminate\\Pipeline\\Pipeline->{closure:{closure:Illuminate\\Pipeline\\Pipeline::carry():194}:195}(Object(Illuminate\\Http\\Request))\n#43 F:\\EasyRyde\\backend\\vendor\\laravel\\framework\\src\\Illuminate\\Foundation\\Http\\Middleware\\TrimStrings.php(51): Illuminate\\Foundation\\Http\\Middleware\\TransformsRequest->handle(Object(Illuminate\\Http\\Request), Object(Closure))\n#44 F:\\EasyRyde\\backend\\vendor\\laravel\\framework\\src\\Illuminate\\Pipeline\\Pipeline.php(219): Illuminate\\Foundation\\Http\\Middleware\\TrimStrings->handle(Object(Illuminate\\Http\\Request), Object(Closure))\n#45 F:\\EasyRyde\\backend\\vendor\\laravel\\framework\\src\\Illuminate\\Http\\Middleware\\ValidatePostSize.php(27): Illuminate\\Pipeline\\Pipeline->{closure:{closure:Illuminate\\Pipeline\\Pipeline::carry():194}:195}(Object(Illuminate\\Http\\Request))\n#46 F:\\EasyRyde\\backend\\vendor\\laravel\\framework\\src\\Illuminate\\Pipeline\\Pipeline.php(219): Illuminate\\Http\\Middleware\\ValidatePostSize->handle(Object(Illuminate\\Http\\Request), Object(Closure))\n#47 F:\\EasyRyde\\backend\\vendor\\laravel\\framework\\src\\Illuminate\\Foundation\\Http\\Middleware\\PreventRequestsDuringMaintenance.php(109): Illuminate\\Pipeline\\Pipeline->{closure:{closure:Illuminate\\Pipeline\\Pipeline::carry():194}:195}(Object(Illuminate\\Http\\Request))\n#48 F:\\EasyRyde\\backend\\vendor\\laravel\\framework\\src\\Illuminate\\Pipeline\\Pipeline.php(219): Illuminate\\Foundation\\Http\\Middleware\\PreventRequestsDuringMaintenance->handle(Object(Illuminate\\Http\\Request), Object(Closure))\n#49 F:\\EasyRyde\\backend\\vendor\\laravel\\framework\\src\\Illuminate\\Http\\Middleware\\HandleCors.php(74): Illuminate\\Pipeline\\Pipeline->{closure:{closure:Illuminate\\Pipeline\\Pipeline::carry():194}:195}(Object(Illuminate\\Http\\Request))\n#50 F:\\EasyRyde\\backend\\vendor\\laravel\\framework\\src\\Illuminate\\Pipeline\\Pipeline.php(219): Illuminate\\Http\\Middleware\\HandleCors->handle(Object(Illuminate\\Http\\Request), Object(Closure))\n#51 F:\\EasyRyde\\backend\\vendor\\laravel\\framework\\src\\Illuminate\\Http\\Middleware\\TrustProxies.php(58): Illuminate\\Pipeline\\Pipeline->{closure:{closure:Illuminate\\Pipeline\\Pipeline::carry():194}:195}(Object(Illuminate\\Http\\Request))\n#52 F:\\EasyRyde\\backend\\vendor\\laravel\\framework\\src\\Illuminate\\Pipeline\\Pipeline.php(219): Illuminate\\Http\\Middleware\\TrustProxies->handle(Object(Illuminate\\Http\\Request), Object(Closure))\n#53 F:\\EasyRyde\\backend\\vendor\\laravel\\framework\\src\\Illuminate\\Foundation\\Http\\Middleware\\InvokeDeferredCallbacks.php(22): Illuminate\\Pipeline\\Pipeline->{closure:{closure:Illuminate\\Pipeline\\Pipeline::carry():194}:195}(Object(Illuminate\\Http\\Request))\n#54 F:\\EasyRyde\\backend\\vendor\\laravel\\framework\\src\\Illuminate\\Pipeline\\Pipeline.php(219): Illuminate\\Foundation\\Http\\Middleware\\InvokeDeferredCallbacks->handle(Object(Illuminate\\Http\\Request), Object(Closure))\n#55 F:\\EasyRyde\\backend\\vendor\\laravel\\framework\\src\\Illuminate\\Http\\Middleware\\ValidatePathEncoding.php(28): Illuminate\\Pipeline\\Pipeline->{closure:{closure:Illuminate\\Pipeline\\Pipeline::carry():194}:195}(Object(Illuminate\\Http\\Request))\n#56 F:\\EasyRyde\\backend\\vendor\\laravel\\framework\\src\\Illuminate\\Pipeline\\Pipeline.php(219): Illuminate\\Http\\Middleware\\ValidatePathEncoding->handle(Object(Illuminate\\Http\\Request), Object(Closure))\n#57 F:\\EasyRyde\\backend\\vendor\\laravel\\framework\\src\\Illuminate\\Pipeline\\Pipeline.php(137): Illuminate\\Pipeline\\Pipeline->{closure:{closure:Illuminate\\Pipeline\\Pipeline::carry():194}:195}(Object(Illuminate\\Http\\Request))\n#58 F:\\EasyRyde\\backend\\vendor\\laravel\\framework\\src\\Illuminate\\Foundation\\Http\\Kernel.php(175): Illuminate\\Pipeline\\Pipeline->then(Object(Closure))\n#59 F:\\EasyRyde\\backend\\vendor\\laravel\\framework\\src\\Illuminate\\Foundation\\Http\\Kernel.php(144): Illuminate\\Foundation\\Http\\Kernel->sendRequestThroughRouter(Object(Illuminate\\Http\\Request))\n#60 F:\\EasyRyde\\backend\\vendor\\laravel\\framework\\src\\Illuminate\\Foundation\\Testing\\Concerns\\MakesHttpRequests.php(607): Illuminate\\Foundation\\Http\\Kernel->handle(Object(Illuminate\\Http\\Request))\n#61 F:\\EasyRyde\\backend\\vendor\\laravel\\framework\\src\\Illuminate\\Foundation\\Testing\\Concerns\\MakesHttpRequests.php(573): Illuminate\\Foundation\\Testing\\TestCase->call('POST', '/api/v1/payment...', Array, Array, Array, Array, '{\"method\":\"cash...')\n#62 F:\\EasyRyde\\backend\\vendor\\laravel\\framework\\src\\Illuminate\\Foundation\\Testing\\Concerns\\MakesHttpRequests.php(411): Illuminate\\Foundation\\Testing\\TestCase->json('POST', '/api/v1/payment...', Array, Array, 0)\n#63 F:\\EasyRyde\\backend\\tests\\Feature\\PaymentTest.php(228): Illuminate\\Foundation\\Testing\\TestCase->postJson('/api/v1/payment...', Array)\n#64 F:\\EasyRyde\\backend\\vendor\\phpunit\\phpunit\\src\\Framework\\TestCase.php(1318): Tests\\Feature\\PaymentTest->test_payment_is_recorded_for_ride()\n#65 F:\\EasyRyde\\backend\\vendor\\phpunit\\phpunit\\src\\Framework\\TestCase.php(1355): PHPUnit\\Framework\\TestCase->invokeTestMethod('test_payment_is...', Array)\n#66 F:\\EasyRyde\\backend\\vendor\\phpunit\\phpunit\\src\\Framework\\TestCase.php(521): PHPUnit\\Framework\\TestCase->runTest()\n#67 F:\\EasyRyde\\backend\\vendor\\phpunit\\phpunit\\src\\Framework\\TestRunner\\TestRunner.php(99): PHPUnit\\Framework\\TestCase->runBare()\n#68 F:\\EasyRyde\\backend\\vendor\\phpunit\\phpunit\\src\\Framework\\TestCase.php(361): PHPUnit\\Framework\\TestRunner->run(Object(Tests\\Feature\\PaymentTest))\n#69 F:\\EasyRyde\\backend\\vendor\\phpunit\\phpunit\\src\\Framework\\TestSuite.php(374): PHPUnit\\Framework\\TestCase->run()\n#70 F:\\EasyRyde\\backend\\vendor\\phpunit\\phpunit\\src\\Framework\\TestSuite.php(374): PHPUnit\\Framework\\TestSuite->run()\n#71 F:\\EasyRyde\\backend\\vendor\\phpunit\\phpunit\\src\\Framework\\TestSuite.php(374): PHPUnit\\Framework\\TestSuite->run()\n#72 F:\\EasyRyde\\backend\\vendor\\phpunit\\phpunit\\src\\TextUI\\TestRunner.php(64): PHPUnit\\Framework\\TestSuite->run()\n#73 F:\\EasyRyde\\backend\\vendor\\phpunit\\phpunit\\src\\TextUI\\Application.php(229): PHPUnit\\TextUI\\TestRunner->run(Object(PHPUnit\\TextUI\\Configuration\\Configuration), Object(PHPUnit\\Runner\\ResultCache\\DefaultResultCache), Object(PHPUnit\\Framework\\TestSuite))\n#74 F:\\EasyRyde\\backend\\vendor\\phpunit\\phpunit\\phpunit(104): PHPUnit\\TextUI\\Application->run(Array)\n#75 F:\\EasyRyde\\backend\\vendor\\bin\\phpunit(122): include('F:\\\\EasyRyde\\\\bac...')\n#76 {main}\n\n----------------------------------------------------------------------------------\n\nClass \"Stripe\\StripeClient\" not found"},{"test":"Tests\\Feature\\PlaceTest::test_can_search_places","file":"F:\\EasyRyde\\backend\\tests\\Feature\\PlaceTest.php","line":12,"message":"Expected response status code [200] but received 422.\nFailed asserting that 422 is identical to 200.\r\n\r\nThe following errors occurred during the last request:\n\n{\n    \"message\": \"The given data was invalid.\",\n    \"errors\": {\n        \"query\": [\n            \"The query field is required.\"\n        ]\n    }\n}"},{"test":"Tests\\Feature\\PlaceTest::test_search_places_partial_match","file":"F:\\EasyRyde\\backend\\tests\\Feature\\PlaceTest.php","line":21,"message":"Expected response status code [200] but received 422.\nFailed asserting that 422 is identical to 200.\r\n\r\nThe following errors occurred during the last request:\n\n{\n    \"message\": \"The given data was invalid.\",\n    \"errors\": {\n        \"query\": [\n            \"The query field is required.\"\n        ]\n    }\n}"},{"test":"Tests\\Feature\\PlaceTest::test_search_places_no_match","file":"F:\\EasyRyde\\backend\\tests\\Feature\\PlaceTest.php","line":29,"message":"Expected response status code [200] but received 422.\nFailed asserting that 422 is identical to 200.\r\n\r\nThe following errors occurred during the last request:\n\n{\n    \"message\": \"The given data was invalid.\",\n    \"errors\": {\n        \"query\": [\n            \"The query field is required.\"\n        ]\n    }\n}"},{"test":"Tests\\Feature\\PlaceTest::test_search_places_respects_limit","file":"F:\\EasyRyde\\backend\\tests\\Feature\\PlaceTest.php","line":51,"message":"Expected response status code [200] but received 422.\nFailed asserting that 422 is identical to 200.\r\n\r\nThe following errors occurred during the last request:\n\n{\n    \"message\": \"The given data was invalid.\",\n    \"errors\": {\n        \"query\": [\n            \"The query field is required.\"\n        ]\n    }\n}"},{"test":"Tests\\Feature\\PlaceTest::test_search_places_returns_correct_structure","file":"F:\\EasyRyde\\backend\\tests\\Feature\\PlaceTest.php","line":59,"message":"Expected response status code [200] but received 422.\nFailed asserting that 422 is identical to 200.\r\n\r\nThe following errors occurred during the last request:\n\n{\n    \"message\": \"The given data was invalid.\",\n    \"errors\": {\n        \"query\": [\n            \"The query field is required.\"\n        ]\n    }\n}"},{"test":"Tests\\Feature\\PromoCodeTest::test_rider_can_create_promo_code","file":"F:\\EasyRyde\\backend\\tests\\Feature\\PromoCodeTest.php","line":23,"message":"Expected response status code [201] but received 403.\nFailed asserting that 403 is identical to 201."},{"test":"Tests\\Feature\\PromoCodeTest::test_rider_can_update_promo_code","file":"F:\\EasyRyde\\backend\\tests\\Feature\\PromoCodeTest.php","line":80,"message":"Expected response status code [200] but received 403.\nFailed asserting that 403 is identical to 200."},{"test":"Tests\\Feature\\PromoCodeTest::test_create_promo_code_requires_unique_code","file":"F:\\EasyRyde\\backend\\tests\\Feature\\PromoCodeTest.php","line":121,"message":"Expected response status code [422] but received 403.\nFailed asserting that 403 is identical to 422."},{"test":"Tests\\Feature\\ReferralTest::test_referral_code_validates_invalid_code","file":"F:\\EasyRyde\\backend\\tests\\Feature\\ReferralTest.php","line":55,"message":"Failed asserting that null is identical to false."},{"test":"Tests\\Feature\\ReportingApiTest::test_admin_can_access_revenue_report","file":"F:\\EasyRyde\\backend\\tests\\Feature\\ReportingApiTest.php","line":21,"message":"Expected response status code [200] but received 404.\nFailed asserting that 404 is identical to 200."},{"test":"Tests\\Feature\\ReportingApiTest::test_admin_can_access_ride_report","file":"F:\\EasyRyde\\backend\\tests\\Feature\\ReportingApiTest.php","line":32,"message":"Expected response status code [200] but received 404.\nFailed asserting that 404 is identical to 200."},{"test":"Tests\\Feature\\ReportingApiTest::test_admin_can_access_driver_report","file":"F:\\EasyRyde\\backend\\tests\\Feature\\ReportingApiTest.php","line":43,"message":"Expected response status code [200] but received 404.\nFailed asserting that 404 is identical to 200."},{"test":"Tests\\Feature\\ReportingApiTest::test_report_fails_without_authentication","file":"F:\\EasyRyde\\backend\\tests\\Feature\\ReportingApiTest.php","line":54,"message":"Expected response status code [401] but received 404.\nFailed asserting that 404 is identical to 401."},{"test":"Tests\\Feature\\ReportingApiTest::test_report_fails_for_non_admin","file":"F:\\EasyRyde\\backend\\tests\\Feature\\ReportingApiTest.php","line":60,"message":"Expected response status code [403] but received 404.\nFailed asserting that 404 is identical to 403."},{"test":"Tests\\Feature\\ReportingApiTest::test_report_accepts_date_filters","file":"F:\\EasyRyde\\backend\\tests\\Feature\\ReportingApiTest.php","line":69,"message":"Expected response status code [200] but received 404.\nFailed asserting that 404 is identical to 200."},{"test":"Tests\\Feature\\ReportingApiTest::test_report_export_returns_csv","file":"F:\\EasyRyde\\backend\\tests\\Feature\\ReportingApiTest.php","line":83,"message":"Expected response status code [200] but received 404.\nFailed asserting that 404 is identical to 200."},{"test":"Tests\\Feature\\RideTest::test_rider_can_create_ride","file":"F:\\EasyRyde\\backend\\tests\\Feature\\RideTest.php","line":23,"message":"Expected response status code [201] but received 422.\nFailed asserting that 422 is identical to 201.\r\n\r\nThe following errors occurred during the last request:\n\n{\n    \"message\": \"The given data was invalid.\",\n    \"errors\": {\n        \"pickup_lat\": [\n            \"The pickup lat field is required.\"\n        ],\n        \"pickup_lng\": [\n            \"The pickup lng field is required.\"\n        ],\n        \"dropoff_lat\": [\n            \"The dropoff lat field is required.\"\n        ],\n        \"dropoff_lng\": [\n            \"The dropoff lng field is required.\"\n        ],\n        \"payment_method\": [\n            \"The payment method field is required.\"\n        ]\n    }\n}"},{"test":"Tests\\Feature\\RideTest::test_rider_can_cancel_ride","file":"F:\\EasyRyde\\backend\\tests\\Feature\\RideTest.php","line":73,"message":"Expected response status code [200] but received 422.\nFailed asserting that 422 is identical to 200.\r\n\r\nThe following errors occurred during the last request:\n\n{\n    \"message\": \"The given data was invalid.\",\n    \"errors\": {\n        \"cancellation_reason\": [\n            \"The cancellation reason field is required.\"\n        ]\n    }\n}"},{"test":"Tests\\Feature\\RideTest::test_driver_can_start_ride","file":"F:\\EasyRyde\\backend\\tests\\Feature\\RideTest.php","line":137,"message":"Expected response status code [200] but received 422.\nFailed asserting that 422 is identical to 200."},{"test":"Tests\\Feature\\RideTest::test_rider_can_rate_completed_ride","file":"F:\\EasyRyde\\backend\\tests\\Feature\\RideTest.php","line":201,"message":"Expected response status code [200] but received 422.\nFailed asserting that 422 is identical to 200.\r\n\r\nThe following errors occurred during the last request:\n\n{\n    \"message\": \"The given data was invalid.\",\n    \"errors\": {\n        \"score\": [\n            \"The score field is required.\"\n        ]\n    }\n}"},{"test":"Tests\\Feature\\RideTest::test_rider_can_apply_promo_to_ride","file":"F:\\EasyRyde\\backend\\tests\\Feature\\RideTest.php","line":278,"message":"Expected response status code [200] but received 422.\nFailed asserting that 422 is identical to 200.\r\n\r\nThe following errors occurred during the last request:\n\n{\n    \"message\": \"The given data was invalid.\",\n    \"errors\": {\n        \"code\": [\n            \"The code field is required.\"\n        ]\n    }\n}"},{"test":"Tests\\Feature\\SosTest::test_user_can_trigger_sos","file":"F:\\EasyRyde\\backend\\tests\\Feature\\SosTest.php","line":32,"message":"Expected response status code [201] but received 422.\nFailed asserting that 422 is identical to 201.\r\n\r\nThe following errors occurred during the last request:\n\n{\n    \"message\": \"The given data was invalid.\",\n    \"errors\": {\n        \"alert_type\": [\n            \"The alert type field is required.\"\n        ],\n        \"ride_id\": [\n            \"The ride id field is required.\"\n        ]\n    }\n}"},{"test":"Tests\\Feature\\SosTest::test_user_can_cancel_own_sos","file":"F:\\EasyRyde\\backend\\tests\\Feature\\SosTest.php","line":58,"message":"Expected response status code [200] but received 404.\nFailed asserting that 404 is identical to 200."},{"test":"Tests\\Feature\\UserTest::test_rider_can_update_own_profile","file":"F:\\EasyRyde\\backend\\tests\\Feature\\UserTest.php","line":48,"message":"Expected response status code [200] but received 403.\nFailed asserting that 403 is identical to 200."},{"test":"Tests\\Feature\\UserTest::test_update_user_validates_email","file":"F:\\EasyRyde\\backend\\tests\\Feature\\UserTest.php","line":94,"message":"Expected response status code [422] but received 403.\nFailed asserting that 403 is identical to 422."},{"test":"Tests\\Feature\\WalletTest::test_rider_can_get_wallet_balance","file":"F:\\EasyRyde\\backend\\tests\\Feature\\WalletTest.php","line":23,"message":"Failed asserting that 250 is identical to 250.0."},{"test":"Tests\\Feature\\WalletTest::test_rider_can_deposit_to_wallet","file":"F:\\EasyRyde\\backend\\tests\\Feature\\WalletTest.php","line":64,"message":"Expected response status code [200] but received 422.\nFailed asserting that 422 is identical to 200.\r\n\r\nThe following errors occurred during the last request:\n\n{\n    \"message\": \"The given data was invalid.\",\n    \"errors\": {\n        \"payment_method\": [\n            \"The payment method field is required.\"\n        ]\n    }\n}"},{"test":"Tests\\Feature\\WalletTest::test_rider_can_withdraw_from_wallet","file":"F:\\EasyRyde\\backend\\tests\\Feature\\WalletTest.php","line":83,"message":"Expected response status code [200] but received 422.\nFailed asserting that 422 is identical to 200.\r\n\r\nThe following errors occurred during the last request:\n\n{\n    \"message\": \"The given data was invalid.\",\n    \"errors\": {\n        \"bank_account\": [\n            \"The bank account field is required.\"\n        ],\n        \"bank_code\": [\n            \"The bank code field is required.\"\n        ],\n        \"bank_name\": [\n            \"The bank name field is required.\"\n        ]\n    }\n}"},{"test":"Tests\\Feature\\WalletTest::test_deposit_creates_transaction_record","file":"F:\\EasyRyde\\backend\\tests\\Feature\\WalletTest.php","line":141,"message":"Failed asserting that a row in the table [wallet_transactions] matches the attributes {\n    \"wallet_id\": \"019ed31a-28c0-715d-ac09-6bfa0daea171\",\n    \"type\": \"credit\",\n    \"amount\": 100\n}.\n\nThe table is empty."},{"test":"Tests\\Feature\\WebhookApiTest::test_stripe_webhook_accepts_valid_request","file":"F:\\EasyRyde\\backend\\tests\\Feature\\WebhookApiTest.php","line":12,"message":"Expected response status code [200] but received 500.\nFailed asserting that 500 is identical to 200.\r\n\r\nThe following exception occurred during the last request:\n\nError: Class \"Stripe\\StripeClient\" not found in F:\\EasyRyde\\backend\\app\\Services\\StripeService.php:18\nStack trace:\n#0 F:\\EasyRyde\\backend\\vendor\\laravel\\framework\\src\\Illuminate\\Container\\Container.php(1171): App\\Services\\StripeService->__construct()\n#1 F:\\EasyRyde\\backend\\vendor\\laravel\\framework\\src\\Illuminate\\Container\\Container.php(936): Illuminate\\Container\\Container->build('App\\\\Services\\\\St...')\n#2 F:\\EasyRyde\\backend\\vendor\\laravel\\framework\\src\\Illuminate\\Foundation\\Application.php(1078): Illuminate\\Container\\Container->resolve('App\\\\Services\\\\St...', Array, true)\n#3 F:\\EasyRyde\\backend\\vendor\\laravel\\framework\\src\\Illuminate\\Container\\Container.php(864): Illuminate\\Foundation\\Application->resolve('App\\\\Services\\\\St...', Array)\n#4 F:\\EasyRyde\\backend\\vendor\\laravel\\framework\\src\\Illuminate\\Foundation\\Application.php(1058): Illuminate\\Container\\Container->make('App\\\\Services\\\\St...', Array)\n#5 F:\\EasyRyde\\backend\\vendor\\laravel\\framework\\src\\Illuminate\\Container\\Container.php(1339): Illuminate\\Foundation\\Application->make('App\\\\Services\\\\St...')\n#6 F:\\EasyRyde\\backend\\vendor\\laravel\\framework\\src\\Illuminate\\Container\\Container.php(1240): Illuminate\\Container\\Container->resolveClass(Object(ReflectionParameter), 'App\\\\Services\\\\St...')\n#7 F:\\EasyRyde\\backend\\vendor\\laravel\\framework\\src\\Illuminate\\Container\\Container.php(1165): Illuminate\\Container\\Container->resolveDependencies(Array)\n#8 F:\\EasyRyde\\backend\\vendor\\laravel\\framework\\src\\Illuminate\\Container\\Container.php(936): Illuminate\\Container\\Container->build('App\\\\Http\\\\Contro...')\n#9 F:\\EasyRyde\\backend\\vendor\\laravel\\framework\\src\\Illuminate\\Foundation\\Application.php(1078): Illuminate\\Container\\Container->resolve('App\\\\Http\\\\Contro...', Array, true)\n#10 F:\\EasyRyde\\backend\\vendor\\laravel\\framework\\src\\Illuminate\\Container\\Container.php(864): Illuminate\\Foundation\\Application->resolve('App\\\\Http\\\\Contro...', Array)\n#11 F:\\EasyRyde\\backend\\vendor\\laravel\\framework\\src\\Illuminate\\Foundation\\Application.php(1058): Illuminate\\Container\\Container->make('App\\\\Http\\\\Contro...', Array)\n#12 F:\\EasyRyde\\backend\\vendor\\laravel\\framework\\src\\Illuminate\\Routing\\Route.php(290): Illuminate\\Foundation\\Application->make('App\\\\Http\\\\Contro...')\n#13 F:\\EasyRyde\\backend\\vendor\\laravel\\framework\\src\\Illuminate\\Routing\\Route.php(270): Illuminate\\Routing\\Route->getController()\n#14 F:\\EasyRyde\\backend\\vendor\\laravel\\framework\\src\\Illuminate\\Routing\\Route.php(215): Illuminate\\Routing\\Route->runController()\n#15 F:\\EasyRyde\\backend\\vendor\\laravel\\framework\\src\\Illuminate\\Routing\\Router.php(822): Illuminate\\Routing\\Route->run()\n#16 F:\\EasyRyde\\backend\\vendor\\laravel\\framework\\src\\Illuminate\\Pipeline\\Pipeline.php(180): Illuminate\\Routing\\Router->{closure:Illuminate\\Routing\\Router::runRouteWithinStack():821}(Object(Illuminate\\Http\\Request))\n#17 F:\\EasyRyde\\backend\\vendor\\laravel\\framework\\src\\Illuminate\\Routing\\Middleware\\SubstituteBindings.php(52): Illuminate\\Pipeline\\Pipeline->{closure:Illuminate\\Pipeline\\Pipeline::prepareDestination():178}(Object(Illuminate\\Http\\Request))\n#18 F:\\EasyRyde\\backend\\vendor\\laravel\\framework\\src\\Illuminate\\Pipeline\\Pipeline.php(219): Illuminate\\Routing\\Middleware\\SubstituteBindings->handle(Object(Illuminate\\Http\\Request), Object(Closure))\n#19 F:\\EasyRyde\\backend\\app\\Http\\Middleware\\ApiRateLimiterMiddleware.php(31): Illuminate\\Pipeline\\Pipeline->{closure:{closure:Illuminate\\Pipeline\\Pipeline::carry():194}:195}(Object(Illuminate\\Http\\Request))\n#20 F:\\EasyRyde\\backend\\vendor\\laravel\\framework\\src\\Illuminate\\Pipeline\\Pipeline.php(219): App\\Http\\Middleware\\ApiRateLimiterMiddleware->handle(Object(Illuminate\\Http\\Request), Object(Closure))\n#21 F:\\EasyRyde\\backend\\app\\Http\\Middleware\\InputSanitizationMiddleware.php(15): Illuminate\\Pipeline\\Pipeline->{closure:{closure:Illuminate\\Pipeline\\Pipeline::carry():194}:195}(Object(Illuminate\\Http\\Request))\n#22 F:\\EasyRyde\\backend\\vendor\\laravel\\framework\\src\\Illuminate\\Pipeline\\Pipeline.php(219): App\\Http\\Middleware\\InputSanitizationMiddleware->handle(Object(Illuminate\\Http\\Request), Object(Closure))\n#23 F:\\EasyRyde\\backend\\app\\Http\\Middleware\\SecurityHeadersMiddleware.php(13): Illuminate\\Pipeline\\Pipeline->{closure:{closure:Illuminate\\Pipeline\\Pipeline::carry():194}:195}(Object(Illuminate\\Http\\Request))\n#24 F:\\EasyRyde\\backend\\vendor\\laravel\\framework\\src\\Illuminate\\Pipeline\\Pipeline.php(219): App\\Http\\Middleware\\SecurityHeadersMiddleware->handle(Object(Illuminate\\Http\\Request), Object(Closure))\n#25 F:\\EasyRyde\\backend\\vendor\\laravel\\sanctum\\src\\Http\\Middleware\\EnsureFrontendRequestsAreStateful.php(26): Illuminate\\Pipeline\\Pipeline->{closure:{closure:Illuminate\\Pipeline\\Pipeline::carry():194}:195}(Object(Illuminate\\Http\\Request))\n#26 F:\\EasyRyde\\backend\\vendor\\laravel\\framework\\src\\Illuminate\\Pipeline\\Pipeline.php(180): Laravel\\Sanctum\\Http\\Middleware\\EnsureFrontendRequestsAreStateful->{closure:Laravel\\Sanctum\\Http\\Middleware\\EnsureFrontendRequestsAreStateful::handle():25}(Object(Illuminate\\Http\\Request))\n#27 F:\\EasyRyde\\backend\\vendor\\laravel\\framework\\src\\Illuminate\\Pipeline\\Pipeline.php(137): Illuminate\\Pipeline\\Pipeline->{closure:Illuminate\\Pipeline\\Pipeline::prepareDestination():178}(Object(Illuminate\\Http\\Request))\n#28 F:\\EasyRyde\\backend\\vendor\\laravel\\sanctum\\src\\Http\\Middleware\\EnsureFrontendRequestsAreStateful.php(25): Illuminate\\Pipeline\\Pipeline->then(Object(Closure))\n#29 F:\\EasyRyde\\backend\\vendor\\laravel\\framework\\src\\Illuminate\\Pipeline\\Pipeline.php(219): Laravel\\Sanctum\\Http\\Middleware\\EnsureFrontendRequestsAreStateful->handle(Object(Illuminate\\Http\\Request), Object(Closure))\n#30 F:\\EasyRyde\\backend\\vendor\\laravel\\framework\\src\\Illuminate\\Pipeline\\Pipeline.php(137): Illuminate\\Pipeline\\Pipeline->{closure:{closure:Illuminate\\Pipeline\\Pipeline::carry():194}:195}(Object(Illuminate\\Http\\Request))\n#31 F:\\EasyRyde\\backend\\vendor\\laravel\\framework\\src\\Illuminate\\Routing\\Router.php(821): Illuminate\\Pipeline\\Pipeline->then(Object(Closure))\n#32 F:\\EasyRyde\\backend\\vendor\\laravel\\framework\\src\\Illuminate\\Routing\\Router.php(800): Illuminate\\Routing\\Router->runRouteWithinStack(Object(Illuminate\\Routing\\Route), Object(Illuminate\\Http\\Request))\n#33 F:\\EasyRyde\\backend\\vendor\\laravel\\framework\\src\\Illuminate\\Routing\\Router.php(764): Illuminate\\Routing\\Router->runRoute(Object(Illuminate\\Http\\Request), Object(Illuminate\\Routing\\Route))\n#34 F:\\EasyRyde\\backend\\vendor\\laravel\\framework\\src\\Illuminate\\Routing\\Router.php(753): Illuminate\\Routing\\Router->dispatchToRoute(Object(Illuminate\\Http\\Request))\n#35 F:\\EasyRyde\\backend\\vendor\\laravel\\framework\\src\\Illuminate\\Foundation\\Http\\Kernel.php(200): Illuminate\\Routing\\Router->dispatch(Object(Illuminate\\Http\\Request))\n#36 F:\\EasyRyde\\backend\\vendor\\laravel\\framework\\src\\Illuminate\\Pipeline\\Pipeline.php(180): Illuminate\\Foundation\\Http\\Kernel->{closure:Illuminate\\Foundation\\Http\\Kernel::dispatchToRouter():197}(Object(Illuminate\\Http\\Request))\n#37 F:\\EasyRyde\\backend\\vendor\\laravel\\framework\\src\\Illuminate\\Foundation\\Http\\Middleware\\TransformsRequest.php(21): Illuminate\\Pipeline\\Pipeline->{closure:Illuminate\\Pipeline\\Pipeline::prepareDestination():178}(Object(Illuminate\\Http\\Request))\n#38 F:\\EasyRyde\\backend\\vendor\\laravel\\framework\\src\\Illuminate\\Foundation\\Http\\Middleware\\ConvertEmptyStringsToNull.php(31): Illuminate\\Foundation\\Http\\Middleware\\TransformsRequest->handle(Object(Illuminate\\Http\\Request), Object(Closure))\n#39 F:\\EasyRyde\\backend\\vendor\\laravel\\framework\\src\\Illuminate\\Pipeline\\Pipeline.php(219): Illuminate\\Foundation\\Http\\Middleware\\ConvertEmptyStringsToNull->handle(Object(Illuminate\\Http\\Request), Object(Closure))\n#40 F:\\EasyRyde\\backend\\vendor\\laravel\\framework\\src\\Illuminate\\Foundation\\Http\\Middleware\\TransformsRequest.php(21): Illuminate\\Pipeline\\Pipeline->{closure:{closure:Illuminate\\Pipeline\\Pipeline::carry():194}:195}(Object(Illuminate\\Http\\Request))\n#41 F:\\EasyRyde\\backend\\vendor\\laravel\\framework\\src\\Illuminate\\Foundation\\Http\\Middleware\\TrimStrings.php(51): Illuminate\\Foundation\\Http\\Middleware\\TransformsRequest->handle(Object(Illuminate\\Http\\Request), Object(Closure))\n#42 F:\\EasyRyde\\backend\\vendor\\laravel\\framework\\src\\Illuminate\\Pipeline\\Pipeline.php(219): Illuminate\\Foundation\\Http\\Middleware\\TrimStrings->handle(Object(Illuminate\\Http\\Request), Object(Closure))\n#43 F:\\EasyRyde\\backend\\vendor\\laravel\\framework\\src\\Illuminate\\Http\\Middleware\\ValidatePostSize.php(27): Illuminate\\Pipeline\\Pipeline->{closure:{closure:Illuminate\\Pipeline\\Pipeline::carry():194}:195}(Object(Illuminate\\Http\\Request))\n#44 F:\\EasyRyde\\backend\\vendor\\laravel\\framework\\src\\Illuminate\\Pipeline\\Pipeline.php(219): Illuminate\\Http\\Middleware\\ValidatePostSize->handle(Object(Illuminate\\Http\\Request), Object(Closure))\n#45 F:\\EasyRyde\\backend\\vendor\\laravel\\framework\\src\\Illuminate\\Foundation\\Http\\Middleware\\PreventRequestsDuringMaintenance.php(109): Illuminate\\Pipeline\\Pipeline->{closure:{closure:Illuminate\\Pipeline\\Pipeline::carry():194}:195}(Object(Illuminate\\Http\\Request))\n#46 F:\\EasyRyde\\backend\\vendor\\laravel\\framework\\src\\Illuminate\\Pipeline\\Pipeline.php(219): Illuminate\\Foundation\\Http\\Middleware\\PreventRequestsDuringMaintenance->handle(Object(Illuminate\\Http\\Request), Object(Closure))\n#47 F:\\EasyRyde\\backend\\vendor\\laravel\\framework\\src\\Illuminate\\Http\\Middleware\\HandleCors.php(74): Illuminate\\Pipeline\\Pipeline->{closure:{closure:Illuminate\\Pipeline\\Pipeline::carry():194}:195}(Object(Illuminate\\Http\\Request))\n#48 F:\\EasyRyde\\backend\\vendor\\laravel\\framework\\src\\Illuminate\\Pipeline\\Pipeline.php(219): Illuminate\\Http\\Middleware\\HandleCors->handle(Object(Illuminate\\Http\\Request), Object(Closure))\n#49 F:\\EasyRyde\\backend\\vendor\\laravel\\framework\\src\\Illuminate\\Http\\Middleware\\TrustProxies.php(58): Illuminate\\Pipeline\\Pipeline->{closure:{closure:Illuminate\\Pipeline\\Pipeline::carry():194}:195}(Object(Illuminate\\Http\\Request))\n#50 F:\\EasyRyde\\backend\\vendor\\laravel\\framework\\src\\Illuminate\\Pipeline\\Pipeline.php(219): Illuminate\\Http\\Middleware\\TrustProxies->handle(Object(Illuminate\\Http\\Request), Object(Closure))\n#51 F:\\EasyRyde\\backend\\vendor\\laravel\\framework\\src\\Illuminate\\Foundation\\Http\\Middleware\\InvokeDeferredCallbacks.php(22): Illuminate\\Pipeline\\Pipeline->{closure:{closure:Illuminate\\Pipeline\\Pipeline::carry():194}:195}(Object(Illuminate\\Http\\Request))\n#52 F:\\EasyRyde\\backend\\vendor\\laravel\\framework\\src\\Illuminate\\Pipeline\\Pipeline.php(219): Illuminate\\Foundation\\Http\\Middleware\\InvokeDeferredCallbacks->handle(Object(Illuminate\\Http\\Request), Object(Closure))\n#53 F:\\EasyRyde\\backend\\vendor\\laravel\\framework\\src\\Illuminate\\Http\\Middleware\\ValidatePathEncoding.php(28): Illuminate\\Pipeline\\Pipeline->{closure:{closure:Illuminate\\Pipeline\\Pipeline::carry():194}:195}(Object(Illuminate\\Http\\Request))\n#54 F:\\EasyRyde\\backend\\vendor\\laravel\\framework\\src\\Illuminate\\Pipeline\\Pipeline.php(219): Illuminate\\Http\\Middleware\\ValidatePathEncoding->handle(Object(Illuminate\\Http\\Request), Object(Closure))\n#55 F:\\EasyRyde\\backend\\vendor\\laravel\\framework\\src\\Illuminate\\Pipeline\\Pipeline.php(137): Illuminate\\Pipeline\\Pipeline->{closure:{closure:Illuminate\\Pipeline\\Pipeline::carry():194}:195}(Object(Illuminate\\Http\\Request))\n#56 F:\\EasyRyde\\backend\\vendor\\laravel\\framework\\src\\Illuminate\\Foundation\\Http\\Kernel.php(175): Illuminate\\Pipeline\\Pipeline->then(Object(Closure))\n#57 F:\\EasyRyde\\backend\\vendor\\laravel\\framework\\src\\Illuminate\\Foundation\\Http\\Kernel.php(144): Illuminate\\Foundation\\Http\\Kernel->sendRequestThroughRouter(Object(Illuminate\\Http\\Request))\n#58 F:\\EasyRyde\\backend\\vendor\\laravel\\framework\\src\\Illuminate\\Foundation\\Testing\\Concerns\\MakesHttpRequests.php(607): Illuminate\\Foundation\\Http\\Kernel->handle(Object(Illuminate\\Http\\Request))\n#59 F:\\EasyRyde\\backend\\vendor\\laravel\\framework\\src\\Illuminate\\Foundation\\Testing\\Concerns\\MakesHttpRequests.php(573): Illuminate\\Foundation\\Testing\\TestCase->call('POST', '/api/v1/webhook...', Array, Array, Array, Array, '{\"type\":\"paymen...')\n#60 F:\\EasyRyde\\backend\\vendor\\laravel\\framework\\src\\Illuminate\\Foundation\\Testing\\Concerns\\MakesHttpRequests.php(411): Illuminate\\Foundation\\Testing\\TestCase->json('POST', '/api/v1/webhook...', Array, Array, 0)\n#61 F:\\EasyRyde\\backend\\tests\\Feature\\WebhookApiTest.php(21): Illuminate\\Foundation\\Testing\\TestCase->postJson('/api/v1/webhook...', Array, Array)\n#62 F:\\EasyRyde\\backend\\vendor\\phpunit\\phpunit\\src\\Framework\\TestCase.php(1318): Tests\\Feature\\WebhookApiTest->test_stripe_webhook_accepts_valid_request()\n#63 F:\\EasyRyde\\backend\\vendor\\phpunit\\phpunit\\src\\Framework\\TestCase.php(1355): PHPUnit\\Framework\\TestCase->invokeTestMethod('test_stripe_web...', Array)\n#64 F:\\EasyRyde\\backend\\vendor\\phpunit\\phpunit\\src\\Framework\\TestCase.php(521): PHPUnit\\Framework\\TestCase->runTest()\n#65 F:\\EasyRyde\\backend\\vendor\\phpunit\\phpunit\\src\\Framework\\TestRunner\\TestRunner.php(99): PHPUnit\\Framework\\TestCase->runBare()\n#66 F:\\EasyRyde\\backend\\vendor\\phpunit\\phpunit\\src\\Framework\\TestCase.php(361): PHPUnit\\Framework\\TestRunner->run(Object(Tests\\Feature\\WebhookApiTest))\n#67 F:\\EasyRyde\\backend\\vendor\\phpunit\\phpunit\\src\\Framework\\TestSuite.php(374): PHPUnit\\Framework\\TestCase->run()\n#68 F:\\EasyRyde\\backend\\vendor\\phpunit\\phpunit\\src\\Framework\\TestSuite.php(374): PHPUnit\\Framework\\TestSuite->run()\n#69 F:\\EasyRyde\\backend\\vendor\\phpunit\\phpunit\\src\\Framework\\TestSuite.php(374): PHPUnit\\Framework\\TestSuite->run()\n#70 F:\\EasyRyde\\backend\\vendor\\phpunit\\phpunit\\src\\TextUI\\TestRunner.php(64): PHPUnit\\Framework\\TestSuite->run()\n#71 F:\\EasyRyde\\backend\\vendor\\phpunit\\phpunit\\src\\TextUI\\Application.php(229): PHPUnit\\TextUI\\TestRunner->run(Object(PHPUnit\\TextUI\\Configuration\\Configuration), Object(PHPUnit\\Runner\\ResultCache\\DefaultResultCache), Object(PHPUnit\\Framework\\TestSuite))\n#72 F:\\EasyRyde\\backend\\vendor\\phpunit\\phpunit\\phpunit(104): PHPUnit\\TextUI\\Application->run(Array)\n#73 F:\\EasyRyde\\backend\\vendor\\bin\\phpunit(122): include('F:\\\\EasyRyde\\\\bac...')\n#74 {main}\n\n----------------------------------------------------------------------------------\n\nClass \"Stripe\\StripeClient\" not found"},{"test":"Tests\\Feature\\WebhookApiTest::test_stripe_webhook_rejects_missing_signature","file":"F:\\EasyRyde\\backend\\tests\\Feature\\WebhookApiTest.php","line":28,"message":"Expected response status code [200] but received 500.\nFailed asserting that 500 is identical to 200.\r\n\r\nThe following exception occurred during the last request:\n\nError: Class \"Stripe\\StripeClient\" not found in F:\\EasyRyde\\backend\\app\\Services\\StripeService.php:18\nStack trace:\n#0 F:\\EasyRyde\\backend\\vendor\\laravel\\framework\\src\\Illuminate\\Container\\Container.php(1171): App\\Services\\StripeService->__construct()\n#1 F:\\EasyRyde\\backend\\vendor\\laravel\\framework\\src\\Illuminate\\Container\\Container.php(936): Illuminate\\Container\\Container->build('App\\\\Services\\\\St...')\n#2 F:\\EasyRyde\\backend\\vendor\\laravel\\framework\\src\\Illuminate\\Foundation\\Application.php(1078): Illuminate\\Container\\Container->resolve('App\\\\Services\\\\St...', Array, true)\n#3 F:\\EasyRyde\\backend\\vendor\\laravel\\framework\\src\\Illuminate\\Container\\Container.php(864): Illuminate\\Foundation\\Application->resolve('App\\\\Services\\\\St...', Array)\n#4 F:\\EasyRyde\\backend\\vendor\\laravel\\framework\\src\\Illuminate\\Foundation\\Application.php(1058): Illuminate\\Container\\Container->make('App\\\\Services\\\\St...', Array)\n#5 F:\\EasyRyde\\backend\\vendor\\laravel\\framework\\src\\Illuminate\\Container\\Container.php(1339): Illuminate\\Foundation\\Application->make('App\\\\Services\\\\St...')\n#6 F:\\EasyRyde\\backend\\vendor\\laravel\\framework\\src\\Illuminate\\Container\\Container.php(1240): Illuminate\\Container\\Container->resolveClass(Object(ReflectionParameter), 'App\\\\Services\\\\St...')\n#7 F:\\EasyRyde\\backend\\vendor\\laravel\\framework\\src\\Illuminate\\Container\\Container.php(1165): Illuminate\\Container\\Container->resolveDependencies(Array)\n#8 F:\\EasyRyde\\backend\\vendor\\laravel\\framework\\src\\Illuminate\\Container\\Container.php(936): Illuminate\\Container\\Container->build('App\\\\Http\\\\Contro...')\n#9 F:\\EasyRyde\\backend\\vendor\\laravel\\framework\\src\\Illuminate\\Foundation\\Application.php(1078): Illuminate\\Container\\Container->resolve('App\\\\Http\\\\Contro...', Array, true)\n#10 F:\\EasyRyde\\backend\\vendor\\laravel\\framework\\src\\Illuminate\\Container\\Container.php(864): Illuminate\\Foundation\\Application->resolve('App\\\\Http\\\\Contro...', Array)\n#11 F:\\EasyRyde\\backend\\vendor\\laravel\\framework\\src\\Illuminate\\Foundation\\Application.php(1058): Illuminate\\Container\\Container->make('App\\\\Http\\\\Contro...', Array)\n#12 F:\\EasyRyde\\backend\\vendor\\laravel\\framework\\src\\Illuminate\\Routing\\Route.php(290): Illuminate\\Foundation\\Application->make('App\\\\Http\\\\Contro...')\n#13 F:\\EasyRyde\\backend\\vendor\\laravel\\framework\\src\\Illuminate\\Routing\\Route.php(270): Illuminate\\Routing\\Route->getController()\n#14 F:\\EasyRyde\\backend\\vendor\\laravel\\framework\\src\\Illuminate\\Routing\\Route.php(215): Illuminate\\Routing\\Route->runController()\n#15 F:\\EasyRyde\\backend\\vendor\\laravel\\framework\\src\\Illuminate\\Routing\\Router.php(822): Illuminate\\Routing\\Route->run()\n#16 F:\\EasyRyde\\backend\\vendor\\laravel\\framework\\src\\Illuminate\\Pipeline\\Pipeline.php(180): Illuminate\\Routing\\Router->{closure:Illuminate\\Routing\\Router::runRouteWithinStack():821}(Object(Illuminate\\Http\\Request))\n#17 F:\\EasyRyde\\backend\\vendor\\laravel\\framework\\src\\Illuminate\\Routing\\Middleware\\SubstituteBindings.php(52): Illuminate\\Pipeline\\Pipeline->{closure:Illuminate\\Pipeline\\Pipeline::prepareDestination():178}(Object(Illuminate\\Http\\Request))\n#18 F:\\EasyRyde\\backend\\vendor\\laravel\\framework\\src\\Illuminate\\Pipeline\\Pipeline.php(219): Illuminate\\Routing\\Middleware\\SubstituteBindings->handle(Object(Illuminate\\Http\\Request), Object(Closure))\n#19 F:\\EasyRyde\\backend\\app\\Http\\Middleware\\ApiRateLimiterMiddleware.php(31): Illuminate\\Pipeline\\Pipeline->{closure:{closure:Illuminate\\Pipeline\\Pipeline::carry():194}:195}(Object(Illuminate\\Http\\Request))\n#20 F:\\EasyRyde\\backend\\vendor\\laravel\\framework\\src\\Illuminate\\Pipeline\\Pipeline.php(219): App\\Http\\Middleware\\ApiRateLimiterMiddleware->handle(Object(Illuminate\\Http\\Request), Object(Closure))\n#21 F:\\EasyRyde\\backend\\app\\Http\\Middleware\\InputSanitizationMiddleware.php(15): Illuminate\\Pipeline\\Pipeline->{closure:{closure:Illuminate\\Pipeline\\Pipeline::carry():194}:195}(Object(Illuminate\\Http\\Request))\n#22 F:\\EasyRyde\\backend\\vendor\\laravel\\framework\\src\\Illuminate\\Pipeline\\Pipeline.php(219): App\\Http\\Middleware\\InputSanitizationMiddleware->handle(Object(Illuminate\\Http\\Request), Object(Closure))\n#23 F:\\EasyRyde\\backend\\app\\Http\\Middleware\\SecurityHeadersMiddleware.php(13): Illuminate\\Pipeline\\Pipeline->{closure:{closure:Illuminate\\Pipeline\\Pipeline::carry():194}:195}(Object(Illuminate\\Http\\Request))\n#24 F:\\EasyRyde\\backend\\vendor\\laravel\\framework\\src\\Illuminate\\Pipeline\\Pipeline.php(219): App\\Http\\Middleware\\SecurityHeadersMiddleware->handle(Object(Illuminate\\Http\\Request), Object(Closure))\n#25 F:\\EasyRyde\\backend\\vendor\\laravel\\sanctum\\src\\Http\\Middleware\\EnsureFrontendRequestsAreStateful.php(26): Illuminate\\Pipeline\\Pipeline->{closure:{closure:Illuminate\\Pipeline\\Pipeline::carry():194}:195}(Object(Illuminate\\Http\\Request))\n#26 F:\\EasyRyde\\backend\\vendor\\laravel\\framework\\src\\Illuminate\\Pipeline\\Pipeline.php(180): Laravel\\Sanctum\\Http\\Middleware\\EnsureFrontendRequestsAreStateful->{closure:Laravel\\Sanctum\\Http\\Middleware\\EnsureFrontendRequestsAreStateful::handle():25}(Object(Illuminate\\Http\\Request))\n#27 F:\\EasyRyde\\backend\\vendor\\laravel\\framework\\src\\Illuminate\\Pipeline\\Pipeline.php(137): Illuminate\\Pipeline\\Pipeline->{closure:Illuminate\\Pipeline\\Pipeline::prepareDestination():178}(Object(Illuminate\\Http\\Request))\n#28 F:\\EasyRyde\\backend\\vendor\\laravel\\sanctum\\src\\Http\\Middleware\\EnsureFrontendRequestsAreStateful.php(25): Illuminate\\Pipeline\\Pipeline->then(Object(Closure))\n#29 F:\\EasyRyde\\backend\\vendor\\laravel\\framework\\src\\Illuminate\\Pipeline\\Pipeline.php(219): Laravel\\Sanctum\\Http\\Middleware\\EnsureFrontendRequestsAreStateful->handle(Object(Illuminate\\Http\\Request), Object(Closure))\n#30 F:\\EasyRyde\\backend\\vendor\\laravel\\framework\\src\\Illuminate\\Pipeline\\Pipeline.php(137): Illuminate\\Pipeline\\Pipeline->{closure:{closure:Illuminate\\Pipeline\\Pipeline::carry():194}:195}(Object(Illuminate\\Http\\Request))\n#31 F:\\EasyRyde\\backend\\vendor\\laravel\\framework\\src\\Illuminate\\Routing\\Router.php(821): Illuminate\\Pipeline\\Pipeline->then(Object(Closure))\n#32 F:\\EasyRyde\\backend\\vendor\\laravel\\framework\\src\\Illuminate\\Routing\\Router.php(800): Illuminate\\Routing\\Router->runRouteWithinStack(Object(Illuminate\\Routing\\Route), Object(Illuminate\\Http\\Request))\n#33 F:\\EasyRyde\\backend\\vendor\\laravel\\framework\\src\\Illuminate\\Routing\\Router.php(764): Illuminate\\Routing\\Router->runRoute(Object(Illuminate\\Http\\Request), Object(Illuminate\\Routing\\Route))\n#34 F:\\EasyRyde\\backend\\vendor\\laravel\\framework\\src\\Illuminate\\Routing\\Router.php(753): Illuminate\\Routing\\Router->dispatchToRoute(Object(Illuminate\\Http\\Request))\n#35 F:\\EasyRyde\\backend\\vendor\\laravel\\framework\\src\\Illuminate\\Foundation\\Http\\Kernel.php(200): Illuminate\\Routing\\Router->dispatch(Object(Illuminate\\Http\\Request))\n#36 F:\\EasyRyde\\backend\\vendor\\laravel\\framework\\src\\Illuminate\\Pipeline\\Pipeline.php(180): Illuminate\\Foundation\\Http\\Kernel->{closure:Illuminate\\Foundation\\Http\\Kernel::dispatchToRouter():197}(Object(Illuminate\\Http\\Request))\n#37 F:\\EasyRyde\\backend\\vendor\\laravel\\framework\\src\\Illuminate\\Foundation\\Http\\Middleware\\TransformsRequest.php(21): Illuminate\\Pipeline\\Pipeline->{closure:Illuminate\\Pipeline\\Pipeline::prepareDestination():178}(Object(Illuminate\\Http\\Request))\n#38 F:\\EasyRyde\\backend\\vendor\\laravel\\framework\\src\\Illuminate\\Foundation\\Http\\Middleware\\ConvertEmptyStringsToNull.php(31): Illuminate\\Foundation\\Http\\Middleware\\TransformsRequest->handle(Object(Illuminate\\Http\\Request), Object(Closure))\n#39 F:\\EasyRyde\\backend\\vendor\\laravel\\framework\\src\\Illuminate\\Pipeline\\Pipeline.php(219): Illuminate\\Foundation\\Http\\Middleware\\ConvertEmptyStringsToNull->handle(Object(Illuminate\\Http\\Request), Object(Closure))\n#40 F:\\EasyRyde\\backend\\vendor\\laravel\\framework\\src\\Illuminate\\Foundation\\Http\\Middleware\\TransformsRequest.php(21): Illuminate\\Pipeline\\Pipeline->{closure:{closure:Illuminate\\Pipeline\\Pipeline::carry():194}:195}(Object(Illuminate\\Http\\Request))\n#41 F:\\EasyRyde\\backend\\vendor\\laravel\\framework\\src\\Illuminate\\Foundation\\Http\\Middleware\\TrimStrings.php(51): Illuminate\\Foundation\\Http\\Middleware\\TransformsRequest->handle(Object(Illuminate\\Http\\Request), Object(Closure))\n#42 F:\\EasyRyde\\backend\\vendor\\laravel\\framework\\src\\Illuminate\\Pipeline\\Pipeline.php(219): Illuminate\\Foundation\\Http\\Middleware\\TrimStrings->handle(Object(Illuminate\\Http\\Request), Object(Closure))\n#43 F:\\EasyRyde\\backend\\vendor\\laravel\\framework\\src\\Illuminate\\Http\\Middleware\\ValidatePostSize.php(27): Illuminate\\Pipeline\\Pipeline->{closure:{closure:Illuminate\\Pipeline\\Pipeline::carry():194}:195}(Object(Illuminate\\Http\\Request))\n#44 F:\\EasyRyde\\backend\\vendor\\laravel\\framework\\src\\Illuminate\\Pipeline\\Pipeline.php(219): Illuminate\\Http\\Middleware\\ValidatePostSize->handle(Object(Illuminate\\Http\\Request), Object(Closure))\n#45 F:\\EasyRyde\\backend\\vendor\\laravel\\framework\\src\\Illuminate\\Foundation\\Http\\Middleware\\PreventRequestsDuringMaintenance.php(109): Illuminate\\Pipeline\\Pipeline->{closure:{closure:Illuminate\\Pipeline\\Pipeline::carry():194}:195}(Object(Illuminate\\Http\\Request))\n#46 F:\\EasyRyde\\backend\\vendor\\laravel\\framework\\src\\Illuminate\\Pipeline\\Pipeline.php(219): Illuminate\\Foundation\\Http\\Middleware\\PreventRequestsDuringMaintenance->handle(Object(Illuminate\\Http\\Request), Object(Closure))\n#47 F:\\EasyRyde\\backend\\vendor\\laravel\\framework\\src\\Illuminate\\Http\\Middleware\\HandleCors.php(74): Illuminate\\Pipeline\\Pipeline->{closure:{closure:Illuminate\\Pipeline\\Pipeline::carry():194}:195}(Object(Illuminate\\Http\\Request))\n#48 F:\\EasyRyde\\backend\\vendor\\laravel\\framework\\src\\Illuminate\\Pipeline\\Pipeline.php(219): Illuminate\\Http\\Middleware\\HandleCors->handle(Object(Illuminate\\Http\\Request), Object(Closure))\n#49 F:\\EasyRyde\\backend\\vendor\\laravel\\framework\\src\\Illuminate\\Http\\Middleware\\TrustProxies.php(58): Illuminate\\Pipeline\\Pipeline->{closure:{closure:Illuminate\\Pipeline\\Pipeline::carry():194}:195}(Object(Illuminate\\Http\\Request))\n#50 F:\\EasyRyde\\backend\\vendor\\laravel\\framework\\src\\Illuminate\\Pipeline\\Pipeline.php(219): Illuminate\\Http\\Middleware\\TrustProxies->handle(Object(Illuminate\\Http\\Request), Object(Closure))\n#51 F:\\EasyRyde\\backend\\vendor\\laravel\\framework\\src\\Illuminate\\Foundation\\Http\\Middleware\\InvokeDeferredCallbacks.php(22): Illuminate\\Pipeline\\Pipeline->{closure:{closure:Illuminate\\Pipeline\\Pipeline::carry():194}:195}(Object(Illuminate\\Http\\Request))\n#52 F:\\EasyRyde\\backend\\vendor\\laravel\\framework\\src\\Illuminate\\Pipeline\\Pipeline.php(219): Illuminate\\Foundation\\Http\\Middleware\\InvokeDeferredCallbacks->handle(Object(Illuminate\\Http\\Request), Object(Closure))\n#53 F:\\EasyRyde\\backend\\vendor\\laravel\\framework\\src\\Illuminate\\Http\\Middleware\\ValidatePathEncoding.php(28): Illuminate\\Pipeline\\Pipeline->{closure:{closure:Illuminate\\Pipeline\\Pipeline::carry():194}:195}(Object(Illuminate\\Http\\Request))\n#54 F:\\EasyRyde\\backend\\vendor\\laravel\\framework\\src\\Illuminate\\Pipeline\\Pipeline.php(219): Illuminate\\Http\\Middleware\\ValidatePathEncoding->handle(Object(Illuminate\\Http\\Request), Object(Closure))\n#55 F:\\EasyRyde\\backend\\vendor\\laravel\\framework\\src\\Illuminate\\Pipeline\\Pipeline.php(137): Illuminate\\Pipeline\\Pipeline->{closure:{closure:Illuminate\\Pipeline\\Pipeline::carry():194}:195}(Object(Illuminate\\Http\\Request))\n#56 F:\\EasyRyde\\backend\\vendor\\laravel\\framework\\src\\Illuminate\\Foundation\\Http\\Kernel.php(175): Illuminate\\Pipeline\\Pipeline->then(Object(Closure))\n#57 F:\\EasyRyde\\backend\\vendor\\laravel\\framework\\src\\Illuminate\\Foundation\\Http\\Kernel.php(144): Illuminate\\Foundation\\Http\\Kernel->sendRequestThroughRouter(Object(Illuminate\\Http\\Request))\n#58 F:\\EasyRyde\\backend\\vendor\\laravel\\framework\\src\\Illuminate\\Foundation\\Testing\\Concerns\\MakesHttpRequests.php(607): Illuminate\\Foundation\\Http\\Kernel->handle(Object(Illuminate\\Http\\Request))\n#59 F:\\EasyRyde\\backend\\vendor\\laravel\\framework\\src\\Illuminate\\Foundation\\Testing\\Concerns\\MakesHttpRequests.php(573): Illuminate\\Foundation\\Testing\\TestCase->call('POST', '/api/v1/webhook...', Array, Array, Array, Array, '{\"type\":\"paymen...')\n#60 F:\\EasyRyde\\backend\\vendor\\laravel\\framework\\src\\Illuminate\\Foundation\\Testing\\Concerns\\MakesHttpRequests.php(411): Illuminate\\Foundation\\Testing\\TestCase->json('POST', '/api/v1/webhook...', Array, Array, 0)\n#61 F:\\EasyRyde\\backend\\tests\\Feature\\WebhookApiTest.php(30): Illuminate\\Foundation\\Testing\\TestCase->postJson('/api/v1/webhook...', Array)\n#62 F:\\EasyRyde\\backend\\vendor\\phpunit\\phpunit\\src\\Framework\\TestCase.php(1318): Tests\\Feature\\WebhookApiTest->test_stripe_webhook_rejects_missing_signature()\n#63 F:\\EasyRyde\\backend\\vendor\\phpunit\\phpunit\\src\\Framework\\TestCase.php(1355): PHPUnit\\Framework\\TestCase->invokeTestMethod('test_stripe_web...', Array)\n#64 F:\\EasyRyde\\backend\\vendor\\phpunit\\phpunit\\src\\Framework\\TestCase.php(521): PHPUnit\\Framework\\TestCase->runTest()\n#65 F:\\EasyRyde\\backend\\vendor\\phpunit\\phpunit\\src\\Framework\\TestRunner\\TestRunner.php(99): PHPUnit\\Framework\\TestCase->runBare()\n#66 F:\\EasyRyde\\backend\\vendor\\phpunit\\phpunit\\src\\Framework\\TestCase.php(361): PHPUnit\\Framework\\TestRunner->run(Object(Tests\\Feature\\WebhookApiTest))\n#67 F:\\EasyRyde\\backend\\vendor\\phpunit\\phpunit\\src\\Framework\\TestSuite.php(374): PHPUnit\\Framework\\TestCase->run()\n#68 F:\\EasyRyde\\backend\\vendor\\phpunit\\phpunit\\src\\Framework\\TestSuite.php(374): PHPUnit\\Framework\\TestSuite->run()\n#69 F:\\EasyRyde\\backend\\vendor\\phpunit\\phpunit\\src\\Framework\\TestSuite.php(374): PHPUnit\\Framework\\TestSuite->run()\n#70 F:\\EasyRyde\\backend\\vendor\\phpunit\\phpunit\\src\\TextUI\\TestRunner.php(64): PHPUnit\\Framework\\TestSuite->run()\n#71 F:\\EasyRyde\\backend\\vendor\\phpunit\\phpunit\\src\\TextUI\\Application.php(229): PHPUnit\\TextUI\\TestRunner->run(Object(PHPUnit\\TextUI\\Configuration\\Configuration), Object(PHPUnit\\Runner\\ResultCache\\DefaultResultCache), Object(PHPUnit\\Framework\\TestSuite))\n#72 F:\\EasyRyde\\backend\\vendor\\phpunit\\phpunit\\phpunit(104): PHPUnit\\TextUI\\Application->run(Array)\n#73 F:\\EasyRyde\\backend\\vendor\\bin\\phpunit(122): include('F:\\\\EasyRyde\\\\bac...')\n#74 {main}\n\n----------------------------------------------------------------------------------\n\nClass \"Stripe\\StripeClient\" not found"},{"test":"Tests\\Feature\\WebhookApiTest::test_payfast_webhook_accepts_notification","file":"F:\\EasyRyde\\backend\\tests\\Feature\\WebhookApiTest.php","line":37,"message":"Expected response status code [200] but received 500.\nFailed asserting that 500 is identical to 200.\r\n\r\nThe following exception occurred during the last request:\n\nError: Class \"Stripe\\StripeClient\" not found in F:\\EasyRyde\\backend\\app\\Services\\StripeService.php:18\nStack trace:\n#0 F:\\EasyRyde\\backend\\vendor\\laravel\\framework\\src\\Illuminate\\Container\\Container.php(1171): App\\Services\\StripeService->__construct()\n#1 F:\\EasyRyde\\backend\\vendor\\laravel\\framework\\src\\Illuminate\\Container\\Container.php(936): Illuminate\\Container\\Container->build('App\\\\Services\\\\St...')\n#2 F:\\EasyRyde\\backend\\vendor\\laravel\\framework\\src\\Illuminate\\Foundation\\Application.php(1078): Illuminate\\Container\\Container->resolve('App\\\\Services\\\\St...', Array, true)\n#3 F:\\EasyRyde\\backend\\vendor\\laravel\\framework\\src\\Illuminate\\Container\\Container.php(864): Illuminate\\Foundation\\Application->resolve('App\\\\Services\\\\St...', Array)\n#4 F:\\EasyRyde\\backend\\vendor\\laravel\\framework\\src\\Illuminate\\Foundation\\Application.php(1058): Illuminate\\Container\\Container->make('App\\\\Services\\\\St...', Array)\n#5 F:\\EasyRyde\\backend\\vendor\\laravel\\framework\\src\\Illuminate\\Container\\Container.php(1339): Illuminate\\Foundation\\Application->make('App\\\\Services\\\\St...')\n#6 F:\\EasyRyde\\backend\\vendor\\laravel\\framework\\src\\Illuminate\\Container\\Container.php(1240): Illuminate\\Container\\Container->resolveClass(Object(ReflectionParameter), 'App\\\\Services\\\\St...')\n#7 F:\\EasyRyde\\backend\\vendor\\laravel\\framework\\src\\Illuminate\\Container\\Container.php(1165): Illuminate\\Container\\Container->resolveDependencies(Array)\n#8 F:\\EasyRyde\\backend\\vendor\\laravel\\framework\\src\\Illuminate\\Container\\Container.php(936): Illuminate\\Container\\Container->build('App\\\\Http\\\\Contro...')\n#9 F:\\EasyRyde\\backend\\vendor\\laravel\\framework\\src\\Illuminate\\Foundation\\Application.php(1078): Illuminate\\Container\\Container->resolve('App\\\\Http\\\\Contro...', Array, true)\n#10 F:\\EasyRyde\\backend\\vendor\\laravel\\framework\\src\\Illuminate\\Container\\Container.php(864): Illuminate\\Foundation\\Application->resolve('App\\\\Http\\\\Contro...', Array)\n#11 F:\\EasyRyde\\backend\\vendor\\laravel\\framework\\src\\Illuminate\\Foundation\\Application.php(1058): Illuminate\\Container\\Container->make('App\\\\Http\\\\Contro...', Array)\n#12 F:\\EasyRyde\\backend\\vendor\\laravel\\framework\\src\\Illuminate\\Routing\\Route.php(290): Illuminate\\Foundation\\Application->make('App\\\\Http\\\\Contro...')\n#13 F:\\EasyRyde\\backend\\vendor\\laravel\\framework\\src\\Illuminate\\Routing\\Route.php(270): Illuminate\\Routing\\Route->getController()\n#14 F:\\EasyRyde\\backend\\vendor\\laravel\\framework\\src\\Illuminate\\Routing\\Route.php(215): Illuminate\\Routing\\Route->runController()\n#15 F:\\EasyRyde\\backend\\vendor\\laravel\\framework\\src\\Illuminate\\Routing\\Router.php(822): Illuminate\\Routing\\Route->run()\n#16 F:\\EasyRyde\\backend\\vendor\\laravel\\framework\\src\\Illuminate\\Pipeline\\Pipeline.php(180): Illuminate\\Routing\\Router->{closure:Illuminate\\Routing\\Router::runRouteWithinStack():821}(Object(Illuminate\\Http\\Request))\n#17 F:\\EasyRyde\\backend\\vendor\\laravel\\framework\\src\\Illuminate\\Routing\\Middleware\\SubstituteBindings.php(52): Illuminate\\Pipeline\\Pipeline->{closure:Illuminate\\Pipeline\\Pipeline::prepareDestination():178}(Object(Illuminate\\Http\\Request))\n#18 F:\\EasyRyde\\backend\\vendor\\laravel\\framework\\src\\Illuminate\\Pipeline\\Pipeline.php(219): Illuminate\\Routing\\Middleware\\SubstituteBindings->handle(Object(Illuminate\\Http\\Request), Object(Closure))\n#19 F:\\EasyRyde\\backend\\app\\Http\\Middleware\\ApiRateLimiterMiddleware.php(31): Illuminate\\Pipeline\\Pipeline->{closure:{closure:Illuminate\\Pipeline\\Pipeline::carry():194}:195}(Object(Illuminate\\Http\\Request))\n#20 F:\\EasyRyde\\backend\\vendor\\laravel\\framework\\src\\Illuminate\\Pipeline\\Pipeline.php(219): App\\Http\\Middleware\\ApiRateLimiterMiddleware->handle(Object(Illuminate\\Http\\Request), Object(Closure))\n#21 F:\\EasyRyde\\backend\\app\\Http\\Middleware\\InputSanitizationMiddleware.php(15): Illuminate\\Pipeline\\Pipeline->{closure:{closure:Illuminate\\Pipeline\\Pipeline::carry():194}:195}(Object(Illuminate\\Http\\Request))\n#22 F:\\EasyRyde\\backend\\vendor\\laravel\\framework\\src\\Illuminate\\Pipeline\\Pipeline.php(219): App\\Http\\Middleware\\InputSanitizationMiddleware->handle(Object(Illuminate\\Http\\Request), Object(Closure))\n#23 F:\\EasyRyde\\backend\\app\\Http\\Middleware\\SecurityHeadersMiddleware.php(13): Illuminate\\Pipeline\\Pipeline->{closure:{closure:Illuminate\\Pipeline\\Pipeline::carry():194}:195}(Object(Illuminate\\Http\\Request))\n#24 F:\\EasyRyde\\backend\\vendor\\laravel\\framework\\src\\Illuminate\\Pipeline\\Pipeline.php(219): App\\Http\\Middleware\\SecurityHeadersMiddleware->handle(Object(Illuminate\\Http\\Request), Object(Closure))\n#25 F:\\EasyRyde\\backend\\vendor\\laravel\\sanctum\\src\\Http\\Middleware\\EnsureFrontendRequestsAreStateful.php(26): Illuminate\\Pipeline\\Pipeline->{closure:{closure:Illuminate\\Pipeline\\Pipeline::carry():194}:195}(Object(Illuminate\\Http\\Request))\n#26 F:\\EasyRyde\\backend\\vendor\\laravel\\framework\\src\\Illuminate\\Pipeline\\Pipeline.php(180): Laravel\\Sanctum\\Http\\Middleware\\EnsureFrontendRequestsAreStateful->{closure:Laravel\\Sanctum\\Http\\Middleware\\EnsureFrontendRequestsAreStateful::handle():25}(Object(Illuminate\\Http\\Request))\n#27 F:\\EasyRyde\\backend\\vendor\\laravel\\framework\\src\\Illuminate\\Pipeline\\Pipeline.php(137): Illuminate\\Pipeline\\Pipeline->{closure:Illuminate\\Pipeline\\Pipeline::prepareDestination():178}(Object(Illuminate\\Http\\Request))\n#28 F:\\EasyRyde\\backend\\vendor\\laravel\\sanctum\\src\\Http\\Middleware\\EnsureFrontendRequestsAreStateful.php(25): Illuminate\\Pipeline\\Pipeline->then(Object(Closure))\n#29 F:\\EasyRyde\\backend\\vendor\\laravel\\framework\\src\\Illuminate\\Pipeline\\Pipeline.php(219): Laravel\\Sanctum\\Http\\Middleware\\EnsureFrontendRequestsAreStateful->handle(Object(Illuminate\\Http\\Request), Object(Closure))\n#30 F:\\EasyRyde\\backend\\vendor\\laravel\\framework\\src\\Illuminate\\Pipeline\\Pipeline.php(137): Illuminate\\Pipeline\\Pipeline->{closure:{closure:Illuminate\\Pipeline\\Pipeline::carry():194}:195}(Object(Illuminate\\Http\\Request))\n#31 F:\\EasyRyde\\backend\\vendor\\laravel\\framework\\src\\Illuminate\\Routing\\Router.php(821): Illuminate\\Pipeline\\Pipeline->then(Object(Closure))\n#32 F:\\EasyRyde\\backend\\vendor\\laravel\\framework\\src\\Illuminate\\Routing\\Router.php(800): Illuminate\\Routing\\Router->runRouteWithinStack(Object(Illuminate\\Routing\\Route), Object(Illuminate\\Http\\Request))\n#33 F:\\EasyRyde\\backend\\vendor\\laravel\\framework\\src\\Illuminate\\Routing\\Router.php(764): Illuminate\\Routing\\Router->runRoute(Object(Illuminate\\Http\\Request), Object(Illuminate\\Routing\\Route))\n#34 F:\\EasyRyde\\backend\\vendor\\laravel\\framework\\src\\Illuminate\\Routing\\Router.php(753): Illuminate\\Routing\\Router->dispatchToRoute(Object(Illuminate\\Http\\Request))\n#35 F:\\EasyRyde\\backend\\vendor\\laravel\\framework\\src\\Illuminate\\Foundation\\Http\\Kernel.php(200): Illuminate\\Routing\\Router->dispatch(Object(Illuminate\\Http\\Request))\n#36 F:\\EasyRyde\\backend\\vendor\\laravel\\framework\\src\\Illuminate\\Pipeline\\Pipeline.php(180): Illuminate\\Foundation\\Http\\Kernel->{closure:Illuminate\\Foundation\\Http\\Kernel::dispatchToRouter():197}(Object(Illuminate\\Http\\Request))\n#37 F:\\EasyRyde\\backend\\vendor\\laravel\\framework\\src\\Illuminate\\Foundation\\Http\\Middleware\\TransformsRequest.php(21): Illuminate\\Pipeline\\Pipeline->{closure:Illuminate\\Pipeline\\Pipeline::prepareDestination():178}(Object(Illuminate\\Http\\Request))\n#38 F:\\EasyRyde\\backend\\vendor\\laravel\\framework\\src\\Illuminate\\Foundation\\Http\\Middleware\\ConvertEmptyStringsToNull.php(31): Illuminate\\Foundation\\Http\\Middleware\\TransformsRequest->handle(Object(Illuminate\\Http\\Request), Object(Closure))\n#39 F:\\EasyRyde\\backend\\vendor\\laravel\\framework\\src\\Illuminate\\Pipeline\\Pipeline.php(219): Illuminate\\Foundation\\Http\\Middleware\\ConvertEmptyStringsToNull->handle(Object(Illuminate\\Http\\Request), Object(Closure))\n#40 F:\\EasyRyde\\backend\\vendor\\laravel\\framework\\src\\Illuminate\\Foundation\\Http\\Middleware\\TransformsRequest.php(21): Illuminate\\Pipeline\\Pipeline->{closure:{closure:Illuminate\\Pipeline\\Pipeline::carry():194}:195}(Object(Illuminate\\Http\\Request))\n#41 F:\\EasyRyde\\backend\\vendor\\laravel\\framework\\src\\Illuminate\\Foundation\\Http\\Middleware\\TrimStrings.php(51): Illuminate\\Foundation\\Http\\Middleware\\TransformsRequest->handle(Object(Illuminate\\Http\\Request), Object(Closure))\n#42 F:\\EasyRyde\\backend\\vendor\\laravel\\framework\\src\\Illuminate\\Pipeline\\Pipeline.php(219): Illuminate\\Foundation\\Http\\Middleware\\TrimStrings->handle(Object(Illuminate\\Http\\Request), Object(Closure))\n#43 F:\\EasyRyde\\backend\\vendor\\laravel\\framework\\src\\Illuminate\\Http\\Middleware\\ValidatePostSize.php(27): Illuminate\\Pipeline\\Pipeline->{closure:{closure:Illuminate\\Pipeline\\Pipeline::carry():194}:195}(Object(Illuminate\\Http\\Request))\n#44 F:\\EasyRyde\\backend\\vendor\\laravel\\framework\\src\\Illuminate\\Pipeline\\Pipeline.php(219): Illuminate\\Http\\Middleware\\ValidatePostSize->handle(Object(Illuminate\\Http\\Request), Object(Closure))\n#45 F:\\EasyRyde\\backend\\vendor\\laravel\\framework\\src\\Illuminate\\Foundation\\Http\\Middleware\\PreventRequestsDuringMaintenance.php(109): Illuminate\\Pipeline\\Pipeline->{closure:{closure:Illuminate\\Pipeline\\Pipeline::carry():194}:195}(Object(Illuminate\\Http\\Request))\n#46 F:\\EasyRyde\\backend\\vendor\\laravel\\framework\\src\\Illuminate\\Pipeline\\Pipeline.php(219): Illuminate\\Foundation\\Http\\Middleware\\PreventRequestsDuringMaintenance->handle(Object(Illuminate\\Http\\Request), Object(Closure))\n#47 F:\\EasyRyde\\backend\\vendor\\laravel\\framework\\src\\Illuminate\\Http\\Middleware\\HandleCors.php(74): Illuminate\\Pipeline\\Pipeline->{closure:{closure:Illuminate\\Pipeline\\Pipeline::carry():194}:195}(Object(Illuminate\\Http\\Request))\n#48 F:\\EasyRyde\\backend\\vendor\\laravel\\framework\\src\\Illuminate\\Pipeline\\Pipeline.php(219): Illuminate\\Http\\Middleware\\HandleCors->handle(Object(Illuminate\\Http\\Request), Object(Closure))\n#49 F:\\EasyRyde\\backend\\vendor\\laravel\\framework\\src\\Illuminate\\Http\\Middleware\\TrustProxies.php(58): Illuminate\\Pipeline\\Pipeline->{closure:{closure:Illuminate\\Pipeline\\Pipeline::carry():194}:195}(Object(Illuminate\\Http\\Request))\n#50 F:\\EasyRyde\\backend\\vendor\\laravel\\framework\\src\\Illuminate\\Pipeline\\Pipeline.php(219): Illuminate\\Http\\Middleware\\TrustProxies->handle(Object(Illuminate\\Http\\Request), Object(Closure))\n#51 F:\\EasyRyde\\backend\\vendor\\laravel\\framework\\src\\Illuminate\\Foundation\\Http\\Middleware\\InvokeDeferredCallbacks.php(22): Illuminate\\Pipeline\\Pipeline->{closure:{closure:Illuminate\\Pipeline\\Pipeline::carry():194}:195}(Object(Illuminate\\Http\\Request))\n#52 F:\\EasyRyde\\backend\\vendor\\laravel\\framework\\src\\Illuminate\\Pipeline\\Pipeline.php(219): Illuminate\\Foundation\\Http\\Middleware\\InvokeDeferredCallbacks->handle(Object(Illuminate\\Http\\Request), Object(Closure))\n#53 F:\\EasyRyde\\backend\\vendor\\laravel\\framework\\src\\Illuminate\\Http\\Middleware\\ValidatePathEncoding.php(28): Illuminate\\Pipeline\\Pipeline->{closure:{closure:Illuminate\\Pipeline\\Pipeline::carry():194}:195}(Object(Illuminate\\Http\\Request))\n#54 F:\\EasyRyde\\backend\\vendor\\laravel\\framework\\src\\Illuminate\\Pipeline\\Pipeline.php(219): Illuminate\\Http\\Middleware\\ValidatePathEncoding->handle(Object(Illuminate\\Http\\Request), Object(Closure))\n#55 F:\\EasyRyde\\backend\\vendor\\laravel\\framework\\src\\Illuminate\\Pipeline\\Pipeline.php(137): Illuminate\\Pipeline\\Pipeline->{closure:{closure:Illuminate\\Pipeline\\Pipeline::carry():194}:195}(Object(Illuminate\\Http\\Request))\n#56 F:\\EasyRyde\\backend\\vendor\\laravel\\framework\\src\\Illuminate\\Foundation\\Http\\Kernel.php(175): Illuminate\\Pipeline\\Pipeline->then(Object(Closure))\n#57 F:\\EasyRyde\\backend\\vendor\\laravel\\framework\\src\\Illuminate\\Foundation\\Http\\Kernel.php(144): Illuminate\\Foundation\\Http\\Kernel->sendRequestThroughRouter(Object(Illuminate\\Http\\Request))\n#58 F:\\EasyRyde\\backend\\vendor\\laravel\\framework\\src\\Illuminate\\Foundation\\Testing\\Concerns\\MakesHttpRequests.php(607): Illuminate\\Foundation\\Http\\Kernel->handle(Object(Illuminate\\Http\\Request))\n#59 F:\\EasyRyde\\backend\\vendor\\laravel\\framework\\src\\Illuminate\\Foundation\\Testing\\Concerns\\MakesHttpRequests.php(573): Illuminate\\Foundation\\Testing\\TestCase->call('POST', '/api/v1/webhook...', Array, Array, Array, Array, '{\"pt_status\":\"C...')\n#60 F:\\EasyRyde\\backend\\vendor\\laravel\\framework\\src\\Illuminate\\Foundation\\Testing\\Concerns\\MakesHttpRequests.php(411): Illuminate\\Foundation\\Testing\\TestCase->json('POST', '/api/v1/webhook...', Array, Array, 0)\n#61 F:\\EasyRyde\\backend\\tests\\Feature\\WebhookApiTest.php(39): Illuminate\\Foundation\\Testing\\TestCase->postJson('/api/v1/webhook...', Array)\n#62 F:\\EasyRyde\\backend\\vendor\\phpunit\\phpunit\\src\\Framework\\TestCase.php(1318): Tests\\Feature\\WebhookApiTest->test_payfast_webhook_accepts_notification()\n#63 F:\\EasyRyde\\backend\\vendor\\phpunit\\phpunit\\src\\Framework\\TestCase.php(1355): PHPUnit\\Framework\\TestCase->invokeTestMethod('test_payfast_we...', Array)\n#64 F:\\EasyRyde\\backend\\vendor\\phpunit\\phpunit\\src\\Framework\\TestCase.php(521): PHPUnit\\Framework\\TestCase->runTest()\n#65 F:\\EasyRyde\\backend\\vendor\\phpunit\\phpunit\\src\\Framework\\TestRunner\\TestRunner.php(99): PHPUnit\\Framework\\TestCase->runBare()\n#66 F:\\EasyRyde\\backend\\vendor\\phpunit\\phpunit\\src\\Framework\\TestCase.php(361): PHPUnit\\Framework\\TestRunner->run(Object(Tests\\Feature\\WebhookApiTest))\n#67 F:\\EasyRyde\\backend\\vendor\\phpunit\\phpunit\\src\\Framework\\TestSuite.php(374): PHPUnit\\Framework\\TestCase->run()\n#68 F:\\EasyRyde\\backend\\vendor\\phpunit\\phpunit\\src\\Framework\\TestSuite.php(374): PHPUnit\\Framework\\TestSuite->run()\n#69 F:\\EasyRyde\\backend\\vendor\\phpunit\\phpunit\\src\\Framework\\TestSuite.php(374): PHPUnit\\Framework\\TestSuite->run()\n#70 F:\\EasyRyde\\backend\\vendor\\phpunit\\phpunit\\src\\TextUI\\TestRunner.php(64): PHPUnit\\Framework\\TestSuite->run()\n#71 F:\\EasyRyde\\backend\\vendor\\phpunit\\phpunit\\src\\TextUI\\Application.php(229): PHPUnit\\TextUI\\TestRunner->run(Object(PHPUnit\\TextUI\\Configuration\\Configuration), Object(PHPUnit\\Runner\\ResultCache\\DefaultResultCache), Object(PHPUnit\\Framework\\TestSuite))\n#72 F:\\EasyRyde\\backend\\vendor\\phpunit\\phpunit\\phpunit(104): PHPUnit\\TextUI\\Application->run(Array)\n#73 F:\\EasyRyde\\backend\\vendor\\bin\\phpunit(122): include('F:\\\\EasyRyde\\\\bac...')\n#74 {main}\n\n----------------------------------------------------------------------------------\n\nClass \"Stripe\\StripeClient\" not found"},{"test":"Tests\\Feature\\WebhookApiTest::test_ozow_webhook_accepts_notification","file":"F:\\EasyRyde\\backend\\tests\\Feature\\WebhookApiTest.php","line":49,"message":"Expected response status code [200] but received 500.\nFailed asserting that 500 is identical to 200.\r\n\r\nThe following exception occurred during the last request:\n\nError: Class \"Stripe\\StripeClient\" not found in F:\\EasyRyde\\backend\\app\\Services\\StripeService.php:18\nStack trace:\n#0 F:\\EasyRyde\\backend\\vendor\\laravel\\framework\\src\\Illuminate\\Container\\Container.php(1171): App\\Services\\StripeService->__construct()\n#1 F:\\EasyRyde\\backend\\vendor\\laravel\\framework\\src\\Illuminate\\Container\\Container.php(936): Illuminate\\Container\\Container->build('App\\\\Services\\\\St...')\n#2 F:\\EasyRyde\\backend\\vendor\\laravel\\framework\\src\\Illuminate\\Foundation\\Application.php(1078): Illuminate\\Container\\Container->resolve('App\\\\Services\\\\St...', Array, true)\n#3 F:\\EasyRyde\\backend\\vendor\\laravel\\framework\\src\\Illuminate\\Container\\Container.php(864): Illuminate\\Foundation\\Application->resolve('App\\\\Services\\\\St...', Array)\n#4 F:\\EasyRyde\\backend\\vendor\\laravel\\framework\\src\\Illuminate\\Foundation\\Application.php(1058): Illuminate\\Container\\Container->make('App\\\\Services\\\\St...', Array)\n#5 F:\\EasyRyde\\backend\\vendor\\laravel\\framework\\src\\Illuminate\\Container\\Container.php(1339): Illuminate\\Foundation\\Application->make('App\\\\Services\\\\St...')\n#6 F:\\EasyRyde\\backend\\vendor\\laravel\\framework\\src\\Illuminate\\Container\\Container.php(1240): Illuminate\\Container\\Container->resolveClass(Object(ReflectionParameter), 'App\\\\Services\\\\St...')\n#7 F:\\EasyRyde\\backend\\vendor\\laravel\\framework\\src\\Illuminate\\Container\\Container.php(1165): Illuminate\\Container\\Container->resolveDependencies(Array)\n#8 F:\\EasyRyde\\backend\\vendor\\laravel\\framework\\src\\Illuminate\\Container\\Container.php(936): Illuminate\\Container\\Container->build('App\\\\Http\\\\Contro...')\n#9 F:\\EasyRyde\\backend\\vendor\\laravel\\framework\\src\\Illuminate\\Foundation\\Application.php(1078): Illuminate\\Container\\Container->resolve('App\\\\Http\\\\Contro...', Array, true)\n#10 F:\\EasyRyde\\backend\\vendor\\laravel\\framework\\src\\Illuminate\\Container\\Container.php(864): Illuminate\\Foundation\\Application->resolve('App\\\\Http\\\\Contro...', Array)\n#11 F:\\EasyRyde\\backend\\vendor\\laravel\\framework\\src\\Illuminate\\Foundation\\Application.php(1058): Illuminate\\Container\\Container->make('App\\\\Http\\\\Contro...', Array)\n#12 F:\\EasyRyde\\backend\\vendor\\laravel\\framework\\src\\Illuminate\\Routing\\Route.php(290): Illuminate\\Foundation\\Application->make('App\\\\Http\\\\Contro...')\n#13 F:\\EasyRyde\\backend\\vendor\\laravel\\framework\\src\\Illuminate\\Routing\\Route.php(270): Illuminate\\Routing\\Route->getController()\n#14 F:\\EasyRyde\\backend\\vendor\\laravel\\framework\\src\\Illuminate\\Routing\\Route.php(215): Illuminate\\Routing\\Route->runController()\n#15 F:\\EasyRyde\\backend\\vendor\\laravel\\framework\\src\\Illuminate\\Routing\\Router.php(822): Illuminate\\Routing\\Route->run()\n#16 F:\\EasyRyde\\backend\\vendor\\laravel\\framework\\src\\Illuminate\\Pipeline\\Pipeline.php(180): Illuminate\\Routing\\Router->{closure:Illuminate\\Routing\\Router::runRouteWithinStack():821}(Object(Illuminate\\Http\\Request))\n#17 F:\\EasyRyde\\backend\\vendor\\laravel\\framework\\src\\Illuminate\\Routing\\Middleware\\SubstituteBindings.php(52): Illuminate\\Pipeline\\Pipeline->{closure:Illuminate\\Pipeline\\Pipeline::prepareDestination():178}(Object(Illuminate\\Http\\Request))\n#18 F:\\EasyRyde\\backend\\vendor\\laravel\\framework\\src\\Illuminate\\Pipeline\\Pipeline.php(219): Illuminate\\Routing\\Middleware\\SubstituteBindings->handle(Object(Illuminate\\Http\\Request), Object(Closure))\n#19 F:\\EasyRyde\\backend\\app\\Http\\Middleware\\ApiRateLimiterMiddleware.php(31): Illuminate\\Pipeline\\Pipeline->{closure:{closure:Illuminate\\Pipeline\\Pipeline::carry():194}:195}(Object(Illuminate\\Http\\Request))\n#20 F:\\EasyRyde\\backend\\vendor\\laravel\\framework\\src\\Illuminate\\Pipeline\\Pipeline.php(219): App\\Http\\Middleware\\ApiRateLimiterMiddleware->handle(Object(Illuminate\\Http\\Request), Object(Closure))\n#21 F:\\EasyRyde\\backend\\app\\Http\\Middleware\\InputSanitizationMiddleware.php(15): Illuminate\\Pipeline\\Pipeline->{closure:{closure:Illuminate\\Pipeline\\Pipeline::carry():194}:195}(Object(Illuminate\\Http\\Request))\n#22 F:\\EasyRyde\\backend\\vendor\\laravel\\framework\\src\\Illuminate\\Pipeline\\Pipeline.php(219): App\\Http\\Middleware\\InputSanitizationMiddleware->handle(Object(Illuminate\\Http\\Request), Object(Closure))\n#23 F:\\EasyRyde\\backend\\app\\Http\\Middleware\\SecurityHeadersMiddleware.php(13): Illuminate\\Pipeline\\Pipeline->{closure:{closure:Illuminate\\Pipeline\\Pipeline::carry():194}:195}(Object(Illuminate\\Http\\Request))\n#24 F:\\EasyRyde\\backend\\vendor\\laravel\\framework\\src\\Illuminate\\Pipeline\\Pipeline.php(219): App\\Http\\Middleware\\SecurityHeadersMiddleware->handle(Object(Illuminate\\Http\\Request), Object(Closure))\n#25 F:\\EasyRyde\\backend\\vendor\\laravel\\sanctum\\src\\Http\\Middleware\\EnsureFrontendRequestsAreStateful.php(26): Illuminate\\Pipeline\\Pipeline->{closure:{closure:Illuminate\\Pipeline\\Pipeline::carry():194}:195}(Object(Illuminate\\Http\\Request))\n#26 F:\\EasyRyde\\backend\\vendor\\laravel\\framework\\src\\Illuminate\\Pipeline\\Pipeline.php(180): Laravel\\Sanctum\\Http\\Middleware\\EnsureFrontendRequestsAreStateful->{closure:Laravel\\Sanctum\\Http\\Middleware\\EnsureFrontendRequestsAreStateful::handle():25}(Object(Illuminate\\Http\\Request))\n#27 F:\\EasyRyde\\backend\\vendor\\laravel\\framework\\src\\Illuminate\\Pipeline\\Pipeline.php(137): Illuminate\\Pipeline\\Pipeline->{closure:Illuminate\\Pipeline\\Pipeline::prepareDestination():178}(Object(Illuminate\\Http\\Request))\n#28 F:\\EasyRyde\\backend\\vendor\\laravel\\sanctum\\src\\Http\\Middleware\\EnsureFrontendRequestsAreStateful.php(25): Illuminate\\Pipeline\\Pipeline->then(Object(Closure))\n#29 F:\\EasyRyde\\backend\\vendor\\laravel\\framework\\src\\Illuminate\\Pipeline\\Pipeline.php(219): Laravel\\Sanctum\\Http\\Middleware\\EnsureFrontendRequestsAreStateful->handle(Object(Illuminate\\Http\\Request), Object(Closure))\n#30 F:\\EasyRyde\\backend\\vendor\\laravel\\framework\\src\\Illuminate\\Pipeline\\Pipeline.php(137): Illuminate\\Pipeline\\Pipeline->{closure:{closure:Illuminate\\Pipeline\\Pipeline::carry():194}:195}(Object(Illuminate\\Http\\Request))\n#31 F:\\EasyRyde\\backend\\vendor\\laravel\\framework\\src\\Illuminate\\Routing\\Router.php(821): Illuminate\\Pipeline\\Pipeline->then(Object(Closure))\n#32 F:\\EasyRyde\\backend\\vendor\\laravel\\framework\\src\\Illuminate\\Routing\\Router.php(800): Illuminate\\Routing\\Router->runRouteWithinStack(Object(Illuminate\\Routing\\Route), Object(Illuminate\\Http\\Request))\n#33 F:\\EasyRyde\\backend\\vendor\\laravel\\framework\\src\\Illuminate\\Routing\\Router.php(764): Illuminate\\Routing\\Router->runRoute(Object(Illuminate\\Http\\Request), Object(Illuminate\\Routing\\Route))\n#34 F:\\EasyRyde\\backend\\vendor\\laravel\\framework\\src\\Illuminate\\Routing\\Router.php(753): Illuminate\\Routing\\Router->dispatchToRoute(Object(Illuminate\\Http\\Request))\n#35 F:\\EasyRyde\\backend\\vendor\\laravel\\framework\\src\\Illuminate\\Foundation\\Http\\Kernel.php(200): Illuminate\\Routing\\Router->dispatch(Object(Illuminate\\Http\\Request))\n#36 F:\\EasyRyde\\backend\\vendor\\laravel\\framework\\src\\Illuminate\\Pipeline\\Pipeline.php(180): Illuminate\\Foundation\\Http\\Kernel->{closure:Illuminate\\Foundation\\Http\\Kernel::dispatchToRouter():197}(Object(Illuminate\\Http\\Request))\n#37 F:\\EasyRyde\\backend\\vendor\\laravel\\framework\\src\\Illuminate\\Foundation\\Http\\Middleware\\TransformsRequest.php(21): Illuminate\\Pipeline\\Pipeline->{closure:Illuminate\\Pipeline\\Pipeline::prepareDestination():178}(Object(Illuminate\\Http\\Request))\n#38 F:\\EasyRyde\\backend\\vendor\\laravel\\framework\\src\\Illuminate\\Foundation\\Http\\Middleware\\ConvertEmptyStringsToNull.php(31): Illuminate\\Foundation\\Http\\Middleware\\TransformsRequest->handle(Object(Illuminate\\Http\\Request), Object(Closure))\n#39 F:\\EasyRyde\\backend\\vendor\\laravel\\framework\\src\\Illuminate\\Pipeline\\Pipeline.php(219): Illuminate\\Foundation\\Http\\Middleware\\ConvertEmptyStringsToNull->handle(Object(Illuminate\\Http\\Request), Object(Closure))\n#40 F:\\EasyRyde\\backend\\vendor\\laravel\\framework\\src\\Illuminate\\Foundation\\Http\\Middleware\\TransformsRequest.php(21): Illuminate\\Pipeline\\Pipeline->{closure:{closure:Illuminate\\Pipeline\\Pipeline::carry():194}:195}(Object(Illuminate\\Http\\Request))\n#41 F:\\EasyRyde\\backend\\vendor\\laravel\\framework\\src\\Illuminate\\Foundation\\Http\\Middleware\\TrimStrings.php(51): Illuminate\\Foundation\\Http\\Middleware\\TransformsRequest->handle(Object(Illuminate\\Http\\Request), Object(Closure))\n#42 F:\\EasyRyde\\backend\\vendor\\laravel\\framework\\src\\Illuminate\\Pipeline\\Pipeline.php(219): Illuminate\\Foundation\\Http\\Middleware\\TrimStrings->handle(Object(Illuminate\\Http\\Request), Object(Closure))\n#43 F:\\EasyRyde\\backend\\vendor\\laravel\\framework\\src\\Illuminate\\Http\\Middleware\\ValidatePostSize.php(27): Illuminate\\Pipeline\\Pipeline->{closure:{closure:Illuminate\\Pipeline\\Pipeline::carry():194}:195}(Object(Illuminate\\Http\\Request))\n#44 F:\\EasyRyde\\backend\\vendor\\laravel\\framework\\src\\Illuminate\\Pipeline\\Pipeline.php(219): Illuminate\\Http\\Middleware\\ValidatePostSize->handle(Object(Illuminate\\Http\\Request), Object(Closure))\n#45 F:\\EasyRyde\\backend\\vendor\\laravel\\framework\\src\\Illuminate\\Foundation\\Http\\Middleware\\PreventRequestsDuringMaintenance.php(109): Illuminate\\Pipeline\\Pipeline->{closure:{closure:Illuminate\\Pipeline\\Pipeline::carry():194}:195}(Object(Illuminate\\Http\\Request))\n#46 F:\\EasyRyde\\backend\\vendor\\laravel\\framework\\src\\Illuminate\\Pipeline\\Pipeline.php(219): Illuminate\\Foundation\\Http\\Middleware\\PreventRequestsDuringMaintenance->handle(Object(Illuminate\\Http\\Request), Object(Closure))\n#47 F:\\EasyRyde\\backend\\vendor\\laravel\\framework\\src\\Illuminate\\Http\\Middleware\\HandleCors.php(74): Illuminate\\Pipeline\\Pipeline->{closure:{closure:Illuminate\\Pipeline\\Pipeline::carry():194}:195}(Object(Illuminate\\Http\\Request))\n#48 F:\\EasyRyde\\backend\\vendor\\laravel\\framework\\src\\Illuminate\\Pipeline\\Pipeline.php(219): Illuminate\\Http\\Middleware\\HandleCors->handle(Object(Illuminate\\Http\\Request), Object(Closure))\n#49 F:\\EasyRyde\\backend\\vendor\\laravel\\framework\\src\\Illuminate\\Http\\Middleware\\TrustProxies.php(58): Illuminate\\Pipeline\\Pipeline->{closure:{closure:Illuminate\\Pipeline\\Pipeline::carry():194}:195}(Object(Illuminate\\Http\\Request))\n#50 F:\\EasyRyde\\backend\\vendor\\laravel\\framework\\src\\Illuminate\\Pipeline\\Pipeline.php(219): Illuminate\\Http\\Middleware\\TrustProxies->handle(Object(Illuminate\\Http\\Request), Object(Closure))\n#51 F:\\EasyRyde\\backend\\vendor\\laravel\\framework\\src\\Illuminate\\Foundation\\Http\\Middleware\\InvokeDeferredCallbacks.php(22): Illuminate\\Pipeline\\Pipeline->{closure:{closure:Illuminate\\Pipeline\\Pipeline::carry():194}:195}(Object(Illuminate\\Http\\Request))\n#52 F:\\EasyRyde\\backend\\vendor\\laravel\\framework\\src\\Illuminate\\Pipeline\\Pipeline.php(219): Illuminate\\Foundation\\Http\\Middleware\\InvokeDeferredCallbacks->handle(Object(Illuminate\\Http\\Request), Object(Closure))\n#53 F:\\EasyRyde\\backend\\vendor\\laravel\\framework\\src\\Illuminate\\Http\\Middleware\\ValidatePathEncoding.php(28): Illuminate\\Pipeline\\Pipeline->{closure:{closure:Illuminate\\Pipeline\\Pipeline::carry():194}:195}(Object(Illuminate\\Http\\Request))\n#54 F:\\EasyRyde\\backend\\vendor\\laravel\\framework\\src\\Illuminate\\Pipeline\\Pipeline.php(219): Illuminate\\Http\\Middleware\\ValidatePathEncoding->handle(Object(Illuminate\\Http\\Request), Object(Closure))\n#55 F:\\EasyRyde\\backend\\vendor\\laravel\\framework\\src\\Illuminate\\Pipeline\\Pipeline.php(137): Illuminate\\Pipeline\\Pipeline->{closure:{closure:Illuminate\\Pipeline\\Pipeline::carry():194}:195}(Object(Illuminate\\Http\\Request))\n#56 F:\\EasyRyde\\backend\\vendor\\laravel\\framework\\src\\Illuminate\\Foundation\\Http\\Kernel.php(175): Illuminate\\Pipeline\\Pipeline->then(Object(Closure))\n#57 F:\\EasyRyde\\backend\\vendor\\laravel\\framework\\src\\Illuminate\\Foundation\\Http\\Kernel.php(144): Illuminate\\Foundation\\Http\\Kernel->sendRequestThroughRouter(Object(Illuminate\\Http\\Request))\n#58 F:\\EasyRyde\\backend\\vendor\\laravel\\framework\\src\\Illuminate\\Foundation\\Testing\\Concerns\\MakesHttpRequests.php(607): Illuminate\\Foundation\\Http\\Kernel->handle(Object(Illuminate\\Http\\Request))\n#59 F:\\EasyRyde\\backend\\vendor\\laravel\\framework\\src\\Illuminate\\Foundation\\Testing\\Concerns\\MakesHttpRequests.php(573): Illuminate\\Foundation\\Testing\\TestCase->call('POST', '/api/v1/webhook...', Array, Array, Array, Array, '{\"TransactionId...')\n#60 F:\\EasyRyde\\backend\\vendor\\laravel\\framework\\src\\Illuminate\\Foundation\\Testing\\Concerns\\MakesHttpRequests.php(411): Illuminate\\Foundation\\Testing\\TestCase->json('POST', '/api/v1/webhook...', Array, Array, 0)\n#61 F:\\EasyRyde\\backend\\tests\\Feature\\WebhookApiTest.php(51): Illuminate\\Foundation\\Testing\\TestCase->postJson('/api/v1/webhook...', Array)\n#62 F:\\EasyRyde\\backend\\vendor\\phpunit\\phpunit\\src\\Framework\\TestCase.php(1318): Tests\\Feature\\WebhookApiTest->test_ozow_webhook_accepts_notification()\n#63 F:\\EasyRyde\\backend\\vendor\\phpunit\\phpunit\\src\\Framework\\TestCase.php(1355): PHPUnit\\Framework\\TestCase->invokeTestMethod('test_ozow_webho...', Array)\n#64 F:\\EasyRyde\\backend\\vendor\\phpunit\\phpunit\\src\\Framework\\TestCase.php(521): PHPUnit\\Framework\\TestCase->runTest()\n#65 F:\\EasyRyde\\backend\\vendor\\phpunit\\phpunit\\src\\Framework\\TestRunner\\TestRunner.php(99): PHPUnit\\Framework\\TestCase->runBare()\n#66 F:\\EasyRyde\\backend\\vendor\\phpunit\\phpunit\\src\\Framework\\TestCase.php(361): PHPUnit\\Framework\\TestRunner->run(Object(Tests\\Feature\\WebhookApiTest))\n#67 F:\\EasyRyde\\backend\\vendor\\phpunit\\phpunit\\src\\Framework\\TestSuite.php(374): PHPUnit\\Framework\\TestCase->run()\n#68 F:\\EasyRyde\\backend\\vendor\\phpunit\\phpunit\\src\\Framework\\TestSuite.php(374): PHPUnit\\Framework\\TestSuite->run()\n#69 F:\\EasyRyde\\backend\\vendor\\phpunit\\phpunit\\src\\Framework\\TestSuite.php(374): PHPUnit\\Framework\\TestSuite->run()\n#70 F:\\EasyRyde\\backend\\vendor\\phpunit\\phpunit\\src\\TextUI\\TestRunner.php(64): PHPUnit\\Framework\\TestSuite->run()\n#71 F:\\EasyRyde\\backend\\vendor\\phpunit\\phpunit\\src\\TextUI\\Application.php(229): PHPUnit\\TextUI\\TestRunner->run(Object(PHPUnit\\TextUI\\Configuration\\Configuration), Object(PHPUnit\\Runner\\ResultCache\\DefaultResultCache), Object(PHPUnit\\Framework\\TestSuite))\n#72 F:\\EasyRyde\\backend\\vendor\\phpunit\\phpunit\\phpunit(104): PHPUnit\\TextUI\\Application->run(Array)\n#73 F:\\EasyRyde\\backend\\vendor\\bin\\phpunit(122): include('F:\\\\EasyRyde\\\\bac...')\n#74 {main}\n\n----------------------------------------------------------------------------------\n\nClass \"Stripe\\StripeClient\" not found"},{"test":"Tests\\Feature\\WebhookApiTest::test_webhook_rejects_invalid_payload","file":"F:\\EasyRyde\\backend\\tests\\Feature\\WebhookApiTest.php","line":61,"message":"Expected response status code [200] but received 500.\nFailed asserting that 500 is identical to 200.\r\n\r\nThe following exception occurred during the last request:\n\nError: Class \"Stripe\\StripeClient\" not found in F:\\EasyRyde\\backend\\app\\Services\\StripeService.php:18\nStack trace:\n#0 F:\\EasyRyde\\backend\\vendor\\laravel\\framework\\src\\Illuminate\\Container\\Container.php(1171): App\\Services\\StripeService->__construct()\n#1 F:\\EasyRyde\\backend\\vendor\\laravel\\framework\\src\\Illuminate\\Container\\Container.php(936): Illuminate\\Container\\Container->build('App\\\\Services\\\\St...')\n#2 F:\\EasyRyde\\backend\\vendor\\laravel\\framework\\src\\Illuminate\\Foundation\\Application.php(1078): Illuminate\\Container\\Container->resolve('App\\\\Services\\\\St...', Array, true)\n#3 F:\\EasyRyde\\backend\\vendor\\laravel\\framework\\src\\Illuminate\\Container\\Container.php(864): Illuminate\\Foundation\\Application->resolve('App\\\\Services\\\\St...', Array)\n#4 F:\\EasyRyde\\backend\\vendor\\laravel\\framework\\src\\Illuminate\\Foundation\\Application.php(1058): Illuminate\\Container\\Container->make('App\\\\Services\\\\St...', Array)\n#5 F:\\EasyRyde\\backend\\vendor\\laravel\\framework\\src\\Illuminate\\Container\\Container.php(1339): Illuminate\\Foundation\\Application->make('App\\\\Services\\\\St...')\n#6 F:\\EasyRyde\\backend\\vendor\\laravel\\framework\\src\\Illuminate\\Container\\Container.php(1240): Illuminate\\Container\\Container->resolveClass(Object(ReflectionParameter), 'App\\\\Services\\\\St...')\n#7 F:\\EasyRyde\\backend\\vendor\\laravel\\framework\\src\\Illuminate\\Container\\Container.php(1165): Illuminate\\Container\\Container->resolveDependencies(Array)\n#8 F:\\EasyRyde\\backend\\vendor\\laravel\\framework\\src\\Illuminate\\Container\\Container.php(936): Illuminate\\Container\\Container->build('App\\\\Http\\\\Contro...')\n#9 F:\\EasyRyde\\backend\\vendor\\laravel\\framework\\src\\Illuminate\\Foundation\\Application.php(1078): Illuminate\\Container\\Container->resolve('App\\\\Http\\\\Contro...', Array, true)\n#10 F:\\EasyRyde\\backend\\vendor\\laravel\\framework\\src\\Illuminate\\Container\\Container.php(864): Illuminate\\Foundation\\Application->resolve('App\\\\Http\\\\Contro...', Array)\n#11 F:\\EasyRyde\\backend\\vendor\\laravel\\framework\\src\\Illuminate\\Foundation\\Application.php(1058): Illuminate\\Container\\Container->make('App\\\\Http\\\\Contro...', Array)\n#12 F:\\EasyRyde\\backend\\vendor\\laravel\\framework\\src\\Illuminate\\Routing\\Route.php(290): Illuminate\\Foundation\\Application->make('App\\\\Http\\\\Contro...')\n#13 F:\\EasyRyde\\backend\\vendor\\laravel\\framework\\src\\Illuminate\\Routing\\Route.php(270): Illuminate\\Routing\\Route->getController()\n#14 F:\\EasyRyde\\backend\\vendor\\laravel\\framework\\src\\Illuminate\\Routing\\Route.php(215): Illuminate\\Routing\\Route->runController()\n#15 F:\\EasyRyde\\backend\\vendor\\laravel\\framework\\src\\Illuminate\\Routing\\Router.php(822): Illuminate\\Routing\\Route->run()\n#16 F:\\EasyRyde\\backend\\vendor\\laravel\\framework\\src\\Illuminate\\Pipeline\\Pipeline.php(180): Illuminate\\Routing\\Router->{closure:Illuminate\\Routing\\Router::runRouteWithinStack():821}(Object(Illuminate\\Http\\Request))\n#17 F:\\EasyRyde\\backend\\vendor\\laravel\\framework\\src\\Illuminate\\Routing\\Middleware\\SubstituteBindings.php(52): Illuminate\\Pipeline\\Pipeline->{closure:Illuminate\\Pipeline\\Pipeline::prepareDestination():178}(Object(Illuminate\\Http\\Request))\n#18 F:\\EasyRyde\\backend\\vendor\\laravel\\framework\\src\\Illuminate\\Pipeline\\Pipeline.php(219): Illuminate\\Routing\\Middleware\\SubstituteBindings->handle(Object(Illuminate\\Http\\Request), Object(Closure))\n#19 F:\\EasyRyde\\backend\\app\\Http\\Middleware\\ApiRateLimiterMiddleware.php(31): Illuminate\\Pipeline\\Pipeline->{closure:{closure:Illuminate\\Pipeline\\Pipeline::carry():194}:195}(Object(Illuminate\\Http\\Request))\n#20 F:\\EasyRyde\\backend\\vendor\\laravel\\framework\\src\\Illuminate\\Pipeline\\Pipeline.php(219): App\\Http\\Middleware\\ApiRateLimiterMiddleware->handle(Object(Illuminate\\Http\\Request), Object(Closure))\n#21 F:\\EasyRyde\\backend\\app\\Http\\Middleware\\InputSanitizationMiddleware.php(15): Illuminate\\Pipeline\\Pipeline->{closure:{closure:Illuminate\\Pipeline\\Pipeline::carry():194}:195}(Object(Illuminate\\Http\\Request))\n#22 F:\\EasyRyde\\backend\\vendor\\laravel\\framework\\src\\Illuminate\\Pipeline\\Pipeline.php(219): App\\Http\\Middleware\\InputSanitizationMiddleware->handle(Object(Illuminate\\Http\\Request), Object(Closure))\n#23 F:\\EasyRyde\\backend\\app\\Http\\Middleware\\SecurityHeadersMiddleware.php(13): Illuminate\\Pipeline\\Pipeline->{closure:{closure:Illuminate\\Pipeline\\Pipeline::carry():194}:195}(Object(Illuminate\\Http\\Request))\n#24 F:\\EasyRyde\\backend\\vendor\\laravel\\framework\\src\\Illuminate\\Pipeline\\Pipeline.php(219): App\\Http\\Middleware\\SecurityHeadersMiddleware->handle(Object(Illuminate\\Http\\Request), Object(Closure))\n#25 F:\\EasyRyde\\backend\\vendor\\laravel\\sanctum\\src\\Http\\Middleware\\EnsureFrontendRequestsAreStateful.php(26): Illuminate\\Pipeline\\Pipeline->{closure:{closure:Illuminate\\Pipeline\\Pipeline::carry():194}:195}(Object(Illuminate\\Http\\Request))\n#26 F:\\EasyRyde\\backend\\vendor\\laravel\\framework\\src\\Illuminate\\Pipeline\\Pipeline.php(180): Laravel\\Sanctum\\Http\\Middleware\\EnsureFrontendRequestsAreStateful->{closure:Laravel\\Sanctum\\Http\\Middleware\\EnsureFrontendRequestsAreStateful::handle():25}(Object(Illuminate\\Http\\Request))\n#27 F:\\EasyRyde\\backend\\vendor\\laravel\\framework\\src\\Illuminate\\Pipeline\\Pipeline.php(137): Illuminate\\Pipeline\\Pipeline->{closure:Illuminate\\Pipeline\\Pipeline::prepareDestination():178}(Object(Illuminate\\Http\\Request))\n#28 F:\\EasyRyde\\backend\\vendor\\laravel\\sanctum\\src\\Http\\Middleware\\EnsureFrontendRequestsAreStateful.php(25): Illuminate\\Pipeline\\Pipeline->then(Object(Closure))\n#29 F:\\EasyRyde\\backend\\vendor\\laravel\\framework\\src\\Illuminate\\Pipeline\\Pipeline.php(219): Laravel\\Sanctum\\Http\\Middleware\\EnsureFrontendRequestsAreStateful->handle(Object(Illuminate\\Http\\Request), Object(Closure))\n#30 F:\\EasyRyde\\backend\\vendor\\laravel\\framework\\src\\Illuminate\\Pipeline\\Pipeline.php(137): Illuminate\\Pipeline\\Pipeline->{closure:{closure:Illuminate\\Pipeline\\Pipeline::carry():194}:195}(Object(Illuminate\\Http\\Request))\n#31 F:\\EasyRyde\\backend\\vendor\\laravel\\framework\\src\\Illuminate\\Routing\\Router.php(821): Illuminate\\Pipeline\\Pipeline->then(Object(Closure))\n#32 F:\\EasyRyde\\backend\\vendor\\laravel\\framework\\src\\Illuminate\\Routing\\Router.php(800): Illuminate\\Routing\\Router->runRouteWithinStack(Object(Illuminate\\Routing\\Route), Object(Illuminate\\Http\\Request))\n#33 F:\\EasyRyde\\backend\\vendor\\laravel\\framework\\src\\Illuminate\\Routing\\Router.php(764): Illuminate\\Routing\\Router->runRoute(Object(Illuminate\\Http\\Request), Object(Illuminate\\Routing\\Route))\n#34 F:\\EasyRyde\\backend\\vendor\\laravel\\framework\\src\\Illuminate\\Routing\\Router.php(753): Illuminate\\Routing\\Router->dispatchToRoute(Object(Illuminate\\Http\\Request))\n#35 F:\\EasyRyde\\backend\\vendor\\laravel\\framework\\src\\Illuminate\\Foundation\\Http\\Kernel.php(200): Illuminate\\Routing\\Router->dispatch(Object(Illuminate\\Http\\Request))\n#36 F:\\EasyRyde\\backend\\vendor\\laravel\\framework\\src\\Illuminate\\Pipeline\\Pipeline.php(180): Illuminate\\Foundation\\Http\\Kernel->{closure:Illuminate\\Foundation\\Http\\Kernel::dispatchToRouter():197}(Object(Illuminate\\Http\\Request))\n#37 F:\\EasyRyde\\backend\\vendor\\laravel\\framework\\src\\Illuminate\\Foundation\\Http\\Middleware\\TransformsRequest.php(21): Illuminate\\Pipeline\\Pipeline->{closure:Illuminate\\Pipeline\\Pipeline::prepareDestination():178}(Object(Illuminate\\Http\\Request))\n#38 F:\\EasyRyde\\backend\\vendor\\laravel\\framework\\src\\Illuminate\\Foundation\\Http\\Middleware\\ConvertEmptyStringsToNull.php(31): Illuminate\\Foundation\\Http\\Middleware\\TransformsRequest->handle(Object(Illuminate\\Http\\Request), Object(Closure))\n#39 F:\\EasyRyde\\backend\\vendor\\laravel\\framework\\src\\Illuminate\\Pipeline\\Pipeline.php(219): Illuminate\\Foundation\\Http\\Middleware\\ConvertEmptyStringsToNull->handle(Object(Illuminate\\Http\\Request), Object(Closure))\n#40 F:\\EasyRyde\\backend\\vendor\\laravel\\framework\\src\\Illuminate\\Foundation\\Http\\Middleware\\TransformsRequest.php(21): Illuminate\\Pipeline\\Pipeline->{closure:{closure:Illuminate\\Pipeline\\Pipeline::carry():194}:195}(Object(Illuminate\\Http\\Request))\n#41 F:\\EasyRyde\\backend\\vendor\\laravel\\framework\\src\\Illuminate\\Foundation\\Http\\Middleware\\TrimStrings.php(51): Illuminate\\Foundation\\Http\\Middleware\\TransformsRequest->handle(Object(Illuminate\\Http\\Request), Object(Closure))\n#42 F:\\EasyRyde\\backend\\vendor\\laravel\\framework\\src\\Illuminate\\Pipeline\\Pipeline.php(219): Illuminate\\Foundation\\Http\\Middleware\\TrimStrings->handle(Object(Illuminate\\Http\\Request), Object(Closure))\n#43 F:\\EasyRyde\\backend\\vendor\\laravel\\framework\\src\\Illuminate\\Http\\Middleware\\ValidatePostSize.php(27): Illuminate\\Pipeline\\Pipeline->{closure:{closure:Illuminate\\Pipeline\\Pipeline::carry():194}:195}(Object(Illuminate\\Http\\Request))\n#44 F:\\EasyRyde\\backend\\vendor\\laravel\\framework\\src\\Illuminate\\Pipeline\\Pipeline.php(219): Illuminate\\Http\\Middleware\\ValidatePostSize->handle(Object(Illuminate\\Http\\Request), Object(Closure))\n#45 F:\\EasyRyde\\backend\\vendor\\laravel\\framework\\src\\Illuminate\\Foundation\\Http\\Middleware\\PreventRequestsDuringMaintenance.php(109): Illuminate\\Pipeline\\Pipeline->{closure:{closure:Illuminate\\Pipeline\\Pipeline::carry():194}:195}(Object(Illuminate\\Http\\Request))\n#46 F:\\EasyRyde\\backend\\vendor\\laravel\\framework\\src\\Illuminate\\Pipeline\\Pipeline.php(219): Illuminate\\Foundation\\Http\\Middleware\\PreventRequestsDuringMaintenance->handle(Object(Illuminate\\Http\\Request), Object(Closure))\n#47 F:\\EasyRyde\\backend\\vendor\\laravel\\framework\\src\\Illuminate\\Http\\Middleware\\HandleCors.php(74): Illuminate\\Pipeline\\Pipeline->{closure:{closure:Illuminate\\Pipeline\\Pipeline::carry():194}:195}(Object(Illuminate\\Http\\Request))\n#48 F:\\EasyRyde\\backend\\vendor\\laravel\\framework\\src\\Illuminate\\Pipeline\\Pipeline.php(219): Illuminate\\Http\\Middleware\\HandleCors->handle(Object(Illuminate\\Http\\Request), Object(Closure))\n#49 F:\\EasyRyde\\backend\\vendor\\laravel\\framework\\src\\Illuminate\\Http\\Middleware\\TrustProxies.php(58): Illuminate\\Pipeline\\Pipeline->{closure:{closure:Illuminate\\Pipeline\\Pipeline::carry():194}:195}(Object(Illuminate\\Http\\Request))\n#50 F:\\EasyRyde\\backend\\vendor\\laravel\\framework\\src\\Illuminate\\Pipeline\\Pipeline.php(219): Illuminate\\Http\\Middleware\\TrustProxies->handle(Object(Illuminate\\Http\\Request), Object(Closure))\n#51 F:\\EasyRyde\\backend\\vendor\\laravel\\framework\\src\\Illuminate\\Foundation\\Http\\Middleware\\InvokeDeferredCallbacks.php(22): Illuminate\\Pipeline\\Pipeline->{closure:{closure:Illuminate\\Pipeline\\Pipeline::carry():194}:195}(Object(Illuminate\\Http\\Request))\n#52 F:\\EasyRyde\\backend\\vendor\\laravel\\framework\\src\\Illuminate\\Pipeline\\Pipeline.php(219): Illuminate\\Foundation\\Http\\Middleware\\InvokeDeferredCallbacks->handle(Object(Illuminate\\Http\\Request), Object(Closure))\n#53 F:\\EasyRyde\\backend\\vendor\\laravel\\framework\\src\\Illuminate\\Http\\Middleware\\ValidatePathEncoding.php(28): Illuminate\\Pipeline\\Pipeline->{closure:{closure:Illuminate\\Pipeline\\Pipeline::carry():194}:195}(Object(Illuminate\\Http\\Request))\n#54 F:\\EasyRyde\\backend\\vendor\\laravel\\framework\\src\\Illuminate\\Pipeline\\Pipeline.php(219): Illuminate\\Http\\Middleware\\ValidatePathEncoding->handle(Object(Illuminate\\Http\\Request), Object(Closure))\n#55 F:\\EasyRyde\\backend\\vendor\\laravel\\framework\\src\\Illuminate\\Pipeline\\Pipeline.php(137): Illuminate\\Pipeline\\Pipeline->{closure:{closure:Illuminate\\Pipeline\\Pipeline::carry():194}:195}(Object(Illuminate\\Http\\Request))\n#56 F:\\EasyRyde\\backend\\vendor\\laravel\\framework\\src\\Illuminate\\Foundation\\Http\\Kernel.php(175): Illuminate\\Pipeline\\Pipeline->then(Object(Closure))\n#57 F:\\EasyRyde\\backend\\vendor\\laravel\\framework\\src\\Illuminate\\Foundation\\Http\\Kernel.php(144): Illuminate\\Foundation\\Http\\Kernel->sendRequestThroughRouter(Object(Illuminate\\Http\\Request))\n#58 F:\\EasyRyde\\backend\\vendor\\laravel\\framework\\src\\Illuminate\\Foundation\\Testing\\Concerns\\MakesHttpRequests.php(607): Illuminate\\Foundation\\Http\\Kernel->handle(Object(Illuminate\\Http\\Request))\n#59 F:\\EasyRyde\\backend\\vendor\\laravel\\framework\\src\\Illuminate\\Foundation\\Testing\\Concerns\\MakesHttpRequests.php(573): Illuminate\\Foundation\\Testing\\TestCase->call('POST', '/api/v1/webhook...', Array, Array, Array, Array, '[\"invalid\"]')\n#60 F:\\EasyRyde\\backend\\vendor\\laravel\\framework\\src\\Illuminate\\Foundation\\Testing\\Concerns\\MakesHttpRequests.php(411): Illuminate\\Foundation\\Testing\\TestCase->json('POST', '/api/v1/webhook...', Array, Array, 0)\n#61 F:\\EasyRyde\\backend\\tests\\Feature\\WebhookApiTest.php(63): Illuminate\\Foundation\\Testing\\TestCase->postJson('/api/v1/webhook...', Array)\n#62 F:\\EasyRyde\\backend\\vendor\\phpunit\\phpunit\\src\\Framework\\TestCase.php(1318): Tests\\Feature\\WebhookApiTest->test_webhook_rejects_invalid_payload()\n#63 F:\\EasyRyde\\backend\\vendor\\phpunit\\phpunit\\src\\Framework\\TestCase.php(1355): PHPUnit\\Framework\\TestCase->invokeTestMethod('test_webhook_re...', Array)\n#64 F:\\EasyRyde\\backend\\vendor\\phpunit\\phpunit\\src\\Framework\\TestCase.php(521): PHPUnit\\Framework\\TestCase->runTest()\n#65 F:\\EasyRyde\\backend\\vendor\\phpunit\\phpunit\\src\\Framework\\TestRunner\\TestRunner.php(99): PHPUnit\\Framework\\TestCase->runBare()\n#66 F:\\EasyRyde\\backend\\vendor\\phpunit\\phpunit\\src\\Framework\\TestCase.php(361): PHPUnit\\Framework\\TestRunner->run(Object(Tests\\Feature\\WebhookApiTest))\n#67 F:\\EasyRyde\\backend\\vendor\\phpunit\\phpunit\\src\\Framework\\TestSuite.php(374): PHPUnit\\Framework\\TestCase->run()\n#68 F:\\EasyRyde\\backend\\vendor\\phpunit\\phpunit\\src\\Framework\\TestSuite.php(374): PHPUnit\\Framework\\TestSuite->run()\n#69 F:\\EasyRyde\\backend\\vendor\\phpunit\\phpunit\\src\\Framework\\TestSuite.php(374): PHPUnit\\Framework\\TestSuite->run()\n#70 F:\\EasyRyde\\backend\\vendor\\phpunit\\phpunit\\src\\TextUI\\TestRunner.php(64): PHPUnit\\Framework\\TestSuite->run()\n#71 F:\\EasyRyde\\backend\\vendor\\phpunit\\phpunit\\src\\TextUI\\Application.php(229): PHPUnit\\TextUI\\TestRunner->run(Object(PHPUnit\\TextUI\\Configuration\\Configuration), Object(PHPUnit\\Runner\\ResultCache\\DefaultResultCache), Object(PHPUnit\\Framework\\TestSuite))\n#72 F:\\EasyRyde\\backend\\vendor\\phpunit\\phpunit\\phpunit(104): PHPUnit\\TextUI\\Application->run(Array)\n#73 F:\\EasyRyde\\backend\\vendor\\bin\\phpunit(122): include('F:\\\\EasyRyde\\\\bac...')\n#74 {main}\n\n----------------------------------------------------------------------------------\n\nClass \"Stripe\\StripeClient\" not found"},{"test":"Tests\\Feature\\WebhookApiTest::test_twilio_webhook_accepts_status_callback","file":"F:\\EasyRyde\\backend\\tests\\Feature\\WebhookApiTest.php","line":67,"message":"Expected response status code [200] but received 404.\nFailed asserting that 404 is identical to 200."}],"errors":16,"error_details":[{"test":"Tests\\Unit\\DeliveryServiceTest::test_creates_delivery_record","file":"F:\\EasyRyde\\backend\\tests\\Unit\\DeliveryServiceTest.php","line":14,"message":"SQLSTATE[23000]: Integrity constraint violation: 19 NOT NULL constraint failed: deliveries.tenant_id (Connection: sqlite, Database: :memory:, SQL: insert into \"deliveries\" (\"pickup_address\", \"dropoff_address\", \"status\", \"id\", \"updated_at\", \"created_at\") values (123 Main St, 456 Oak Ave, pending, 019ed319-faae-7378-9a8e-1f0170272c5b, 2026-06-17 01:02:35, 2026-06-17 01:02:35))"},{"test":"Tests\\Unit\\PromoCodeServiceTest::test_apply_discount_flat_returns_correct_amount","file":"F:\\EasyRyde\\backend\\tests\\Unit\\PromoCodeServiceTest.php","line":21,"message":"round(): Argument #1 ($num) must be of type int|float, string given"},{"test":"Tests\\Unit\\PromoCodeServiceTest::test_apply_discount_percentage_returns_correct_amount","file":"F:\\EasyRyde\\backend\\tests\\Unit\\PromoCodeServiceTest.php","line":36,"message":"SQLSTATE[HY000]: General error: 1 table promo_codes has no column named max_discount (Connection: sqlite, Database: :memory:, SQL: insert into \"promo_codes\" (\"tenant_id\", \"code\", \"type\", \"value\", \"is_active\", \"starts_at\", \"expires_at\", \"max_discount\", \"id\", \"updated_at\", \"created_at\") values (019ed31a-0e24-72c4-8f6c-4261eeb0feda, JYPAYB, percentage, 10, 1, 2026-06-16 01:02:40, 2026-07-17 01:02:40, 50, 019ed31a-0e26-7132-886a-710a28eea3f3, 2026-06-17 01:02:40, 2026-06-17 01:02:40))"},{"test":"Tests\\Unit\\PushNotificationServiceTest::test_send_does_not_throw_for_user_without_tokens","file":"F:\\EasyRyde\\backend\\tests\\Unit\\PushNotificationServiceTest.php","line":17,"message":"SQLSTATE[HY000]: General error: 1 no such table: tenants (Connection: sqlite, Database: :memory:, SQL: insert into \"tenants\" (\"name\", \"slug\", \"id\", \"updated_at\", \"created_at\") values (Powlowski, Jacobson and Johnston, voluptatem, 019ed31a-0e5c-71e3-b74d-f98edc5135ae, 2026-06-17 01:02:40, 2026-06-17 01:02:40))"},{"test":"Tests\\Unit\\RatingServiceTest::test_get_driver_rating_returns_zero_for_new_driver","file":"F:\\EasyRyde\\backend\\tests\\Unit\\RatingServiceTest.php","line":17,"message":"SQLSTATE[HY000]: General error: 1 no such table: tenants (Connection: sqlite, Database: :memory:, SQL: insert into \"tenants\" (\"name\", \"slug\", \"id\", \"updated_at\", \"created_at\") values (Bartoletti-Schuster, corrupti, 019ed31a-0eb8-71c8-bd3e-f21b10a23b9b, 2026-06-17 01:02:40, 2026-06-17 01:02:40))"},{"test":"Tests\\Unit\\RatingServiceTest::test_get_rider_rating_returns_zero_for_new_rider","file":"F:\\EasyRyde\\backend\\tests\\Unit\\RatingServiceTest.php","line":25,"message":"SQLSTATE[HY000]: General error: 1 no such table: tenants (Connection: sqlite, Database: :memory:, SQL: insert into \"tenants\" (\"name\", \"slug\", \"id\", \"updated_at\", \"created_at\") values (Blanda, Christiansen and Walker, officiis-ab, 019ed31a-0ecc-7033-ac1e-583ffb521370, 2026-06-17 01:02:40, 2026-06-17 01:02:40))"},{"test":"Tests\\Unit\\RefundServiceTest::test_reject_refund_updates_status","file":"F:\\EasyRyde\\backend\\tests\\Unit\\RefundServiceTest.php","line":26,"message":"SQLSTATE[23000]: Integrity constraint violation: 19 FOREIGN KEY constraint failed (Connection: sqlite, Database: :memory:, SQL: update \"refund_requests\" set \"status\" = rejected, \"admin_id\" = admin-uuid, \"admin_notes\" = Not eligible, \"updated_at\" = 2026-06-17 01:02:41 where \"id\" = 019ed31a-103b-7044-9eff-054c2ad890ff)"},{"test":"Tests\\Unit\\SurgePricingServiceTest::test_get_current_surge_returns_default_when_no_demand","file":"F:\\EasyRyde\\backend\\tests\\Unit\\SurgePricingServiceTest.php","line":16,"message":"SQLSTATE[HY000]: General error: 1 no such table: rides (Connection: sqlite, Database: :memory:, SQL: select count(*) as \"aggregate\" from \"rides\" where \"status\" = searching and \"pickup_latitude\" between -23.991766080296 and -23.901833919704 and \"pickup_longitude\" between 29.423398815841 and 29.521801184159)"},{"test":"Tests\\Feature\\ChatTest::test_rider_can_get_messages","file":"F:\\EasyRyde\\backend\\tests\\Feature\\ChatTest.php","line":59,"message":"Class \"App\\Models\\RideChatMessage\" not found"},{"test":"Tests\\Feature\\ChatTest::test_rider_can_mark_messages_read","file":"F:\\EasyRyde\\backend\\tests\\Feature\\ChatTest.php","line":130,"message":"Class \"App\\Models\\RideChatMessage\" not found"},{"test":"Tests\\Feature\\ChatTest::test_rider_can_get_unread_count","file":"F:\\EasyRyde\\backend\\tests\\Feature\\ChatTest.php","line":165,"message":"Class \"App\\Models\\RideChatMessage\" not found"},{"test":"Tests\\Feature\\DeliveryTest::test_rider_can_get_delivery_history","file":"F:\\EasyRyde\\backend\\tests\\Feature\\DeliveryTest.php","line":50,"message":"SQLSTATE[23000]: Integrity constraint violation: 19 NOT NULL constraint failed: deliveries.tenant_id (Connection: sqlite, Database: :memory:, SQL: insert into \"deliveries\" (\"sender_id\", \"status\", \"pickup_address\", \"dropoff_address\", \"item_description\", \"id\", \"updated_at\", \"created_at\") values (019ed31a-1869-70e4-95c3-d1806fc2ae66, delivered, 123 Main St, 456 Oak Ave, Package, 019ed31a-186a-7232-8fbc-c1ee881ed75d, 2026-06-17 01:02:43, 2026-06-17 01:02:43))"},{"test":"Tests\\Feature\\DeliveryTest::test_driver_can_get_nearby_deliveries","file":"F:\\EasyRyde\\backend\\tests\\Feature\\DeliveryTest.php","line":75,"message":"SQLSTATE[23000]: Integrity constraint violation: 19 NOT NULL constraint failed: deliveries.tenant_id (Connection: sqlite, Database: :memory:, SQL: insert into \"deliveries\" (\"sender_id\", \"status\", \"pickup_address\", \"dropoff_address\", \"item_description\", \"id\", \"updated_at\", \"created_at\") values (019ed31a-1884-71b3-a8de-6978f3a9774f, pending, 123 Main St, 456 Oak Ave, Package, 019ed31a-1884-71b3-a8de-6978f439d463, 2026-06-17 01:02:43, 2026-06-17 01:02:43))"},{"test":"Tests\\Feature\\DeliveryTest::test_rider_can_get_single_delivery","file":"F:\\EasyRyde\\backend\\tests\\Feature\\DeliveryTest.php","line":120,"message":"SQLSTATE[23000]: Integrity constraint violation: 19 NOT NULL constraint failed: deliveries.tenant_id (Connection: sqlite, Database: :memory:, SQL: insert into \"deliveries\" (\"sender_id\", \"status\", \"pickup_address\", \"dropoff_address\", \"item_description\", \"id\", \"updated_at\", \"created_at\") values (019ed31a-18b3-7285-b64b-ca6dbbe95d42, pending, 123 Main St, 456 Oak Ave, Package, 019ed31a-18b5-73fd-8346-fcdcafebee22, 2026-06-17 01:02:43, 2026-06-17 01:02:43))"},{"test":"Tests\\Feature\\DeliveryTest::test_driver_can_assign_delivery","file":"F:\\EasyRyde\\backend\\tests\\Feature\\DeliveryTest.php","line":145,"message":"SQLSTATE[23000]: Integrity constraint violation: 19 NOT NULL constraint failed: deliveries.tenant_id (Connection: sqlite, Database: :memory:, SQL: insert into \"deliveries\" (\"sender_id\", \"status\", \"pickup_address\", \"dropoff_address\", \"item_description\", \"id\", \"updated_at\", \"created_at\") values (019ed31a-18cf-7254-930b-7c6a4613f6df, pending, 123 Main St, 456 Oak Ave, Package, 019ed31a-18d0-70c7-a00a-86894c5ae7fc, 2026-06-17 01:02:43, 2026-06-17 01:02:43))"},{"test":"Tests\\Feature\\WalletTest::test_rider_can_get_transactions","file":"F:\\EasyRyde\\backend\\tests\\Feature\\WalletTest.php","line":40,"message":"SQLSTATE[23000]: Integrity constraint violation: 19 NOT NULL constraint failed: wallet_transactions.balance_before (Connection: sqlite, Database: :memory:, SQL: insert into \"wallet_transactions\" (\"wallet_id\", \"type\", \"amount\", \"description\", \"id\", \"updated_at\", \"created_at\") values (019ed31a-2824-7277-8306-1f1698da61b5, credit, 100, Deposit, 019ed31a-2824-7277-8306-1f1698fb1570, 2026-06-17 01:02:47, 2026-06-17 01:02:47))"}],"skipped":4,"incomplete":3}
